PREHOOK: query: explain cbo
select sum (ss_quantity)
 from store_sales, store, customer_demographics, customer_address, date_dim
 where s_store_sk = ss_store_sk
 and  ss_sold_date_sk = d_date_sk and d_year = 1998
 and  
 (
  (
   cd_demo_sk = ss_cdemo_sk
   and 
   cd_marital_status = 'M'
   and 
   cd_education_status = '4 yr Degree'
   and 
   ss_sales_price between 100.00 and 150.00  
   )
 or
  (
  cd_demo_sk = ss_cdemo_sk
   and 
   cd_marital_status = 'M'
   and 
   cd_education_status = '4 yr Degree'
   and 
   ss_sales_price between 50.00 and 100.00   
  )
 or 
 (
  cd_demo_sk = ss_cdemo_sk
  and 
   cd_marital_status = 'M'
   and 
   cd_education_status = '4 yr Degree'
   and 
   ss_sales_price between 150.00 and 200.00  
 )
 )
 and
 (
  (
  ss_addr_sk = ca_address_sk
  and
  ca_country = 'United States'
  and
  ca_state in ('KY', 'GA', 'NM')
  and ss_net_profit between 0 and 2000  
  )
 or
  (ss_addr_sk = ca_address_sk
  and
  ca_country = 'United States'
  and
  ca_state in ('MT', 'OR', 'IN')
  and ss_net_profit between 150 and 3000 
  )
 or
  (ss_addr_sk = ca_address_sk
  and
  ca_country = 'United States'
  and
  ca_state in ('WI', 'MO', 'WV')
  and ss_net_profit between 50 and 25000 
  )
 )
PREHOOK: type: QUERY
PREHOOK: Input: default@customer_address
PREHOOK: Input: default@customer_demographics
PREHOOK: Input: default@date_dim
PREHOOK: Input: default@store
PREHOOK: Input: default@store_sales
PREHOOK: Output: hdfs://### HDFS PATH ###
POSTHOOK: query: explain cbo
select sum (ss_quantity)
 from store_sales, store, customer_demographics, customer_address, date_dim
 where s_store_sk = ss_store_sk
 and  ss_sold_date_sk = d_date_sk and d_year = 1998
 and  
 (
  (
   cd_demo_sk = ss_cdemo_sk
   and 
   cd_marital_status = 'M'
   and 
   cd_education_status = '4 yr Degree'
   and 
   ss_sales_price between 100.00 and 150.00  
   )
 or
  (
  cd_demo_sk = ss_cdemo_sk
   and 
   cd_marital_status = 'M'
   and 
   cd_education_status = '4 yr Degree'
   and 
   ss_sales_price between 50.00 and 100.00   
  )
 or 
 (
  cd_demo_sk = ss_cdemo_sk
  and 
   cd_marital_status = 'M'
   and 
   cd_education_status = '4 yr Degree'
   and 
   ss_sales_price between 150.00 and 200.00  
 )
 )
 and
 (
  (
  ss_addr_sk = ca_address_sk
  and
  ca_country = 'United States'
  and
  ca_state in ('KY', 'GA', 'NM')
  and ss_net_profit between 0 and 2000  
  )
 or
  (ss_addr_sk = ca_address_sk
  and
  ca_country = 'United States'
  and
  ca_state in ('MT', 'OR', 'IN')
  and ss_net_profit between 150 and 3000 
  )
 or
  (ss_addr_sk = ca_address_sk
  and
  ca_country = 'United States'
  and
  ca_state in ('WI', 'MO', 'WV')
  and ss_net_profit between 50 and 25000 
  )
 )
POSTHOOK: type: QUERY
POSTHOOK: Input: default@customer_address
POSTHOOK: Input: default@customer_demographics
POSTHOOK: Input: default@date_dim
POSTHOOK: Input: default@store
POSTHOOK: Input: default@store_sales
POSTHOOK: Output: hdfs://### HDFS PATH ###
CBO PLAN:
HiveAggregate(group=[{}], agg#0=[sum($11)])
  HiveJoin(condition=[=($0, $10)], joinType=[inner], algorithm=[none], cost=[not available])
    HiveProject(s_store_sk=[$0])
      HiveFilter(condition=[IS NOT NULL($0)])
        HiveTableScan(table=[[default, store]], table:alias=[store])
    HiveJoin(condition=[AND(=($8, $0), OR(AND(OR(=($1, _UTF-16LE'KY'), =($1, _UTF-16LE'GA'), =($1, _UTF-16LE'NM')), BETWEEN(false, $12, 0, 2000)), AND(OR(=($1, _UTF-16LE'MT'), =($1, _UTF-16LE'OR'), =($1, _UTF-16LE'IN')), BETWEEN(false, $12, 150, 3000)), AND(OR(=($1, _UTF-16LE'WI'), =($1, _UTF-16LE'MO'), =($1, _UTF-16LE'WV')), BETWEEN(false, $12, 50, 25000))))], joinType=[inner], algorithm=[none], cost=[not available])
      HiveProject(ca_address_sk=[$0], ca_state=[$8], ca_country=[CAST(_UTF-16LE'United States'):VARCHAR(2147483647) CHARACTER SET "UTF-16LE" COLLATE "ISO-8859-1$en_US$primary"])
        HiveFilter(condition=[AND(=($10, _UTF-16LE'United States'), IS NOT NULL($0))])
          HiveTableScan(table=[[default, customer_address]], table:alias=[customer_address])
      HiveJoin(condition=[=($0, $4)], joinType=[inner], algorithm=[none], cost=[not available])
        HiveProject(cd_demo_sk=[$0], cd_marital_status=[CAST(_UTF-16LE'M'):VARCHAR(2147483647) CHARACTER SET "UTF-16LE" COLLATE "ISO-8859-1$en_US$primary"], cd_education_status=[CAST(_UTF-16LE'4 yr Degree'):VARCHAR(2147483647) CHARACTER SET "UTF-16LE" COLLATE "ISO-8859-1$en_US$primary"])
          HiveFilter(condition=[AND(=($2, _UTF-16LE'M'), =($3, _UTF-16LE'4 yr Degree'), IS NOT NULL($0))])
            HiveTableScan(table=[[default, customer_demographics]], table:alias=[customer_demographics])
        HiveJoin(condition=[=($0, $7)], joinType=[inner], algorithm=[none], cost=[not available])
          HiveProject(ss_sold_date_sk=[$0], ss_cdemo_sk=[$4], ss_addr_sk=[$6], ss_store_sk=[$7], ss_quantity=[$10], ss_sales_price=[$13], ss_net_profit=[$22])
            HiveFilter(condition=[AND(OR(BETWEEN(false, $13, 100, 150), BETWEEN(false, $13, 50, 100), BETWEEN(false, $13, 150, 200)), IS NOT NULL($7), IS NOT NULL($4), IS NOT NULL($6), IS NOT NULL($0))])
              HiveTableScan(table=[[default, store_sales]], table:alias=[store_sales])
          HiveProject(d_date_sk=[$0], d_year=[CAST(1998):INTEGER])
            HiveFilter(condition=[AND(=($6, 1998), IS NOT NULL($0))])
              HiveTableScan(table=[[default, date_dim]], table:alias=[date_dim])

