Warning: Shuffle Join MERGEJOIN[404][tables = [$hdt$_4, $hdt$_5]] in Stage 'Reducer 25' is a cross product
PREHOOK: query: explain
with ss_items as
 (select i_item_id item_id
        ,sum(ss_ext_sales_price) ss_item_rev 
 from store_sales
     ,item
     ,date_dim
 where ss_item_sk = i_item_sk
   and d_date in (select d_date
                  from date_dim
                  where d_week_seq = (select d_week_seq 
                                      from date_dim
                                      where d_date = '1998-02-19'))
   and ss_sold_date_sk   = d_date_sk
 group by i_item_id),
 cs_items as
 (select i_item_id item_id
        ,sum(cs_ext_sales_price) cs_item_rev
  from catalog_sales
      ,item
      ,date_dim
 where cs_item_sk = i_item_sk
  and  d_date in (select d_date
                  from date_dim
                  where d_week_seq = (select d_week_seq 
                                      from date_dim
                                      where d_date = '1998-02-19'))
  and  cs_sold_date_sk = d_date_sk
 group by i_item_id),
 ws_items as
 (select i_item_id item_id
        ,sum(ws_ext_sales_price) ws_item_rev
  from web_sales
      ,item
      ,date_dim
 where ws_item_sk = i_item_sk
  and  d_date in (select d_date
                  from date_dim
                  where d_week_seq =(select d_week_seq 
                                     from date_dim
                                     where d_date = '1998-02-19'))
  and ws_sold_date_sk   = d_date_sk
 group by i_item_id)
  select  ss_items.item_id
       ,ss_item_rev
       ,ss_item_rev/(ss_item_rev+cs_item_rev+ws_item_rev)/3 * 100 ss_dev
       ,cs_item_rev
       ,cs_item_rev/(ss_item_rev+cs_item_rev+ws_item_rev)/3 * 100 cs_dev
       ,ws_item_rev
       ,ws_item_rev/(ss_item_rev+cs_item_rev+ws_item_rev)/3 * 100 ws_dev
       ,(ss_item_rev+cs_item_rev+ws_item_rev)/3 average
 from ss_items,cs_items,ws_items
 where ss_items.item_id=cs_items.item_id
   and ss_items.item_id=ws_items.item_id 
   and ss_item_rev between 0.9 * cs_item_rev and 1.1 * cs_item_rev
   and ss_item_rev between 0.9 * ws_item_rev and 1.1 * ws_item_rev
   and cs_item_rev between 0.9 * ss_item_rev and 1.1 * ss_item_rev
   and cs_item_rev between 0.9 * ws_item_rev and 1.1 * ws_item_rev
   and ws_item_rev between 0.9 * ss_item_rev and 1.1 * ss_item_rev
   and ws_item_rev between 0.9 * cs_item_rev and 1.1 * cs_item_rev
 order by item_id
         ,ss_item_rev
 limit 100
PREHOOK: type: QUERY
PREHOOK: Input: default@catalog_sales
PREHOOK: Input: default@date_dim
PREHOOK: Input: default@item
PREHOOK: Input: default@store_sales
PREHOOK: Input: default@web_sales
PREHOOK: Output: hdfs://### HDFS PATH ###
POSTHOOK: query: explain
with ss_items as
 (select i_item_id item_id
        ,sum(ss_ext_sales_price) ss_item_rev 
 from store_sales
     ,item
     ,date_dim
 where ss_item_sk = i_item_sk
   and d_date in (select d_date
                  from date_dim
                  where d_week_seq = (select d_week_seq 
                                      from date_dim
                                      where d_date = '1998-02-19'))
   and ss_sold_date_sk   = d_date_sk
 group by i_item_id),
 cs_items as
 (select i_item_id item_id
        ,sum(cs_ext_sales_price) cs_item_rev
  from catalog_sales
      ,item
      ,date_dim
 where cs_item_sk = i_item_sk
  and  d_date in (select d_date
                  from date_dim
                  where d_week_seq = (select d_week_seq 
                                      from date_dim
                                      where d_date = '1998-02-19'))
  and  cs_sold_date_sk = d_date_sk
 group by i_item_id),
 ws_items as
 (select i_item_id item_id
        ,sum(ws_ext_sales_price) ws_item_rev
  from web_sales
      ,item
      ,date_dim
 where ws_item_sk = i_item_sk
  and  d_date in (select d_date
                  from date_dim
                  where d_week_seq =(select d_week_seq 
                                     from date_dim
                                     where d_date = '1998-02-19'))
  and ws_sold_date_sk   = d_date_sk
 group by i_item_id)
  select  ss_items.item_id
       ,ss_item_rev
       ,ss_item_rev/(ss_item_rev+cs_item_rev+ws_item_rev)/3 * 100 ss_dev
       ,cs_item_rev
       ,cs_item_rev/(ss_item_rev+cs_item_rev+ws_item_rev)/3 * 100 cs_dev
       ,ws_item_rev
       ,ws_item_rev/(ss_item_rev+cs_item_rev+ws_item_rev)/3 * 100 ws_dev
       ,(ss_item_rev+cs_item_rev+ws_item_rev)/3 average
 from ss_items,cs_items,ws_items
 where ss_items.item_id=cs_items.item_id
   and ss_items.item_id=ws_items.item_id 
   and ss_item_rev between 0.9 * cs_item_rev and 1.1 * cs_item_rev
   and ss_item_rev between 0.9 * ws_item_rev and 1.1 * ws_item_rev
   and cs_item_rev between 0.9 * ss_item_rev and 1.1 * ss_item_rev
   and cs_item_rev between 0.9 * ws_item_rev and 1.1 * ws_item_rev
   and ws_item_rev between 0.9 * ss_item_rev and 1.1 * ss_item_rev
   and ws_item_rev between 0.9 * cs_item_rev and 1.1 * cs_item_rev
 order by item_id
         ,ss_item_rev
 limit 100
POSTHOOK: type: QUERY
POSTHOOK: Input: default@catalog_sales
POSTHOOK: Input: default@date_dim
POSTHOOK: Input: default@item
POSTHOOK: Input: default@store_sales
POSTHOOK: Input: default@web_sales
POSTHOOK: Output: hdfs://### HDFS PATH ###
Plan optimized by CBO.

Vertex dependency in root stage
Map 1 <- Reducer 20 (BROADCAST_EDGE), Reducer 9 (BROADCAST_EDGE)
Map 29 <- Reducer 13 (BROADCAST_EDGE), Reducer 21 (BROADCAST_EDGE)
Map 30 <- Reducer 17 (BROADCAST_EDGE), Reducer 22 (BROADCAST_EDGE)
Reducer 10 <- Map 29 (SIMPLE_EDGE), Map 8 (SIMPLE_EDGE)
Reducer 11 <- Reducer 10 (SIMPLE_EDGE), Reducer 19 (SIMPLE_EDGE)
Reducer 12 <- Reducer 11 (SIMPLE_EDGE)
Reducer 13 <- Map 8 (CUSTOM_SIMPLE_EDGE)
Reducer 14 <- Map 30 (SIMPLE_EDGE), Map 8 (SIMPLE_EDGE)
Reducer 15 <- Reducer 14 (SIMPLE_EDGE), Reducer 19 (SIMPLE_EDGE)
Reducer 16 <- Reducer 15 (SIMPLE_EDGE)
Reducer 17 <- Map 8 (CUSTOM_SIMPLE_EDGE)
Reducer 19 <- Map 18 (SIMPLE_EDGE), Reducer 27 (ONE_TO_ONE_EDGE)
Reducer 2 <- Map 1 (SIMPLE_EDGE), Map 8 (SIMPLE_EDGE)
Reducer 20 <- Reducer 19 (CUSTOM_SIMPLE_EDGE)
Reducer 21 <- Reducer 19 (CUSTOM_SIMPLE_EDGE)
Reducer 22 <- Reducer 19 (CUSTOM_SIMPLE_EDGE)
Reducer 24 <- Map 23 (CUSTOM_SIMPLE_EDGE)
Reducer 25 <- Map 28 (CUSTOM_SIMPLE_EDGE), Reducer 24 (CUSTOM_SIMPLE_EDGE)
Reducer 26 <- Map 28 (SIMPLE_EDGE), Reducer 25 (SIMPLE_EDGE)
Reducer 27 <- Reducer 26 (SIMPLE_EDGE)
Reducer 3 <- Reducer 19 (SIMPLE_EDGE), Reducer 2 (SIMPLE_EDGE)
Reducer 4 <- Reducer 3 (SIMPLE_EDGE)
Reducer 5 <- Reducer 12 (ONE_TO_ONE_EDGE), Reducer 4 (ONE_TO_ONE_EDGE)
Reducer 6 <- Reducer 16 (ONE_TO_ONE_EDGE), Reducer 5 (ONE_TO_ONE_EDGE)
Reducer 7 <- Reducer 6 (SIMPLE_EDGE)
Reducer 9 <- Map 8 (CUSTOM_SIMPLE_EDGE)

Stage-0
  Fetch Operator
    limit:100
    Stage-1
      Reducer 7 vectorized
      File Output Operator [FS_482]
        Limit [LIM_481] (rows=100 width=135)
          Number of rows:100
          Select Operator [SEL_480] (rows=14606 width=135)
            Output:["_col0","_col1","_col2","_col3","_col4","_col5","_col6","_col7"]
          <-Reducer 6 [SIMPLE_EDGE]
            SHUFFLE [RS_163]
              Select Operator [SEL_162] (rows=14606 width=135)
                Output:["_col0","_col1","_col2","_col3","_col4","_col5","_col6","_col7"]
                Filter Operator [FIL_158] (rows=14606 width=135)
                  predicate:(_col1 BETWEEN (0.9 * _col5) AND (1.1 * _col5) and _col3 BETWEEN (0.9 * _col5) AND (1.1 * _col5) and _col5 BETWEEN (0.9 * _col1) AND (1.1 * _col1) and _col5 BETWEEN (0.9 * _col3) AND (1.1 * _col3))
                  Merge Join Operator [MERGEJOIN_419] (rows=95833780 width=135)
                    Conds:RS_155._col0=RS_479._col0(Inner),Output:["_col0","_col1","_col3","_col5"]
                  <-Reducer 16 [ONE_TO_ONE_EDGE] vectorized
                    FORWARD [RS_479]
                      PartitionCols:_col0
                      Group By Operator [GBY_478] (rows=87121617 width=135)
                        Output:["_col0","_col1"],aggregations:["sum(VALUE._col0)"],keys:KEY._col0
                      <-Reducer 15 [SIMPLE_EDGE]
                        SHUFFLE [RS_147]
                          PartitionCols:_col0
                          Group By Operator [GBY_146] (rows=174243235 width=135)
                            Output:["_col0","_col1"],aggregations:["sum(_col2)"],keys:_col4
                            Merge Join Operator [MERGEJOIN_417] (rows=174243235 width=135)
                              Conds:RS_142._col0=RS_143._col0(Inner),Output:["_col2","_col4"]
                            <-Reducer 19 [SIMPLE_EDGE]
                              SHUFFLE [RS_143]
                                PartitionCols:_col0
                                Merge Join Operator [MERGEJOIN_406] (rows=80353 width=1119)
                                  Conds:RS_438._col1=RS_454._col0(Inner),Output:["_col0"]
                                <-Map 18 [SIMPLE_EDGE] vectorized
                                  SHUFFLE [RS_438]
                                    PartitionCols:_col1
                                    Select Operator [SEL_437] (rows=73049 width=1119)
                                      Output:["_col0","_col1"]
                                      Filter Operator [FIL_436] (rows=73049 width=1119)
                                        predicate:(d_date is not null and d_date_sk is not null)
                                        TableScan [TS_6] (rows=73049 width=1119)
                                          default@date_dim,date_dim,Tbl:COMPLETE,Col:NONE,Output:["d_date_sk","d_date"]
                                <-Reducer 27 [ONE_TO_ONE_EDGE] vectorized
                                  FORWARD [RS_454]
                                    PartitionCols:_col0
                                    Group By Operator [GBY_453] (rows=40176 width=1119)
                                      Output:["_col0"],keys:KEY._col0
                                    <-Reducer 26 [SIMPLE_EDGE]
                                      SHUFFLE [RS_32]
                                        PartitionCols:_col0
                                        Group By Operator [GBY_31] (rows=80353 width=1119)
                                          Output:["_col0"],keys:_col2
                                          Merge Join Operator [MERGEJOIN_405] (rows=80353 width=1119)
                                            Conds:RS_27._col1=RS_451._col1(Inner),Output:["_col2"]
                                          <-Map 28 [SIMPLE_EDGE] vectorized
                                            SHUFFLE [RS_451]
                                              PartitionCols:_col1
                                              Select Operator [SEL_449] (rows=73049 width=1119)
                                                Output:["_col0","_col1"]
                                                Filter Operator [FIL_447] (rows=73049 width=1119)
                                                  predicate:(d_date is not null and d_week_seq is not null)
                                                  TableScan [TS_21] (rows=73049 width=1119)
                                                    default@date_dim,date_dim,Tbl:COMPLETE,Col:NONE,Output:["d_date","d_week_seq"]
                                          <-Reducer 25 [SIMPLE_EDGE]
                                            SHUFFLE [RS_27]
                                              PartitionCols:_col1
                                              Merge Join Operator [MERGEJOIN_404] (rows=36524 width=1128)
                                                Conds:(Inner),Output:["_col1"]
                                              <-Map 28 [CUSTOM_SIMPLE_EDGE] vectorized
                                                SHUFFLE [RS_452]
                                                  Select Operator [SEL_450] (rows=36524 width=1119)
                                                    Output:["_col0"]
                                                    Filter Operator [FIL_448] (rows=36524 width=1119)
                                                      predicate:((d_date = '1998-02-19') and d_week_seq is not null)
                                                       Please refer to the previous TableScan [TS_21]
                                              <-Reducer 24 [CUSTOM_SIMPLE_EDGE] vectorized
                                                PARTITION_ONLY_SHUFFLE [RS_446]
                                                  Select Operator [SEL_445] (rows=1 width=8)
                                                    Filter Operator [FIL_444] (rows=1 width=8)
                                                      predicate:(sq_count_check(_col0) <= 1)
                                                      Group By Operator [GBY_443] (rows=1 width=8)
                                                        Output:["_col0"],aggregations:["count(VALUE._col0)"]
                                                      <-Map 23 [CUSTOM_SIMPLE_EDGE] vectorized
                                                        PARTITION_ONLY_SHUFFLE [RS_442]
                                                          Group By Operator [GBY_441] (rows=1 width=8)
                                                            Output:["_col0"],aggregations:["count()"]
                                                            Select Operator [SEL_440] (rows=36524 width=1119)
                                                              Filter Operator [FIL_439] (rows=36524 width=1119)
                                                                predicate:(d_date = '1998-02-19')
                                                                TableScan [TS_9] (rows=73049 width=1119)
                                                                  default@date_dim,date_dim,Tbl:COMPLETE,Col:NONE,Output:["d_date"]
                            <-Reducer 14 [SIMPLE_EDGE]
                              SHUFFLE [RS_142]
                                PartitionCols:_col0
                                Merge Join Operator [MERGEJOIN_411] (rows=158402938 width=135)
                                  Conds:RS_477._col1=RS_426._col0(Inner),Output:["_col0","_col2","_col4"]
                                <-Map 8 [SIMPLE_EDGE] vectorized
                                  PARTITION_ONLY_SHUFFLE [RS_426]
                                    PartitionCols:_col0
                                    Select Operator [SEL_421] (rows=462000 width=1436)
                                      Output:["_col0","_col1"]
                                      Filter Operator [FIL_420] (rows=462000 width=1436)
                                        predicate:(i_item_id is not null and i_item_sk is not null)
                                        TableScan [TS_3] (rows=462000 width=1436)
                                          default@item,item,Tbl:COMPLETE,Col:NONE,Output:["i_item_sk","i_item_id"]
                                <-Map 30 [SIMPLE_EDGE] vectorized
                                  SHUFFLE [RS_477]
                                    PartitionCols:_col1
                                    Select Operator [SEL_476] (rows=144002668 width=135)
                                      Output:["_col0","_col1","_col2"]
                                      Filter Operator [FIL_475] (rows=144002668 width=135)
                                        predicate:((ws_item_sk BETWEEN DynamicValue(RS_140_item_i_item_sk_min) AND DynamicValue(RS_140_item_i_item_sk_max) and in_bloom_filter(ws_item_sk, DynamicValue(RS_140_item_i_item_sk_bloom_filter))) and (ws_sold_date_sk BETWEEN DynamicValue(RS_143_date_dim_d_date_sk_min) AND DynamicValue(RS_143_date_dim_d_date_sk_max) and in_bloom_filter(ws_sold_date_sk, DynamicValue(RS_143_date_dim_d_date_sk_bloom_filter))) and ws_item_sk is not null and ws_sold_date_sk is not null)
                                        TableScan [TS_100] (rows=144002668 width=135)
                                          default@web_sales,web_sales,Tbl:COMPLETE,Col:NONE,Output:["ws_sold_date_sk","ws_item_sk","ws_ext_sales_price"]
                                        <-Reducer 17 [BROADCAST_EDGE] vectorized
                                          BROADCAST [RS_472]
                                            Group By Operator [GBY_471] (rows=1 width=12)
                                              Output:["_col0","_col1","_col2"],aggregations:["min(VALUE._col0)","max(VALUE._col1)","bloom_filter(VALUE._col2, expectedEntries=1000000)"]
                                            <-Map 8 [CUSTOM_SIMPLE_EDGE] vectorized
                                              PARTITION_ONLY_SHUFFLE [RS_433]
                                                Group By Operator [GBY_430] (rows=1 width=12)
                                                  Output:["_col0","_col1","_col2"],aggregations:["min(_col0)","max(_col0)","bloom_filter(_col0, expectedEntries=1000000)"]
                                                  Select Operator [SEL_427] (rows=462000 width=1436)
                                                    Output:["_col0"]
                                                     Please refer to the previous Select Operator [SEL_421]
                                        <-Reducer 22 [BROADCAST_EDGE] vectorized
                                          BROADCAST [RS_474]
                                            Group By Operator [GBY_473] (rows=1 width=12)
                                              Output:["_col0","_col1","_col2"],aggregations:["min(VALUE._col0)","max(VALUE._col1)","bloom_filter(VALUE._col2, expectedEntries=1000000)"]
                                            <-Reducer 19 [CUSTOM_SIMPLE_EDGE]
                                              SHUFFLE [RS_363]
                                                Group By Operator [GBY_362] (rows=1 width=12)
                                                  Output:["_col0","_col1","_col2"],aggregations:["min(_col0)","max(_col0)","bloom_filter(_col0, expectedEntries=1000000)"]
                                                  Select Operator [SEL_361] (rows=80353 width=1119)
                                                    Output:["_col0"]
                                                     Please refer to the previous Merge Join Operator [MERGEJOIN_406]
                  <-Reducer 5 [ONE_TO_ONE_EDGE]
                    FORWARD [RS_155]
                      PartitionCols:_col0
                      Filter Operator [FIL_153] (rows=4732408 width=88)
                        predicate:(_col1 BETWEEN (0.9 * _col3) AND (1.1 * _col3) and _col3 BETWEEN (0.9 * _col1) AND (1.1 * _col1))
                        Merge Join Operator [MERGEJOIN_418] (rows=383325119 width=88)
                          Conds:RS_461._col0=RS_470._col0(Inner),Output:["_col0","_col1","_col3"]
                        <-Reducer 12 [ONE_TO_ONE_EDGE] vectorized
                          FORWARD [RS_470]
                            PartitionCols:_col0
                            Group By Operator [GBY_469] (rows=348477374 width=88)
                              Output:["_col0","_col1"],aggregations:["sum(VALUE._col0)"],keys:KEY._col0
                            <-Reducer 11 [SIMPLE_EDGE]
                              SHUFFLE [RS_97]
                                PartitionCols:_col0
                                Group By Operator [GBY_96] (rows=696954748 width=88)
                                  Output:["_col0","_col1"],aggregations:["sum(_col2)"],keys:_col4
                                  Merge Join Operator [MERGEJOIN_416] (rows=696954748 width=88)
                                    Conds:RS_92._col0=RS_93._col0(Inner),Output:["_col2","_col4"]
                                  <-Reducer 19 [SIMPLE_EDGE]
                                    SHUFFLE [RS_93]
                                      PartitionCols:_col0
                                       Please refer to the previous Merge Join Operator [MERGEJOIN_406]
                                  <-Reducer 10 [SIMPLE_EDGE]
                                    SHUFFLE [RS_92]
                                      PartitionCols:_col0
                                      Merge Join Operator [MERGEJOIN_407] (rows=633595212 width=88)
                                        Conds:RS_468._col1=RS_424._col0(Inner),Output:["_col0","_col2","_col4"]
                                      <-Map 8 [SIMPLE_EDGE] vectorized
                                        PARTITION_ONLY_SHUFFLE [RS_424]
                                          PartitionCols:_col0
                                           Please refer to the previous Select Operator [SEL_421]
                                      <-Map 29 [SIMPLE_EDGE] vectorized
                                        SHUFFLE [RS_468]
                                          PartitionCols:_col1
                                          Select Operator [SEL_467] (rows=575995635 width=88)
                                            Output:["_col0","_col1","_col2"]
                                            Filter Operator [FIL_466] (rows=575995635 width=88)
                                              predicate:((ss_item_sk BETWEEN DynamicValue(RS_90_item_i_item_sk_min) AND DynamicValue(RS_90_item_i_item_sk_max) and in_bloom_filter(ss_item_sk, DynamicValue(RS_90_item_i_item_sk_bloom_filter))) and (ss_sold_date_sk BETWEEN DynamicValue(RS_93_date_dim_d_date_sk_min) AND DynamicValue(RS_93_date_dim_d_date_sk_max) and in_bloom_filter(ss_sold_date_sk, DynamicValue(RS_93_date_dim_d_date_sk_bloom_filter))) and ss_item_sk is not null and ss_sold_date_sk is not null)
                                              TableScan [TS_50] (rows=575995635 width=88)
                                                default@store_sales,store_sales,Tbl:COMPLETE,Col:NONE,Output:["ss_sold_date_sk","ss_item_sk","ss_ext_sales_price"]
                                              <-Reducer 13 [BROADCAST_EDGE] vectorized
                                                BROADCAST [RS_463]
                                                  Group By Operator [GBY_462] (rows=1 width=12)
                                                    Output:["_col0","_col1","_col2"],aggregations:["min(VALUE._col0)","max(VALUE._col1)","bloom_filter(VALUE._col2, expectedEntries=1000000)"]
                                                  <-Map 8 [CUSTOM_SIMPLE_EDGE] vectorized
                                                    PARTITION_ONLY_SHUFFLE [RS_432]
                                                      Group By Operator [GBY_429] (rows=1 width=12)
                                                        Output:["_col0","_col1","_col2"],aggregations:["min(_col0)","max(_col0)","bloom_filter(_col0, expectedEntries=1000000)"]
                                                        Select Operator [SEL_425] (rows=462000 width=1436)
                                                          Output:["_col0"]
                                                           Please refer to the previous Select Operator [SEL_421]
                                              <-Reducer 21 [BROADCAST_EDGE] vectorized
                                                BROADCAST [RS_465]
                                                  Group By Operator [GBY_464] (rows=1 width=12)
                                                    Output:["_col0","_col1","_col2"],aggregations:["min(VALUE._col0)","max(VALUE._col1)","bloom_filter(VALUE._col2, expectedEntries=1000000)"]
                                                  <-Reducer 19 [CUSTOM_SIMPLE_EDGE]
                                                    SHUFFLE [RS_317]
                                                      Group By Operator [GBY_316] (rows=1 width=12)
                                                        Output:["_col0","_col1","_col2"],aggregations:["min(_col0)","max(_col0)","bloom_filter(_col0, expectedEntries=1000000)"]
                                                        Select Operator [SEL_315] (rows=80353 width=1119)
                                                          Output:["_col0"]
                                                           Please refer to the previous Merge Join Operator [MERGEJOIN_406]
                        <-Reducer 4 [ONE_TO_ONE_EDGE] vectorized
                          FORWARD [RS_461]
                            PartitionCols:_col0
                            Group By Operator [GBY_460] (rows=174233858 width=135)
                              Output:["_col0","_col1"],aggregations:["sum(VALUE._col0)"],keys:KEY._col0
                            <-Reducer 3 [SIMPLE_EDGE]
                              SHUFFLE [RS_47]
                                PartitionCols:_col0
                                Group By Operator [GBY_46] (rows=348467716 width=135)
                                  Output:["_col0","_col1"],aggregations:["sum(_col2)"],keys:_col4
                                  Merge Join Operator [MERGEJOIN_415] (rows=348467716 width=135)
                                    Conds:RS_42._col0=RS_43._col0(Inner),Output:["_col2","_col4"]
                                  <-Reducer 19 [SIMPLE_EDGE]
                                    SHUFFLE [RS_43]
                                      PartitionCols:_col0
                                       Please refer to the previous Merge Join Operator [MERGEJOIN_406]
                                  <-Reducer 2 [SIMPLE_EDGE]
                                    SHUFFLE [RS_42]
                                      PartitionCols:_col0
                                      Merge Join Operator [MERGEJOIN_403] (rows=316788826 width=135)
                                        Conds:RS_459._col1=RS_422._col0(Inner),Output:["_col0","_col2","_col4"]
                                      <-Map 8 [SIMPLE_EDGE] vectorized
                                        PARTITION_ONLY_SHUFFLE [RS_422]
                                          PartitionCols:_col0
                                           Please refer to the previous Select Operator [SEL_421]
                                      <-Map 1 [SIMPLE_EDGE] vectorized
                                        SHUFFLE [RS_459]
                                          PartitionCols:_col1
                                          Select Operator [SEL_458] (rows=287989836 width=135)
                                            Output:["_col0","_col1","_col2"]
                                            Filter Operator [FIL_457] (rows=287989836 width=135)
                                              predicate:((cs_item_sk BETWEEN DynamicValue(RS_40_item_i_item_sk_min) AND DynamicValue(RS_40_item_i_item_sk_max) and in_bloom_filter(cs_item_sk, DynamicValue(RS_40_item_i_item_sk_bloom_filter))) and (cs_sold_date_sk BETWEEN DynamicValue(RS_43_date_dim_d_date_sk_min) AND DynamicValue(RS_43_date_dim_d_date_sk_max) and in_bloom_filter(cs_sold_date_sk, DynamicValue(RS_43_date_dim_d_date_sk_bloom_filter))) and cs_item_sk is not null and cs_sold_date_sk is not null)
                                              TableScan [TS_0] (rows=287989836 width=135)
                                                default@catalog_sales,catalog_sales,Tbl:COMPLETE,Col:NONE,Output:["cs_sold_date_sk","cs_item_sk","cs_ext_sales_price"]
                                              <-Reducer 20 [BROADCAST_EDGE] vectorized
                                                BROADCAST [RS_456]
                                                  Group By Operator [GBY_455] (rows=1 width=12)
                                                    Output:["_col0","_col1","_col2"],aggregations:["min(VALUE._col0)","max(VALUE._col1)","bloom_filter(VALUE._col2, expectedEntries=1000000)"]
                                                  <-Reducer 19 [CUSTOM_SIMPLE_EDGE]
                                                    SHUFFLE [RS_267]
                                                      Group By Operator [GBY_266] (rows=1 width=12)
                                                        Output:["_col0","_col1","_col2"],aggregations:["min(_col0)","max(_col0)","bloom_filter(_col0, expectedEntries=1000000)"]
                                                        Select Operator [SEL_265] (rows=80353 width=1119)
                                                          Output:["_col0"]
                                                           Please refer to the previous Merge Join Operator [MERGEJOIN_406]
                                              <-Reducer 9 [BROADCAST_EDGE] vectorized
                                                BROADCAST [RS_435]
                                                  Group By Operator [GBY_434] (rows=1 width=12)
                                                    Output:["_col0","_col1","_col2"],aggregations:["min(VALUE._col0)","max(VALUE._col1)","bloom_filter(VALUE._col2, expectedEntries=1000000)"]
                                                  <-Map 8 [CUSTOM_SIMPLE_EDGE] vectorized
                                                    PARTITION_ONLY_SHUFFLE [RS_431]
                                                      Group By Operator [GBY_428] (rows=1 width=12)
                                                        Output:["_col0","_col1","_col2"],aggregations:["min(_col0)","max(_col0)","bloom_filter(_col0, expectedEntries=1000000)"]
                                                        Select Operator [SEL_423] (rows=462000 width=1436)
                                                          Output:["_col0"]
                                                           Please refer to the previous Select Operator [SEL_421]

