PREHOOK: query: drop table floor_udf
PREHOOK: type: DROPTABLE
POSTHOOK: query: drop table floor_udf
POSTHOOK: type: DROPTABLE
PREHOOK: query: create table floor_udf (t timestamp)
PREHOOK: type: CREATETABLE
PREHOOK: Output: database:default
PREHOOK: Output: default@floor_udf
POSTHOOK: query: create table floor_udf (t timestamp)
POSTHOOK: type: CREATETABLE
POSTHOOK: Output: database:default
POSTHOOK: Output: default@floor_udf
PREHOOK: query: from (select * from src tablesample (1 rows)) s
  insert overwrite table floor_udf
    select '2011-05-06 07:08:09.1234567'
PREHOOK: type: QUERY
PREHOOK: Input: default@src
PREHOOK: Output: default@floor_udf
POSTHOOK: query: from (select * from src tablesample (1 rows)) s
  insert overwrite table floor_udf
    select '2011-05-06 07:08:09.1234567'
POSTHOOK: type: QUERY
POSTHOOK: Input: default@src
POSTHOOK: Output: default@floor_udf
POSTHOOK: Lineage: floor_udf.t EXPRESSION []
PREHOOK: query: select t
from floor_udf
PREHOOK: type: QUERY
PREHOOK: Input: default@floor_udf
#### A masked pattern was here ####
POSTHOOK: query: select t
from floor_udf
POSTHOOK: type: QUERY
POSTHOOK: Input: default@floor_udf
#### A masked pattern was here ####
2011-05-06 07:08:09.1234567
PREHOOK: query: explain
select floor_day(t)
from floor_udf
PREHOOK: type: QUERY
POSTHOOK: query: explain
select floor_day(t)
from floor_udf
POSTHOOK: type: QUERY
STAGE DEPENDENCIES:
  Stage-1 is a root stage
  Stage-0 depends on stages: Stage-1

STAGE PLANS:
  Stage: Stage-1
    Map Reduce
      Map Operator Tree:
          TableScan
            alias: floor_udf
            Statistics: Num rows: 1 Data size: 27 Basic stats: COMPLETE Column stats: NONE
            Select Operator
              expressions: floor_day(t) (type: timestamp)
              outputColumnNames: _col0
              Statistics: Num rows: 1 Data size: 27 Basic stats: COMPLETE Column stats: NONE
              File Output Operator
                compressed: false
                Statistics: Num rows: 1 Data size: 27 Basic stats: COMPLETE Column stats: NONE
                table:
                    input format: org.apache.hadoop.mapred.SequenceFileInputFormat
                    output format: org.apache.hadoop.hive.ql.io.HiveSequenceFileOutputFormat
                    serde: org.apache.hadoop.hive.serde2.lazy.LazySimpleSerDe

  Stage: Stage-0
    Fetch Operator
      limit: -1
      Processor Tree:
        ListSink

PREHOOK: query: select floor_day(t)
from floor_udf
PREHOOK: type: QUERY
PREHOOK: Input: default@floor_udf
#### A masked pattern was here ####
POSTHOOK: query: select floor_day(t)
from floor_udf
POSTHOOK: type: QUERY
POSTHOOK: Input: default@floor_udf
#### A masked pattern was here ####
2011-05-06 00:00:00
PREHOOK: query: -- new syntax
explain
select floor(t to day)
from floor_udf
PREHOOK: type: QUERY
POSTHOOK: query: -- new syntax
explain
select floor(t to day)
from floor_udf
POSTHOOK: type: QUERY
STAGE DEPENDENCIES:
  Stage-1 is a root stage
  Stage-0 depends on stages: Stage-1

STAGE PLANS:
  Stage: Stage-1
    Map Reduce
      Map Operator Tree:
          TableScan
            alias: floor_udf
            Statistics: Num rows: 1 Data size: 27 Basic stats: COMPLETE Column stats: NONE
            Select Operator
              expressions: floor_day(t) (type: timestamp)
              outputColumnNames: _col0
              Statistics: Num rows: 1 Data size: 27 Basic stats: COMPLETE Column stats: NONE
              File Output Operator
                compressed: false
                Statistics: Num rows: 1 Data size: 27 Basic stats: COMPLETE Column stats: NONE
                table:
                    input format: org.apache.hadoop.mapred.SequenceFileInputFormat
                    output format: org.apache.hadoop.hive.ql.io.HiveSequenceFileOutputFormat
                    serde: org.apache.hadoop.hive.serde2.lazy.LazySimpleSerDe

  Stage: Stage-0
    Fetch Operator
      limit: -1
      Processor Tree:
        ListSink

PREHOOK: query: select floor(t to day)
from floor_udf
PREHOOK: type: QUERY
PREHOOK: Input: default@floor_udf
#### A masked pattern was here ####
POSTHOOK: query: select floor(t to day)
from floor_udf
POSTHOOK: type: QUERY
POSTHOOK: Input: default@floor_udf
#### A masked pattern was here ####
2011-05-06 00:00:00
PREHOOK: query: select floor(t to second)
from floor_udf
PREHOOK: type: QUERY
PREHOOK: Input: default@floor_udf
#### A masked pattern was here ####
POSTHOOK: query: select floor(t to second)
from floor_udf
POSTHOOK: type: QUERY
POSTHOOK: Input: default@floor_udf
#### A masked pattern was here ####
2011-05-06 07:08:09
PREHOOK: query: select floor(t to minute)
from floor_udf
PREHOOK: type: QUERY
PREHOOK: Input: default@floor_udf
#### A masked pattern was here ####
POSTHOOK: query: select floor(t to minute)
from floor_udf
POSTHOOK: type: QUERY
POSTHOOK: Input: default@floor_udf
#### A masked pattern was here ####
2011-05-06 07:08:00
PREHOOK: query: select floor(t to hour)
from floor_udf
PREHOOK: type: QUERY
PREHOOK: Input: default@floor_udf
#### A masked pattern was here ####
POSTHOOK: query: select floor(t to hour)
from floor_udf
POSTHOOK: type: QUERY
POSTHOOK: Input: default@floor_udf
#### A masked pattern was here ####
2011-05-06 07:00:00
PREHOOK: query: select floor(t to week)
from floor_udf
PREHOOK: type: QUERY
PREHOOK: Input: default@floor_udf
#### A masked pattern was here ####
POSTHOOK: query: select floor(t to week)
from floor_udf
POSTHOOK: type: QUERY
POSTHOOK: Input: default@floor_udf
#### A masked pattern was here ####
2011-05-02 00:00:00
PREHOOK: query: select floor(t to month)
from floor_udf
PREHOOK: type: QUERY
PREHOOK: Input: default@floor_udf
#### A masked pattern was here ####
POSTHOOK: query: select floor(t to month)
from floor_udf
POSTHOOK: type: QUERY
POSTHOOK: Input: default@floor_udf
#### A masked pattern was here ####
2011-05-01 00:00:00
PREHOOK: query: select floor(t to quarter)
from floor_udf
PREHOOK: type: QUERY
PREHOOK: Input: default@floor_udf
#### A masked pattern was here ####
POSTHOOK: query: select floor(t to quarter)
from floor_udf
POSTHOOK: type: QUERY
POSTHOOK: Input: default@floor_udf
#### A masked pattern was here ####
2011-04-01 00:00:00
PREHOOK: query: select floor(t to year)
from floor_udf
PREHOOK: type: QUERY
PREHOOK: Input: default@floor_udf
#### A masked pattern was here ####
POSTHOOK: query: select floor(t to year)
from floor_udf
POSTHOOK: type: QUERY
POSTHOOK: Input: default@floor_udf
#### A masked pattern was here ####
2011-01-01 00:00:00
