PREHOOK: query: explain
with year_total as (
 select c_customer_id customer_id
       ,c_first_name customer_first_name
       ,c_last_name customer_last_name
       ,c_preferred_cust_flag
       ,c_birth_country customer_birth_country
       ,c_login customer_login
       ,c_email_address customer_email_address
       ,d_year dyear
       ,sum(ss_ext_list_price-ss_ext_discount_amt) year_total
       ,'s' sale_type
 from customer
     ,store_sales
     ,date_dim
 where c_customer_sk = ss_customer_sk
   and ss_sold_date_sk = d_date_sk
 group by c_customer_id
         ,c_first_name
         ,c_last_name
         ,d_year
         ,c_preferred_cust_flag
         ,c_birth_country
         ,c_login
         ,c_email_address
         ,d_year 
 union all
 select c_customer_id customer_id
       ,c_first_name customer_first_name
       ,c_last_name customer_last_name
       ,c_preferred_cust_flag
       ,c_birth_country customer_birth_country
       ,c_login customer_login
       ,c_email_address customer_email_address
       ,d_year dyear
       ,sum(ws_ext_list_price-ws_ext_discount_amt) year_total
       ,'w' sale_type
 from customer
     ,web_sales
     ,date_dim
 where c_customer_sk = ws_bill_customer_sk
   and ws_sold_date_sk = d_date_sk
 group by c_customer_id
         ,c_first_name
         ,c_last_name
         ,c_preferred_cust_flag
         ,c_birth_country
         ,c_login
         ,c_email_address
         ,d_year
         )
  select  t_s_secyear.c_preferred_cust_flag
 from year_total t_s_firstyear
     ,year_total t_s_secyear
     ,year_total t_w_firstyear
     ,year_total t_w_secyear
 where t_s_secyear.customer_id = t_s_firstyear.customer_id
         and t_s_firstyear.customer_id = t_w_secyear.customer_id
         and t_s_firstyear.customer_id = t_w_firstyear.customer_id
         and t_s_firstyear.sale_type = 's'
         and t_w_firstyear.sale_type = 'w'
         and t_s_secyear.sale_type = 's'
         and t_w_secyear.sale_type = 'w'
         and t_s_firstyear.dyear = 2001
         and t_s_secyear.dyear = 2001+1
         and t_w_firstyear.dyear = 2001
         and t_w_secyear.dyear = 2001+1
         and t_s_firstyear.year_total > 0
         and t_w_firstyear.year_total > 0
         and case when t_w_firstyear.year_total > 0 then t_w_secyear.year_total / t_w_firstyear.year_total else null end
             > case when t_s_firstyear.year_total > 0 then t_s_secyear.year_total / t_s_firstyear.year_total else null end
 order by t_s_secyear.c_preferred_cust_flag
limit 100
PREHOOK: type: QUERY
PREHOOK: Input: default@customer
PREHOOK: Input: default@date_dim
PREHOOK: Input: default@store_sales
PREHOOK: Input: default@web_sales
PREHOOK: Output: hdfs://### HDFS PATH ###
POSTHOOK: query: explain
with year_total as (
 select c_customer_id customer_id
       ,c_first_name customer_first_name
       ,c_last_name customer_last_name
       ,c_preferred_cust_flag
       ,c_birth_country customer_birth_country
       ,c_login customer_login
       ,c_email_address customer_email_address
       ,d_year dyear
       ,sum(ss_ext_list_price-ss_ext_discount_amt) year_total
       ,'s' sale_type
 from customer
     ,store_sales
     ,date_dim
 where c_customer_sk = ss_customer_sk
   and ss_sold_date_sk = d_date_sk
 group by c_customer_id
         ,c_first_name
         ,c_last_name
         ,d_year
         ,c_preferred_cust_flag
         ,c_birth_country
         ,c_login
         ,c_email_address
         ,d_year 
 union all
 select c_customer_id customer_id
       ,c_first_name customer_first_name
       ,c_last_name customer_last_name
       ,c_preferred_cust_flag
       ,c_birth_country customer_birth_country
       ,c_login customer_login
       ,c_email_address customer_email_address
       ,d_year dyear
       ,sum(ws_ext_list_price-ws_ext_discount_amt) year_total
       ,'w' sale_type
 from customer
     ,web_sales
     ,date_dim
 where c_customer_sk = ws_bill_customer_sk
   and ws_sold_date_sk = d_date_sk
 group by c_customer_id
         ,c_first_name
         ,c_last_name
         ,c_preferred_cust_flag
         ,c_birth_country
         ,c_login
         ,c_email_address
         ,d_year
         )
  select  t_s_secyear.c_preferred_cust_flag
 from year_total t_s_firstyear
     ,year_total t_s_secyear
     ,year_total t_w_firstyear
     ,year_total t_w_secyear
 where t_s_secyear.customer_id = t_s_firstyear.customer_id
         and t_s_firstyear.customer_id = t_w_secyear.customer_id
         and t_s_firstyear.customer_id = t_w_firstyear.customer_id
         and t_s_firstyear.sale_type = 's'
         and t_w_firstyear.sale_type = 'w'
         and t_s_secyear.sale_type = 's'
         and t_w_secyear.sale_type = 'w'
         and t_s_firstyear.dyear = 2001
         and t_s_secyear.dyear = 2001+1
         and t_w_firstyear.dyear = 2001
         and t_w_secyear.dyear = 2001+1
         and t_s_firstyear.year_total > 0
         and t_w_firstyear.year_total > 0
         and case when t_w_firstyear.year_total > 0 then t_w_secyear.year_total / t_w_firstyear.year_total else null end
             > case when t_s_firstyear.year_total > 0 then t_s_secyear.year_total / t_s_firstyear.year_total else null end
 order by t_s_secyear.c_preferred_cust_flag
limit 100
POSTHOOK: type: QUERY
POSTHOOK: Input: default@customer
POSTHOOK: Input: default@date_dim
POSTHOOK: Input: default@store_sales
POSTHOOK: Input: default@web_sales
POSTHOOK: Output: hdfs://### HDFS PATH ###
Plan optimized by CBO.

Vertex dependency in root stage
Map 1 <- Reducer 8 (BROADCAST_EDGE)
Map 26 <- Reducer 18 (BROADCAST_EDGE), Reducer 25 (BROADCAST_EDGE)
Map 27 <- Reducer 22 (BROADCAST_EDGE)
Map 28 <- Reducer 13 (BROADCAST_EDGE), Reducer 24 (BROADCAST_EDGE)
Reducer 10 <- Map 23 (SIMPLE_EDGE), Reducer 9 (SIMPLE_EDGE)
Reducer 11 <- Reducer 10 (SIMPLE_EDGE)
Reducer 12 <- Reducer 11 (SIMPLE_EDGE), Reducer 17 (ONE_TO_ONE_EDGE)
Reducer 13 <- Map 7 (CUSTOM_SIMPLE_EDGE)
Reducer 14 <- Map 26 (SIMPLE_EDGE), Map 7 (SIMPLE_EDGE)
Reducer 15 <- Map 23 (SIMPLE_EDGE), Reducer 14 (SIMPLE_EDGE)
Reducer 16 <- Reducer 15 (SIMPLE_EDGE)
Reducer 17 <- Reducer 16 (SIMPLE_EDGE), Reducer 21 (SIMPLE_EDGE)
Reducer 18 <- Map 7 (CUSTOM_SIMPLE_EDGE)
Reducer 19 <- Map 27 (SIMPLE_EDGE), Map 7 (SIMPLE_EDGE)
Reducer 2 <- Map 1 (SIMPLE_EDGE), Map 7 (SIMPLE_EDGE)
Reducer 20 <- Map 23 (SIMPLE_EDGE), Reducer 19 (SIMPLE_EDGE)
Reducer 21 <- Reducer 20 (SIMPLE_EDGE)
Reducer 22 <- Map 7 (CUSTOM_SIMPLE_EDGE)
Reducer 24 <- Map 23 (CUSTOM_SIMPLE_EDGE)
Reducer 25 <- Map 23 (CUSTOM_SIMPLE_EDGE)
Reducer 3 <- Map 23 (SIMPLE_EDGE), Reducer 2 (SIMPLE_EDGE)
Reducer 4 <- Reducer 3 (SIMPLE_EDGE)
Reducer 5 <- Reducer 12 (ONE_TO_ONE_EDGE), Reducer 4 (SIMPLE_EDGE)
Reducer 6 <- Reducer 5 (SIMPLE_EDGE)
Reducer 8 <- Map 7 (CUSTOM_SIMPLE_EDGE)
Reducer 9 <- Map 28 (SIMPLE_EDGE), Map 7 (SIMPLE_EDGE)

Stage-0
  Fetch Operator
    limit:100
    Stage-1
      Reducer 6 vectorized
      File Output Operator [FS_358]
        Limit [LIM_357] (rows=100 width=88)
          Number of rows:100
          Select Operator [SEL_356] (rows=210828820 width=88)
            Output:["_col0"]
          <-Reducer 5 [SIMPLE_EDGE]
            SHUFFLE [RS_90]
              Select Operator [SEL_89] (rows=210828820 width=88)
                Output:["_col0"]
                Filter Operator [FIL_88] (rows=210828820 width=88)
                  predicate:CASE WHEN (_col5) THEN (CASE WHEN (_col6) THEN (((_col1 / _col4) > _col7)) ELSE (_col8) END) ELSE (CASE WHEN (_col6) THEN (((_col1 / _col4) > null)) ELSE (null) END) END
                  Merge Join Operator [MERGEJOIN_282] (rows=421657640 width=88)
                    Conds:RS_323._col0=RS_86._col0(Inner),Output:["_col1","_col3","_col4","_col5","_col6","_col7","_col8"]
                  <-Reducer 12 [ONE_TO_ONE_EDGE]
                    FORWARD [RS_86]
                      PartitionCols:_col0
                      Select Operator [SEL_84] (rows=383325119 width=88)
                        Output:["_col0","_col1","_col2","_col3","_col4","_col5","_col6"]
                        Merge Join Operator [MERGEJOIN_281] (rows=383325119 width=88)
                          Conds:RS_81._col0=RS_333._col0(Inner),Output:["_col0","_col1","_col2","_col4","_col5","_col7","_col8"]
                        <-Reducer 11 [SIMPLE_EDGE] vectorized
                          SHUFFLE [RS_333]
                            PartitionCols:_col0
                            Select Operator [SEL_332] (rows=348477374 width=88)
                              Output:["_col0","_col1","_col2"]
                              Group By Operator [GBY_331] (rows=348477374 width=88)
                                Output:["_col0","_col1","_col2","_col3","_col4","_col5","_col6","_col7"],aggregations:["sum(VALUE._col0)"],keys:KEY._col0, KEY._col1, KEY._col2, KEY._col3, KEY._col4, KEY._col5, KEY._col6
                              <-Reducer 10 [SIMPLE_EDGE]
                                SHUFFLE [RS_75]
                                  PartitionCols:_col0, _col1, _col2, _col3, _col4, _col5, _col6
                                  Group By Operator [GBY_74] (rows=696954748 width=88)
                                    Output:["_col0","_col1","_col2","_col3","_col4","_col5","_col6","_col7"],aggregations:["sum(_col2)"],keys:_col5, _col6, _col7, _col8, _col9, _col10, _col11
                                    Merge Join Operator [MERGEJOIN_279] (rows=696954748 width=88)
                                      Conds:RS_70._col1=RS_312._col0(Inner),Output:["_col2","_col5","_col6","_col7","_col8","_col9","_col10","_col11"]
                                    <-Map 23 [SIMPLE_EDGE] vectorized
                                      SHUFFLE [RS_312]
                                        PartitionCols:_col0
                                        Select Operator [SEL_310] (rows=80000000 width=860)
                                          Output:["_col0","_col1","_col2","_col3","_col4","_col5","_col6","_col7"]
                                          TableScan [TS_6] (rows=80000000 width=860)
                                            default@customer,customer,Tbl:COMPLETE,Col:NONE,Output:["c_customer_sk","c_customer_id","c_first_name","c_last_name","c_preferred_cust_flag","c_birth_country","c_login","c_email_address"]
                                    <-Reducer 9 [SIMPLE_EDGE]
                                      SHUFFLE [RS_70]
                                        PartitionCols:_col1
                                        Merge Join Operator [MERGEJOIN_278] (rows=633595212 width=88)
                                          Conds:RS_330._col0=RS_291._col0(Inner),Output:["_col1","_col2"]
                                        <-Map 7 [SIMPLE_EDGE] vectorized
                                          SHUFFLE [RS_291]
                                            PartitionCols:_col0
                                            Select Operator [SEL_286] (rows=36524 width=1119)
                                              Output:["_col0"]
                                              Filter Operator [FIL_283] (rows=36524 width=1119)
                                                predicate:(d_year = 2002)
                                                TableScan [TS_3] (rows=73049 width=1119)
                                                  default@date_dim,date_dim,Tbl:COMPLETE,Col:NONE,Output:["d_date_sk","d_year"]
                                        <-Map 28 [SIMPLE_EDGE] vectorized
                                          SHUFFLE [RS_330]
                                            PartitionCols:_col0
                                            Select Operator [SEL_329] (rows=575995635 width=88)
                                              Output:["_col0","_col1","_col2"]
                                              Filter Operator [FIL_328] (rows=575995635 width=88)
                                                predicate:((ss_customer_sk BETWEEN DynamicValue(RS_71_customer_c_customer_sk_min) AND DynamicValue(RS_71_customer_c_customer_sk_max) and in_bloom_filter(ss_customer_sk, DynamicValue(RS_71_customer_c_customer_sk_bloom_filter))) and (ss_sold_date_sk BETWEEN DynamicValue(RS_68_date_dim_d_date_sk_min) AND DynamicValue(RS_68_date_dim_d_date_sk_max) and in_bloom_filter(ss_sold_date_sk, DynamicValue(RS_68_date_dim_d_date_sk_bloom_filter))) and ss_customer_sk is not null and ss_sold_date_sk is not null)
                                                TableScan [TS_59] (rows=575995635 width=88)
                                                  default@store_sales,store_sales,Tbl:COMPLETE,Col:NONE,Output:["ss_sold_date_sk","ss_customer_sk","ss_ext_discount_amt","ss_ext_list_price"]
                                                <-Reducer 13 [BROADCAST_EDGE] vectorized
                                                  BROADCAST [RS_325]
                                                    Group By Operator [GBY_324] (rows=1 width=12)
                                                      Output:["_col0","_col1","_col2"],aggregations:["min(VALUE._col0)","max(VALUE._col1)","bloom_filter(VALUE._col2, expectedEntries=1000000)"]
                                                    <-Map 7 [CUSTOM_SIMPLE_EDGE] vectorized
                                                      SHUFFLE [RS_302]
                                                        Group By Operator [GBY_298] (rows=1 width=12)
                                                          Output:["_col0","_col1","_col2"],aggregations:["min(_col0)","max(_col0)","bloom_filter(_col0, expectedEntries=1000000)"]
                                                          Select Operator [SEL_292] (rows=36524 width=1119)
                                                            Output:["_col0"]
                                                             Please refer to the previous Select Operator [SEL_286]
                                                <-Reducer 24 [BROADCAST_EDGE] vectorized
                                                  BROADCAST [RS_327]
                                                    Group By Operator [GBY_326] (rows=1 width=12)
                                                      Output:["_col0","_col1","_col2"],aggregations:["min(VALUE._col0)","max(VALUE._col1)","bloom_filter(VALUE._col2, expectedEntries=80000000)"]
                                                    <-Map 23 [CUSTOM_SIMPLE_EDGE] vectorized
                                                      SHUFFLE [RS_319]
                                                        Group By Operator [GBY_317] (rows=1 width=12)
                                                          Output:["_col0","_col1","_col2"],aggregations:["min(_col0)","max(_col0)","bloom_filter(_col0, expectedEntries=80000000)"]
                                                          Select Operator [SEL_313] (rows=80000000 width=860)
                                                            Output:["_col0"]
                                                             Please refer to the previous Select Operator [SEL_310]
                        <-Reducer 17 [ONE_TO_ONE_EDGE]
                          FORWARD [RS_81]
                            PartitionCols:_col0
                            Merge Join Operator [MERGEJOIN_280] (rows=127775039 width=88)
                              Conds:RS_345._col0=RS_355._col0(Inner),Output:["_col0","_col1","_col2","_col4","_col5"]
                            <-Reducer 16 [SIMPLE_EDGE] vectorized
                              SHUFFLE [RS_345]
                                PartitionCols:_col0
                                Select Operator [SEL_344] (rows=116159124 width=88)
                                  Output:["_col0","_col1","_col2"]
                                  Filter Operator [FIL_343] (rows=116159124 width=88)
                                    predicate:(_col7 > 0)
                                    Select Operator [SEL_342] (rows=348477374 width=88)
                                      Output:["_col0","_col7"]
                                      Group By Operator [GBY_341] (rows=348477374 width=88)
                                        Output:["_col0","_col1","_col2","_col3","_col4","_col5","_col6","_col7"],aggregations:["sum(VALUE._col0)"],keys:KEY._col0, KEY._col1, KEY._col2, KEY._col3, KEY._col4, KEY._col5, KEY._col6
                                      <-Reducer 15 [SIMPLE_EDGE]
                                        SHUFFLE [RS_35]
                                          PartitionCols:_col0, _col1, _col2, _col3, _col4, _col5, _col6
                                          Group By Operator [GBY_34] (rows=696954748 width=88)
                                            Output:["_col0","_col1","_col2","_col3","_col4","_col5","_col6","_col7"],aggregations:["sum(_col2)"],keys:_col5, _col6, _col7, _col8, _col9, _col10, _col11
                                            Merge Join Operator [MERGEJOIN_275] (rows=696954748 width=88)
                                              Conds:RS_30._col1=RS_314._col0(Inner),Output:["_col2","_col5","_col6","_col7","_col8","_col9","_col10","_col11"]
                                            <-Map 23 [SIMPLE_EDGE] vectorized
                                              SHUFFLE [RS_314]
                                                PartitionCols:_col0
                                                 Please refer to the previous Select Operator [SEL_310]
                                            <-Reducer 14 [SIMPLE_EDGE]
                                              SHUFFLE [RS_30]
                                                PartitionCols:_col1
                                                Merge Join Operator [MERGEJOIN_274] (rows=633595212 width=88)
                                                  Conds:RS_340._col0=RS_293._col0(Inner),Output:["_col1","_col2"]
                                                <-Map 7 [SIMPLE_EDGE] vectorized
                                                  SHUFFLE [RS_293]
                                                    PartitionCols:_col0
                                                    Select Operator [SEL_287] (rows=36524 width=1119)
                                                      Output:["_col0"]
                                                      Filter Operator [FIL_284] (rows=36524 width=1119)
                                                        predicate:(d_year = 2001)
                                                         Please refer to the previous TableScan [TS_3]
                                                <-Map 26 [SIMPLE_EDGE] vectorized
                                                  SHUFFLE [RS_340]
                                                    PartitionCols:_col0
                                                    Select Operator [SEL_339] (rows=575995635 width=88)
                                                      Output:["_col0","_col1","_col2"]
                                                      Filter Operator [FIL_338] (rows=575995635 width=88)
                                                        predicate:((ss_customer_sk BETWEEN DynamicValue(RS_31_customer_c_customer_sk_min) AND DynamicValue(RS_31_customer_c_customer_sk_max) and in_bloom_filter(ss_customer_sk, DynamicValue(RS_31_customer_c_customer_sk_bloom_filter))) and (ss_sold_date_sk BETWEEN DynamicValue(RS_28_date_dim_d_date_sk_min) AND DynamicValue(RS_28_date_dim_d_date_sk_max) and in_bloom_filter(ss_sold_date_sk, DynamicValue(RS_28_date_dim_d_date_sk_bloom_filter))) and ss_customer_sk is not null and ss_sold_date_sk is not null)
                                                        TableScan [TS_19] (rows=575995635 width=88)
                                                          default@store_sales,store_sales,Tbl:COMPLETE,Col:NONE,Output:["ss_sold_date_sk","ss_customer_sk","ss_ext_discount_amt","ss_ext_list_price"]
                                                        <-Reducer 18 [BROADCAST_EDGE] vectorized
                                                          BROADCAST [RS_335]
                                                            Group By Operator [GBY_334] (rows=1 width=12)
                                                              Output:["_col0","_col1","_col2"],aggregations:["min(VALUE._col0)","max(VALUE._col1)","bloom_filter(VALUE._col2, expectedEntries=1000000)"]
                                                            <-Map 7 [CUSTOM_SIMPLE_EDGE] vectorized
                                                              SHUFFLE [RS_303]
                                                                Group By Operator [GBY_299] (rows=1 width=12)
                                                                  Output:["_col0","_col1","_col2"],aggregations:["min(_col0)","max(_col0)","bloom_filter(_col0, expectedEntries=1000000)"]
                                                                  Select Operator [SEL_294] (rows=36524 width=1119)
                                                                    Output:["_col0"]
                                                                     Please refer to the previous Select Operator [SEL_287]
                                                        <-Reducer 25 [BROADCAST_EDGE] vectorized
                                                          BROADCAST [RS_337]
                                                            Group By Operator [GBY_336] (rows=1 width=12)
                                                              Output:["_col0","_col1","_col2"],aggregations:["min(VALUE._col0)","max(VALUE._col1)","bloom_filter(VALUE._col2, expectedEntries=80000000)"]
                                                            <-Map 23 [CUSTOM_SIMPLE_EDGE] vectorized
                                                              SHUFFLE [RS_320]
                                                                Group By Operator [GBY_318] (rows=1 width=12)
                                                                  Output:["_col0","_col1","_col2"],aggregations:["min(_col0)","max(_col0)","bloom_filter(_col0, expectedEntries=80000000)"]
                                                                  Select Operator [SEL_315] (rows=80000000 width=860)
                                                                    Output:["_col0"]
                                                                     Please refer to the previous Select Operator [SEL_310]
                            <-Reducer 21 [SIMPLE_EDGE] vectorized
                              SHUFFLE [RS_355]
                                PartitionCols:_col0
                                Select Operator [SEL_354] (rows=29040539 width=135)
                                  Output:["_col0","_col1","_col2"]
                                  Filter Operator [FIL_353] (rows=29040539 width=135)
                                    predicate:(_col7 > 0)
                                    Select Operator [SEL_352] (rows=87121617 width=135)
                                      Output:["_col0","_col7"]
                                      Group By Operator [GBY_351] (rows=87121617 width=135)
                                        Output:["_col0","_col1","_col2","_col3","_col4","_col5","_col6","_col7"],aggregations:["sum(VALUE._col0)"],keys:KEY._col0, KEY._col1, KEY._col2, KEY._col3, KEY._col4, KEY._col5, KEY._col6
                                      <-Reducer 20 [SIMPLE_EDGE]
                                        SHUFFLE [RS_55]
                                          PartitionCols:_col0, _col1, _col2, _col3, _col4, _col5, _col6
                                          Group By Operator [GBY_54] (rows=174243235 width=135)
                                            Output:["_col0","_col1","_col2","_col3","_col4","_col5","_col6","_col7"],aggregations:["sum(_col2)"],keys:_col5, _col6, _col7, _col8, _col9, _col10, _col11
                                            Merge Join Operator [MERGEJOIN_277] (rows=174243235 width=135)
                                              Conds:RS_50._col1=RS_316._col0(Inner),Output:["_col2","_col5","_col6","_col7","_col8","_col9","_col10","_col11"]
                                            <-Map 23 [SIMPLE_EDGE] vectorized
                                              SHUFFLE [RS_316]
                                                PartitionCols:_col0
                                                 Please refer to the previous Select Operator [SEL_310]
                                            <-Reducer 19 [SIMPLE_EDGE]
                                              SHUFFLE [RS_50]
                                                PartitionCols:_col1
                                                Merge Join Operator [MERGEJOIN_276] (rows=158402938 width=135)
                                                  Conds:RS_350._col0=RS_295._col0(Inner),Output:["_col1","_col2"]
                                                <-Map 7 [SIMPLE_EDGE] vectorized
                                                  SHUFFLE [RS_295]
                                                    PartitionCols:_col0
                                                    Select Operator [SEL_288] (rows=36524 width=1119)
                                                      Output:["_col0"]
                                                      Filter Operator [FIL_285] (rows=36524 width=1119)
                                                        predicate:(d_year = 2001)
                                                         Please refer to the previous TableScan [TS_3]
                                                <-Map 27 [SIMPLE_EDGE] vectorized
                                                  SHUFFLE [RS_350]
                                                    PartitionCols:_col0
                                                    Select Operator [SEL_349] (rows=144002668 width=135)
                                                      Output:["_col0","_col1","_col2"]
                                                      Filter Operator [FIL_348] (rows=144002668 width=135)
                                                        predicate:((ws_sold_date_sk BETWEEN DynamicValue(RS_48_date_dim_d_date_sk_min) AND DynamicValue(RS_48_date_dim_d_date_sk_max) and in_bloom_filter(ws_sold_date_sk, DynamicValue(RS_48_date_dim_d_date_sk_bloom_filter))) and ws_bill_customer_sk is not null and ws_sold_date_sk is not null)
                                                        TableScan [TS_39] (rows=144002668 width=135)
                                                          default@web_sales,web_sales,Tbl:COMPLETE,Col:NONE,Output:["ws_sold_date_sk","ws_bill_customer_sk","ws_ext_discount_amt","ws_ext_list_price"]
                                                        <-Reducer 22 [BROADCAST_EDGE] vectorized
                                                          BROADCAST [RS_347]
                                                            Group By Operator [GBY_346] (rows=1 width=12)
                                                              Output:["_col0","_col1","_col2"],aggregations:["min(VALUE._col0)","max(VALUE._col1)","bloom_filter(VALUE._col2, expectedEntries=1000000)"]
                                                            <-Map 7 [CUSTOM_SIMPLE_EDGE] vectorized
                                                              SHUFFLE [RS_304]
                                                                Group By Operator [GBY_300] (rows=1 width=12)
                                                                  Output:["_col0","_col1","_col2"],aggregations:["min(_col0)","max(_col0)","bloom_filter(_col0, expectedEntries=1000000)"]
                                                                  Select Operator [SEL_296] (rows=36524 width=1119)
                                                                    Output:["_col0"]
                                                                     Please refer to the previous Select Operator [SEL_288]
                  <-Reducer 4 [SIMPLE_EDGE] vectorized
                    SHUFFLE [RS_323]
                      PartitionCols:_col0
                      Select Operator [SEL_322] (rows=87121617 width=135)
                        Output:["_col0","_col1"]
                        Group By Operator [GBY_321] (rows=87121617 width=135)
                          Output:["_col0","_col1","_col2","_col3","_col4","_col5","_col6","_col7"],aggregations:["sum(VALUE._col0)"],keys:KEY._col0, KEY._col1, KEY._col2, KEY._col3, KEY._col4, KEY._col5, KEY._col6
                        <-Reducer 3 [SIMPLE_EDGE]
                          SHUFFLE [RS_16]
                            PartitionCols:_col0, _col1, _col2, _col3, _col4, _col5, _col6
                            Group By Operator [GBY_15] (rows=174243235 width=135)
                              Output:["_col0","_col1","_col2","_col3","_col4","_col5","_col6","_col7"],aggregations:["sum(_col2)"],keys:_col5, _col6, _col7, _col8, _col9, _col10, _col11
                              Merge Join Operator [MERGEJOIN_273] (rows=174243235 width=135)
                                Conds:RS_11._col1=RS_311._col0(Inner),Output:["_col2","_col5","_col6","_col7","_col8","_col9","_col10","_col11"]
                              <-Map 23 [SIMPLE_EDGE] vectorized
                                SHUFFLE [RS_311]
                                  PartitionCols:_col0
                                   Please refer to the previous Select Operator [SEL_310]
                              <-Reducer 2 [SIMPLE_EDGE]
                                SHUFFLE [RS_11]
                                  PartitionCols:_col1
                                  Merge Join Operator [MERGEJOIN_272] (rows=158402938 width=135)
                                    Conds:RS_309._col0=RS_289._col0(Inner),Output:["_col1","_col2"]
                                  <-Map 7 [SIMPLE_EDGE] vectorized
                                    SHUFFLE [RS_289]
                                      PartitionCols:_col0
                                       Please refer to the previous Select Operator [SEL_286]
                                  <-Map 1 [SIMPLE_EDGE] vectorized
                                    SHUFFLE [RS_309]
                                      PartitionCols:_col0
                                      Select Operator [SEL_308] (rows=144002668 width=135)
                                        Output:["_col0","_col1","_col2"]
                                        Filter Operator [FIL_307] (rows=144002668 width=135)
                                          predicate:((ws_sold_date_sk BETWEEN DynamicValue(RS_9_date_dim_d_date_sk_min) AND DynamicValue(RS_9_date_dim_d_date_sk_max) and in_bloom_filter(ws_sold_date_sk, DynamicValue(RS_9_date_dim_d_date_sk_bloom_filter))) and ws_bill_customer_sk is not null and ws_sold_date_sk is not null)
                                          TableScan [TS_0] (rows=144002668 width=135)
                                            default@web_sales,web_sales,Tbl:COMPLETE,Col:NONE,Output:["ws_sold_date_sk","ws_bill_customer_sk","ws_ext_discount_amt","ws_ext_list_price"]
                                          <-Reducer 8 [BROADCAST_EDGE] vectorized
                                            BROADCAST [RS_306]
                                              Group By Operator [GBY_305] (rows=1 width=12)
                                                Output:["_col0","_col1","_col2"],aggregations:["min(VALUE._col0)","max(VALUE._col1)","bloom_filter(VALUE._col2, expectedEntries=1000000)"]
                                              <-Map 7 [CUSTOM_SIMPLE_EDGE] vectorized
                                                SHUFFLE [RS_301]
                                                  Group By Operator [GBY_297] (rows=1 width=12)
                                                    Output:["_col0","_col1","_col2"],aggregations:["min(_col0)","max(_col0)","bloom_filter(_col0, expectedEntries=1000000)"]
                                                    Select Operator [SEL_290] (rows=36524 width=1119)
                                                      Output:["_col0"]
                                                       Please refer to the previous Select Operator [SEL_286]

