PREHOOK: query: explain
with ws_wh as
(select ws1.ws_order_number,ws1.ws_warehouse_sk wh1,ws2.ws_warehouse_sk wh2
 from web_sales ws1,web_sales ws2
 where ws1.ws_order_number = ws2.ws_order_number
   and ws1.ws_warehouse_sk <> ws2.ws_warehouse_sk)
 select  
   count(distinct ws_order_number) as `order count`
  ,sum(ws_ext_ship_cost) as `total shipping cost`
  ,sum(ws_net_profit) as `total net profit`
from
   web_sales ws1
  ,date_dim
  ,customer_address
  ,web_site
where
    d_date between '1999-5-01' and 
           (cast('1999-5-01' as date) + 60 days)
and ws1.ws_ship_date_sk = d_date_sk
and ws1.ws_ship_addr_sk = ca_address_sk
and ca_state = 'TX'
and ws1.ws_web_site_sk = web_site_sk
and web_company_name = 'pri'
and ws1.ws_order_number in (select ws_order_number
                            from ws_wh)
and ws1.ws_order_number in (select wr_order_number
                            from web_returns,ws_wh
                            where wr_order_number = ws_wh.ws_order_number)
order by count(distinct ws_order_number)
limit 100
PREHOOK: type: QUERY
PREHOOK: Input: default@customer_address
PREHOOK: Input: default@date_dim
PREHOOK: Input: default@web_returns
PREHOOK: Input: default@web_sales
PREHOOK: Input: default@web_site
PREHOOK: Output: hdfs://### HDFS PATH ###
POSTHOOK: query: explain
with ws_wh as
(select ws1.ws_order_number,ws1.ws_warehouse_sk wh1,ws2.ws_warehouse_sk wh2
 from web_sales ws1,web_sales ws2
 where ws1.ws_order_number = ws2.ws_order_number
   and ws1.ws_warehouse_sk <> ws2.ws_warehouse_sk)
 select  
   count(distinct ws_order_number) as `order count`
  ,sum(ws_ext_ship_cost) as `total shipping cost`
  ,sum(ws_net_profit) as `total net profit`
from
   web_sales ws1
  ,date_dim
  ,customer_address
  ,web_site
where
    d_date between '1999-5-01' and 
           (cast('1999-5-01' as date) + 60 days)
and ws1.ws_ship_date_sk = d_date_sk
and ws1.ws_ship_addr_sk = ca_address_sk
and ca_state = 'TX'
and ws1.ws_web_site_sk = web_site_sk
and web_company_name = 'pri'
and ws1.ws_order_number in (select ws_order_number
                            from ws_wh)
and ws1.ws_order_number in (select wr_order_number
                            from web_returns,ws_wh
                            where wr_order_number = ws_wh.ws_order_number)
order by count(distinct ws_order_number)
limit 100
POSTHOOK: type: QUERY
POSTHOOK: Input: default@customer_address
POSTHOOK: Input: default@date_dim
POSTHOOK: Input: default@web_returns
POSTHOOK: Input: default@web_sales
POSTHOOK: Input: default@web_site
POSTHOOK: Output: hdfs://### HDFS PATH ###
Plan optimized by CBO.

Vertex dependency in root stage
Map 1 <- Reducer 11 (BROADCAST_EDGE), Reducer 13 (BROADCAST_EDGE), Reducer 15 (BROADCAST_EDGE), Reducer 24 (BROADCAST_EDGE)
Map 16 <- Reducer 24 (BROADCAST_EDGE)
Map 22 <- Reducer 24 (BROADCAST_EDGE)
Reducer 11 <- Map 10 (CUSTOM_SIMPLE_EDGE)
Reducer 13 <- Map 12 (CUSTOM_SIMPLE_EDGE)
Reducer 15 <- Map 14 (CUSTOM_SIMPLE_EDGE)
Reducer 17 <- Map 16 (SIMPLE_EDGE), Map 22 (SIMPLE_EDGE)
Reducer 18 <- Map 23 (SIMPLE_EDGE), Reducer 17 (ONE_TO_ONE_EDGE)
Reducer 19 <- Reducer 18 (SIMPLE_EDGE)
Reducer 2 <- Map 1 (SIMPLE_EDGE), Map 10 (SIMPLE_EDGE)
Reducer 20 <- Map 16 (SIMPLE_EDGE), Map 22 (SIMPLE_EDGE)
Reducer 21 <- Reducer 20 (SIMPLE_EDGE)
Reducer 24 <- Map 23 (CUSTOM_SIMPLE_EDGE)
Reducer 3 <- Map 12 (SIMPLE_EDGE), Reducer 2 (SIMPLE_EDGE)
Reducer 4 <- Map 14 (SIMPLE_EDGE), Reducer 3 (SIMPLE_EDGE)
Reducer 5 <- Reducer 21 (ONE_TO_ONE_EDGE), Reducer 4 (SIMPLE_EDGE)
Reducer 6 <- Reducer 19 (ONE_TO_ONE_EDGE), Reducer 5 (ONE_TO_ONE_EDGE)
Reducer 7 <- Reducer 6 (SIMPLE_EDGE)
Reducer 8 <- Reducer 7 (CUSTOM_SIMPLE_EDGE)
Reducer 9 <- Reducer 8 (SIMPLE_EDGE)

Stage-0
  Fetch Operator
    limit:-1
    Stage-1
      Reducer 9 vectorized
      File Output Operator [FS_285]
        Limit [LIM_284] (rows=1 width=344)
          Number of rows:100
          Select Operator [SEL_283] (rows=1 width=344)
            Output:["_col0","_col1","_col2"]
          <-Reducer 8 [SIMPLE_EDGE] vectorized
            SHUFFLE [RS_282]
              Select Operator [SEL_281] (rows=1 width=344)
                Output:["_col1","_col2","_col3"]
                Group By Operator [GBY_280] (rows=1 width=344)
                  Output:["_col0","_col1","_col2"],aggregations:["count(VALUE._col0)","sum(VALUE._col1)","sum(VALUE._col2)"]
                <-Reducer 7 [CUSTOM_SIMPLE_EDGE] vectorized
                  PARTITION_ONLY_SHUFFLE [RS_279]
                    Group By Operator [GBY_278] (rows=1 width=344)
                      Output:["_col0","_col1","_col2"],aggregations:["count(_col0)","sum(_col1)","sum(_col2)"]
                      Group By Operator [GBY_277] (rows=231917759 width=135)
                        Output:["_col0","_col1","_col2"],aggregations:["sum(VALUE._col0)","sum(VALUE._col1)"],keys:KEY._col0
                      <-Reducer 6 [SIMPLE_EDGE]
                        SHUFFLE [RS_109]
                          PartitionCols:_col0
                          Group By Operator [GBY_108] (rows=231917759 width=135)
                            Output:["_col0","_col2","_col3"],aggregations:["sum(_col4)","sum(_col5)"],keys:_col3
                            Merge Join Operator [MERGEJOIN_229] (rows=231917759 width=135)
                              Conds:RS_55._col3=RS_276._col0(Inner),Output:["_col3","_col4","_col5"]
                            <-Reducer 19 [ONE_TO_ONE_EDGE] vectorized
                              FORWARD [RS_276]
                                PartitionCols:_col0
                                Group By Operator [GBY_275] (rows=87121617 width=135)
                                  Output:["_col0"],keys:KEY._col0
                                <-Reducer 18 [SIMPLE_EDGE]
                                  SHUFFLE [RS_40]
                                    PartitionCols:_col0
                                    Group By Operator [GBY_39] (rows=174243235 width=135)
                                      Output:["_col0"],keys:_col14
                                      Merge Join Operator [MERGEJOIN_223] (rows=174243235 width=135)
                                        Conds:RS_35._col0=RS_254.wr_order_number(Inner),Output:["_col14"]
                                      <-Map 23 [SIMPLE_EDGE] vectorized
                                        PARTITION_ONLY_SHUFFLE [RS_254]
                                          PartitionCols:wr_order_number
                                          TableScan [TS_34] (rows=14398467 width=92)
                                            default@web_returns,web_returns,Tbl:COMPLETE,Col:NONE,Output:["wr_order_number"]
                                      <-Reducer 17 [ONE_TO_ONE_EDGE]
                                        FORWARD [RS_35]
                                          PartitionCols:_col0
                                          Select Operator [SEL_33] (rows=158402938 width=135)
                                            Output:["_col0"]
                                            Filter Operator [FIL_32] (rows=158402938 width=135)
                                              predicate:(_col0 <> _col2)
                                              Merge Join Operator [MERGEJOIN_222] (rows=158402938 width=135)
                                                Conds:RS_267._col1=RS_271._col1(Inner),Output:["_col0","_col1","_col2"]
                                              <-Map 16 [SIMPLE_EDGE] vectorized
                                                SHUFFLE [RS_267]
                                                  PartitionCols:_col1
                                                  Select Operator [SEL_266] (rows=144002668 width=135)
                                                    Output:["_col0","_col1"]
                                                    Filter Operator [FIL_265] (rows=144002668 width=135)
                                                      predicate:(in_bloom_filter(ws_order_number, DynamicValue(RS_36_web_returns_wr_order_number_bloom_filter)) and ws_order_number BETWEEN DynamicValue(RS_36_web_returns_wr_order_number_min) AND DynamicValue(RS_36_web_returns_wr_order_number_max))
                                                      TableScan [TS_25] (rows=144002668 width=135)
                                                        default@web_sales,ws1,Tbl:COMPLETE,Col:NONE,Output:["ws_warehouse_sk","ws_order_number"]
                                                      <-Reducer 24 [BROADCAST_EDGE] vectorized
                                                        BROADCAST [RS_260]
                                                          Group By Operator [GBY_258] (rows=1 width=12)
                                                            Output:["_col0","_col1","_col2"],aggregations:["min(VALUE._col0)","max(VALUE._col1)","bloom_filter(VALUE._col2, expectedEntries=14398467)"]
                                                          <-Map 23 [CUSTOM_SIMPLE_EDGE] vectorized
                                                            PARTITION_ONLY_SHUFFLE [RS_257]
                                                              Group By Operator [GBY_256] (rows=1 width=12)
                                                                Output:["_col0","_col1","_col2"],aggregations:["min(_col0)","max(_col0)","bloom_filter(_col0, expectedEntries=14398467)"]
                                                                Select Operator [SEL_255] (rows=14398467 width=92)
                                                                  Output:["_col0"]
                                                                   Please refer to the previous TableScan [TS_34]
                                              <-Map 22 [SIMPLE_EDGE] vectorized
                                                SHUFFLE [RS_271]
                                                  PartitionCols:_col1
                                                  Select Operator [SEL_270] (rows=144002668 width=135)
                                                    Output:["_col0","_col1"]
                                                    Filter Operator [FIL_269] (rows=144002668 width=135)
                                                      predicate:(in_bloom_filter(ws_order_number, DynamicValue(RS_36_web_returns_wr_order_number_bloom_filter)) and ws_order_number BETWEEN DynamicValue(RS_36_web_returns_wr_order_number_min) AND DynamicValue(RS_36_web_returns_wr_order_number_max))
                                                      TableScan [TS_27] (rows=144002668 width=135)
                                                        default@web_sales,ws2,Tbl:COMPLETE,Col:NONE,Output:["ws_warehouse_sk","ws_order_number"]
                                                      <-Reducer 24 [BROADCAST_EDGE] vectorized
                                                        BROADCAST [RS_261]
                                                           Please refer to the previous Group By Operator [GBY_258]
                            <-Reducer 5 [ONE_TO_ONE_EDGE]
                              FORWARD [RS_55]
                                PartitionCols:_col3
                                Merge Join Operator [MERGEJOIN_228] (rows=210834322 width=135)
                                  Conds:RS_52._col3=RS_274._col0(Inner),Output:["_col3","_col4","_col5"]
                                <-Reducer 21 [ONE_TO_ONE_EDGE] vectorized
                                  FORWARD [RS_274]
                                    PartitionCols:_col0
                                    Group By Operator [GBY_273] (rows=79201469 width=135)
                                      Output:["_col0"],keys:KEY._col0
                                    <-Reducer 20 [SIMPLE_EDGE]
                                      SHUFFLE [RS_22]
                                        PartitionCols:_col0
                                        Group By Operator [GBY_21] (rows=158402938 width=135)
                                          Output:["_col0"],keys:_col1
                                          Select Operator [SEL_20] (rows=158402938 width=135)
                                            Output:["_col1"]
                                            Filter Operator [FIL_19] (rows=158402938 width=135)
                                              predicate:(_col0 <> _col2)
                                              Merge Join Operator [MERGEJOIN_227] (rows=158402938 width=135)
                                                Conds:RS_268._col1=RS_272._col1(Inner),Output:["_col0","_col1","_col2"]
                                              <-Map 16 [SIMPLE_EDGE] vectorized
                                                SHUFFLE [RS_268]
                                                  PartitionCols:_col1
                                                   Please refer to the previous Select Operator [SEL_266]
                                              <-Map 22 [SIMPLE_EDGE] vectorized
                                                SHUFFLE [RS_272]
                                                  PartitionCols:_col1
                                                   Please refer to the previous Select Operator [SEL_270]
                                <-Reducer 4 [SIMPLE_EDGE]
                                  SHUFFLE [RS_52]
                                    PartitionCols:_col3
                                    Merge Join Operator [MERGEJOIN_226] (rows=191667562 width=135)
                                      Conds:RS_49._col2=RS_248._col0(Inner),Output:["_col3","_col4","_col5"]
                                    <-Map 14 [SIMPLE_EDGE] vectorized
                                      SHUFFLE [RS_248]
                                        PartitionCols:_col0
                                        Select Operator [SEL_247] (rows=42 width=1850)
                                          Output:["_col0"]
                                          Filter Operator [FIL_246] (rows=42 width=1850)
                                            predicate:(web_company_name = 'pri')
                                            TableScan [TS_9] (rows=84 width=1850)
                                              default@web_site,web_site,Tbl:COMPLETE,Col:NONE,Output:["web_site_sk","web_company_name"]
                                    <-Reducer 3 [SIMPLE_EDGE]
                                      SHUFFLE [RS_49]
                                        PartitionCols:_col2
                                        Merge Join Operator [MERGEJOIN_225] (rows=174243235 width=135)
                                          Conds:RS_46._col1=RS_240._col0(Inner),Output:["_col2","_col3","_col4","_col5"]
                                        <-Map 12 [SIMPLE_EDGE] vectorized
                                          SHUFFLE [RS_240]
                                            PartitionCols:_col0
                                            Select Operator [SEL_239] (rows=20000000 width=1014)
                                              Output:["_col0"]
                                              Filter Operator [FIL_238] (rows=20000000 width=1014)
                                                predicate:(ca_state = 'TX')
                                                TableScan [TS_6] (rows=40000000 width=1014)
                                                  default@customer_address,customer_address,Tbl:COMPLETE,Col:NONE,Output:["ca_address_sk","ca_state"]
                                        <-Reducer 2 [SIMPLE_EDGE]
                                          SHUFFLE [RS_46]
                                            PartitionCols:_col1
                                            Merge Join Operator [MERGEJOIN_224] (rows=158402938 width=135)
                                              Conds:RS_264._col0=RS_232._col0(Inner),Output:["_col1","_col2","_col3","_col4","_col5"]
                                            <-Map 10 [SIMPLE_EDGE] vectorized
                                              SHUFFLE [RS_232]
                                                PartitionCols:_col0
                                                Select Operator [SEL_231] (rows=8116 width=1119)
                                                  Output:["_col0"]
                                                  Filter Operator [FIL_230] (rows=8116 width=1119)
                                                    predicate:CAST( d_date AS TIMESTAMP) BETWEEN TIMESTAMP'1999-05-01 00:00:00' AND TIMESTAMP'1999-06-30 00:00:00'
                                                    TableScan [TS_3] (rows=73049 width=1119)
                                                      default@date_dim,date_dim,Tbl:COMPLETE,Col:NONE,Output:["d_date_sk","d_date"]
                                            <-Map 1 [SIMPLE_EDGE] vectorized
                                              SHUFFLE [RS_264]
                                                PartitionCols:_col0
                                                Select Operator [SEL_263] (rows=144002668 width=135)
                                                  Output:["_col0","_col1","_col2","_col3","_col4","_col5"]
                                                  Filter Operator [FIL_262] (rows=144002668 width=135)
                                                    predicate:((ws_order_number BETWEEN DynamicValue(RS_36_web_returns_wr_order_number_min) AND DynamicValue(RS_36_web_returns_wr_order_number_max) and in_bloom_filter(ws_order_number, DynamicValue(RS_36_web_returns_wr_order_number_bloom_filter))) and (ws_ship_addr_sk BETWEEN DynamicValue(RS_47_customer_address_ca_address_sk_min) AND DynamicValue(RS_47_customer_address_ca_address_sk_max) and in_bloom_filter(ws_ship_addr_sk, DynamicValue(RS_47_customer_address_ca_address_sk_bloom_filter))) and (ws_ship_date_sk BETWEEN DynamicValue(RS_44_date_dim_d_date_sk_min) AND DynamicValue(RS_44_date_dim_d_date_sk_max) and in_bloom_filter(ws_ship_date_sk, DynamicValue(RS_44_date_dim_d_date_sk_bloom_filter))) and (ws_web_site_sk BETWEEN DynamicValue(RS_50_web_site_web_site_sk_min) AND DynamicValue(RS_50_web_site_web_site_sk_max) and in_bloom_filter(ws_web_site_sk, DynamicValue(RS_50_web_site_web_site_sk_bloom_filter))) and ws_ship_addr_sk is not null and ws_ship_date_sk is not null and ws_web_site_sk is not null)
                                                    TableScan [TS_0] (rows=144002668 width=135)
                                                      default@web_sales,ws1,Tbl:COMPLETE,Col:NONE,Output:["ws_ship_date_sk","ws_ship_addr_sk","ws_web_site_sk","ws_order_number","ws_ext_ship_cost","ws_net_profit"]
                                                    <-Reducer 24 [BROADCAST_EDGE] vectorized
                                                      BROADCAST [RS_259]
                                                         Please refer to the previous Group By Operator [GBY_258]
                                                    <-Reducer 11 [BROADCAST_EDGE] vectorized
                                                      BROADCAST [RS_237]
                                                        Group By Operator [GBY_236] (rows=1 width=12)
                                                          Output:["_col0","_col1","_col2"],aggregations:["min(VALUE._col0)","max(VALUE._col1)","bloom_filter(VALUE._col2, expectedEntries=1000000)"]
                                                        <-Map 10 [CUSTOM_SIMPLE_EDGE] vectorized
                                                          SHUFFLE [RS_235]
                                                            Group By Operator [GBY_234] (rows=1 width=12)
                                                              Output:["_col0","_col1","_col2"],aggregations:["min(_col0)","max(_col0)","bloom_filter(_col0, expectedEntries=1000000)"]
                                                              Select Operator [SEL_233] (rows=8116 width=1119)
                                                                Output:["_col0"]
                                                                 Please refer to the previous Select Operator [SEL_231]
                                                    <-Reducer 13 [BROADCAST_EDGE] vectorized
                                                      BROADCAST [RS_245]
                                                        Group By Operator [GBY_244] (rows=1 width=12)
                                                          Output:["_col0","_col1","_col2"],aggregations:["min(VALUE._col0)","max(VALUE._col1)","bloom_filter(VALUE._col2, expectedEntries=20000000)"]
                                                        <-Map 12 [CUSTOM_SIMPLE_EDGE] vectorized
                                                          SHUFFLE [RS_243]
                                                            Group By Operator [GBY_242] (rows=1 width=12)
                                                              Output:["_col0","_col1","_col2"],aggregations:["min(_col0)","max(_col0)","bloom_filter(_col0, expectedEntries=20000000)"]
                                                              Select Operator [SEL_241] (rows=20000000 width=1014)
                                                                Output:["_col0"]
                                                                 Please refer to the previous Select Operator [SEL_239]
                                                    <-Reducer 15 [BROADCAST_EDGE] vectorized
                                                      BROADCAST [RS_253]
                                                        Group By Operator [GBY_252] (rows=1 width=12)
                                                          Output:["_col0","_col1","_col2"],aggregations:["min(VALUE._col0)","max(VALUE._col1)","bloom_filter(VALUE._col2, expectedEntries=1000000)"]
                                                        <-Map 14 [CUSTOM_SIMPLE_EDGE] vectorized
                                                          SHUFFLE [RS_251]
                                                            Group By Operator [GBY_250] (rows=1 width=12)
                                                              Output:["_col0","_col1","_col2"],aggregations:["min(_col0)","max(_col0)","bloom_filter(_col0, expectedEntries=1000000)"]
                                                              Select Operator [SEL_249] (rows=42 width=1850)
                                                                Output:["_col0"]
                                                                 Please refer to the previous Select Operator [SEL_247]

