PREHOOK: query: explain
select  
   s_store_name
  ,s_company_id
  ,s_street_number
  ,s_street_name
  ,s_street_type
  ,s_suite_number
  ,s_city
  ,s_county
  ,s_state
  ,s_zip
  ,sum(case when (sr_returned_date_sk - ss_sold_date_sk <= 30 ) then 1 else 0 end)  as `30 days` 
  ,sum(case when (sr_returned_date_sk - ss_sold_date_sk > 30) and 
                 (sr_returned_date_sk - ss_sold_date_sk <= 60) then 1 else 0 end )  as `31-60 days` 
  ,sum(case when (sr_returned_date_sk - ss_sold_date_sk > 60) and 
                 (sr_returned_date_sk - ss_sold_date_sk <= 90) then 1 else 0 end)  as `61-90 days` 
  ,sum(case when (sr_returned_date_sk - ss_sold_date_sk > 90) and
                 (sr_returned_date_sk - ss_sold_date_sk <= 120) then 1 else 0 end)  as `91-120 days` 
  ,sum(case when (sr_returned_date_sk - ss_sold_date_sk  > 120) then 1 else 0 end)  as `>120 days` 
from
   store_sales
  ,store_returns
  ,store
  ,date_dim d1
  ,date_dim d2
where
    d2.d_year = 2000
and d2.d_moy  = 9
and ss_ticket_number = sr_ticket_number
and ss_item_sk = sr_item_sk
and ss_sold_date_sk   = d1.d_date_sk
and sr_returned_date_sk   = d2.d_date_sk
and ss_customer_sk = sr_customer_sk
and ss_store_sk = s_store_sk
group by
   s_store_name
  ,s_company_id
  ,s_street_number
  ,s_street_name
  ,s_street_type
  ,s_suite_number
  ,s_city
  ,s_county
  ,s_state
  ,s_zip
order by s_store_name
        ,s_company_id
        ,s_street_number
        ,s_street_name
        ,s_street_type
        ,s_suite_number
        ,s_city
        ,s_county
        ,s_state
        ,s_zip
limit 100
PREHOOK: type: QUERY
PREHOOK: Input: default@date_dim
PREHOOK: Input: default@store
PREHOOK: Input: default@store_returns
PREHOOK: Input: default@store_sales
PREHOOK: Output: hdfs://### HDFS PATH ###
POSTHOOK: query: explain
select  
   s_store_name
  ,s_company_id
  ,s_street_number
  ,s_street_name
  ,s_street_type
  ,s_suite_number
  ,s_city
  ,s_county
  ,s_state
  ,s_zip
  ,sum(case when (sr_returned_date_sk - ss_sold_date_sk <= 30 ) then 1 else 0 end)  as `30 days` 
  ,sum(case when (sr_returned_date_sk - ss_sold_date_sk > 30) and 
                 (sr_returned_date_sk - ss_sold_date_sk <= 60) then 1 else 0 end )  as `31-60 days` 
  ,sum(case when (sr_returned_date_sk - ss_sold_date_sk > 60) and 
                 (sr_returned_date_sk - ss_sold_date_sk <= 90) then 1 else 0 end)  as `61-90 days` 
  ,sum(case when (sr_returned_date_sk - ss_sold_date_sk > 90) and
                 (sr_returned_date_sk - ss_sold_date_sk <= 120) then 1 else 0 end)  as `91-120 days` 
  ,sum(case when (sr_returned_date_sk - ss_sold_date_sk  > 120) then 1 else 0 end)  as `>120 days` 
from
   store_sales
  ,store_returns
  ,store
  ,date_dim d1
  ,date_dim d2
where
    d2.d_year = 2000
and d2.d_moy  = 9
and ss_ticket_number = sr_ticket_number
and ss_item_sk = sr_item_sk
and ss_sold_date_sk   = d1.d_date_sk
and sr_returned_date_sk   = d2.d_date_sk
and ss_customer_sk = sr_customer_sk
and ss_store_sk = s_store_sk
group by
   s_store_name
  ,s_company_id
  ,s_street_number
  ,s_street_name
  ,s_street_type
  ,s_suite_number
  ,s_city
  ,s_county
  ,s_state
  ,s_zip
order by s_store_name
        ,s_company_id
        ,s_street_number
        ,s_street_name
        ,s_street_type
        ,s_suite_number
        ,s_city
        ,s_county
        ,s_state
        ,s_zip
limit 100
POSTHOOK: type: QUERY
POSTHOOK: Input: default@date_dim
POSTHOOK: Input: default@store
POSTHOOK: Input: default@store_returns
POSTHOOK: Input: default@store_sales
POSTHOOK: Output: hdfs://### HDFS PATH ###
Plan optimized by CBO.

Vertex dependency in root stage
Map 1 <- Reducer 10 (BROADCAST_EDGE), Reducer 12 (BROADCAST_EDGE), Reducer 8 (BROADCAST_EDGE), Reducer 9 (BROADCAST_EDGE)
Reducer 10 <- Map 7 (CUSTOM_SIMPLE_EDGE)
Reducer 12 <- Map 11 (CUSTOM_SIMPLE_EDGE)
Reducer 2 <- Map 1 (SIMPLE_EDGE), Map 7 (SIMPLE_EDGE)
Reducer 3 <- Map 11 (SIMPLE_EDGE), Reducer 2 (SIMPLE_EDGE)
Reducer 4 <- Map 13 (SIMPLE_EDGE), Reducer 3 (SIMPLE_EDGE)
Reducer 5 <- Reducer 4 (SIMPLE_EDGE)
Reducer 6 <- Reducer 5 (SIMPLE_EDGE)
Reducer 8 <- Map 7 (CUSTOM_SIMPLE_EDGE)
Reducer 9 <- Map 7 (CUSTOM_SIMPLE_EDGE)

Stage-0
  Fetch Operator
    limit:100
    Stage-1
      Reducer 6 vectorized
      File Output Operator [FS_132]
        Limit [LIM_131] (rows=100 width=88)
          Number of rows:100
          Select Operator [SEL_130] (rows=383325119 width=88)
            Output:["_col0","_col1","_col2","_col3","_col4","_col5","_col6","_col7","_col8","_col9","_col10","_col11","_col12","_col13","_col14"]
          <-Reducer 5 [SIMPLE_EDGE] vectorized
            SHUFFLE [RS_129]
              Group By Operator [GBY_128] (rows=383325119 width=88)
                Output:["_col0","_col1","_col2","_col3","_col4","_col5","_col6","_col7","_col8","_col9","_col10","_col11","_col12","_col13","_col14"],aggregations:["sum(VALUE._col0)","sum(VALUE._col1)","sum(VALUE._col2)","sum(VALUE._col3)","sum(VALUE._col4)"],keys:KEY._col0, KEY._col1, KEY._col2, KEY._col3, KEY._col4, KEY._col5, KEY._col6, KEY._col7, KEY._col8, KEY._col9
              <-Reducer 4 [SIMPLE_EDGE]
                SHUFFLE [RS_23]
                  PartitionCols:_col0, _col1, _col2, _col3, _col4, _col5, _col6, _col7, _col8, _col9
                  Group By Operator [GBY_22] (rows=766650239 width=88)
                    Output:["_col0","_col1","_col2","_col3","_col4","_col5","_col6","_col7","_col8","_col9","_col10","_col11","_col12","_col13","_col14"],aggregations:["sum(_col11)","sum(_col12)","sum(_col13)","sum(_col14)","sum(_col15)"],keys:_col1, _col2, _col3, _col4, _col5, _col6, _col7, _col8, _col9, _col10
                    Top N Key Operator [TNK_43] (rows=766650239 width=88)
                      keys:_col1, _col2, _col3, _col4, _col5, _col6, _col7, _col8, _col9, _col10,sort order:++++++++++,top n:100
                      Merge Join Operator [MERGEJOIN_96] (rows=766650239 width=88)
                        Conds:RS_18._col0=RS_127._col0(Inner),Output:["_col1","_col2","_col3","_col4","_col5","_col6","_col7","_col8","_col9","_col10","_col11","_col12","_col13","_col14","_col15"]
                      <-Map 13 [SIMPLE_EDGE] vectorized
                        SHUFFLE [RS_127]
                          PartitionCols:_col0
                          Select Operator [SEL_126] (rows=18262 width=1119)
                            Output:["_col0"]
                            Filter Operator [FIL_125] (rows=18262 width=1119)
                              predicate:((d_moy = 9) and (d_year = 2000))
                              TableScan [TS_15] (rows=73049 width=1119)
                                default@date_dim,d2,Tbl:COMPLETE,Col:NONE,Output:["d_date_sk","d_year","d_moy"]
                      <-Reducer 3 [SIMPLE_EDGE]
                        SHUFFLE [RS_18]
                          PartitionCols:_col0
                          Select Operator [SEL_14] (rows=696954748 width=88)
                            Output:["_col0","_col1","_col2","_col3","_col4","_col5","_col6","_col7","_col8","_col9","_col10","_col11","_col12","_col13","_col14","_col15"]
                            Merge Join Operator [MERGEJOIN_95] (rows=696954748 width=88)
                              Conds:RS_11._col3=RS_116._col0(Inner),Output:["_col0","_col5","_col10","_col11","_col12","_col13","_col14","_col15","_col16","_col17","_col18","_col19"]
                            <-Map 11 [SIMPLE_EDGE] vectorized
                              SHUFFLE [RS_116]
                                PartitionCols:_col0
                                Select Operator [SEL_115] (rows=1704 width=1910)
                                  Output:["_col0","_col1","_col2","_col3","_col4","_col5","_col6","_col7","_col8","_col9","_col10"]
                                  TableScan [TS_6] (rows=1704 width=1910)
                                    default@store,store,Tbl:COMPLETE,Col:NONE,Output:["s_store_sk","s_store_name","s_company_id","s_street_number","s_street_name","s_street_type","s_suite_number","s_city","s_county","s_state","s_zip"]
                            <-Reducer 2 [SIMPLE_EDGE]
                              SHUFFLE [RS_11]
                                PartitionCols:_col3
                                Merge Join Operator [MERGEJOIN_94] (rows=633595212 width=88)
                                  Conds:RS_124._col1, _col2, _col4=RS_99._col1, _col2, _col3(Inner),Output:["_col0","_col3","_col5"]
                                <-Map 7 [SIMPLE_EDGE] vectorized
                                  PARTITION_ONLY_SHUFFLE [RS_99]
                                    PartitionCols:_col1, _col2, _col3
                                    Select Operator [SEL_98] (rows=57591150 width=77)
                                      Output:["_col0","_col1","_col2","_col3"]
                                      Filter Operator [FIL_97] (rows=57591150 width=77)
                                        predicate:(sr_customer_sk is not null and sr_returned_date_sk is not null)
                                        TableScan [TS_3] (rows=57591150 width=77)
                                          default@store_returns,store_returns,Tbl:COMPLETE,Col:NONE,Output:["sr_returned_date_sk","sr_item_sk","sr_customer_sk","sr_ticket_number"]
                                <-Map 1 [SIMPLE_EDGE] vectorized
                                  SHUFFLE [RS_124]
                                    PartitionCols:_col1, _col2, _col4
                                    Select Operator [SEL_123] (rows=575995635 width=88)
                                      Output:["_col0","_col1","_col2","_col3","_col4"]
                                      Filter Operator [FIL_122] (rows=575995635 width=88)
                                        predicate:((ss_customer_sk BETWEEN DynamicValue(RS_9_store_returns_sr_customer_sk_min) AND DynamicValue(RS_9_store_returns_sr_customer_sk_max) and in_bloom_filter(ss_customer_sk, DynamicValue(RS_9_store_returns_sr_customer_sk_bloom_filter))) and (ss_item_sk BETWEEN DynamicValue(RS_9_store_returns_sr_item_sk_min) AND DynamicValue(RS_9_store_returns_sr_item_sk_max) and in_bloom_filter(ss_item_sk, DynamicValue(RS_9_store_returns_sr_item_sk_bloom_filter))) and (ss_store_sk BETWEEN DynamicValue(RS_12_store_s_store_sk_min) AND DynamicValue(RS_12_store_s_store_sk_max) and in_bloom_filter(ss_store_sk, DynamicValue(RS_12_store_s_store_sk_bloom_filter))) and (ss_ticket_number BETWEEN DynamicValue(RS_9_store_returns_sr_ticket_number_min) AND DynamicValue(RS_9_store_returns_sr_ticket_number_max) and in_bloom_filter(ss_ticket_number, DynamicValue(RS_9_store_returns_sr_ticket_number_bloom_filter))) and ss_customer_sk is not null and ss_sold_date_sk is not null and ss_store_sk is not null)
                                        TableScan [TS_0] (rows=575995635 width=88)
                                          default@store_sales,store_sales,Tbl:COMPLETE,Col:NONE,Output:["ss_sold_date_sk","ss_item_sk","ss_customer_sk","ss_store_sk","ss_ticket_number"]
                                        <-Reducer 10 [BROADCAST_EDGE] vectorized
                                          BROADCAST [RS_114]
                                            Group By Operator [GBY_113] (rows=1 width=12)
                                              Output:["_col0","_col1","_col2"],aggregations:["min(VALUE._col0)","max(VALUE._col1)","bloom_filter(VALUE._col2, expectedEntries=57591152)"]
                                            <-Map 7 [CUSTOM_SIMPLE_EDGE] vectorized
                                              PARTITION_ONLY_SHUFFLE [RS_108]
                                                Group By Operator [GBY_105] (rows=1 width=12)
                                                  Output:["_col0","_col1","_col2"],aggregations:["min(_col0)","max(_col0)","bloom_filter(_col0, expectedEntries=57591152)"]
                                                  Select Operator [SEL_102] (rows=57591150 width=77)
                                                    Output:["_col0"]
                                                     Please refer to the previous Select Operator [SEL_98]
                                        <-Reducer 12 [BROADCAST_EDGE] vectorized
                                          BROADCAST [RS_121]
                                            Group By Operator [GBY_120] (rows=1 width=12)
                                              Output:["_col0","_col1","_col2"],aggregations:["min(VALUE._col0)","max(VALUE._col1)","bloom_filter(VALUE._col2, expectedEntries=1000000)"]
                                            <-Map 11 [CUSTOM_SIMPLE_EDGE] vectorized
                                              SHUFFLE [RS_119]
                                                Group By Operator [GBY_118] (rows=1 width=12)
                                                  Output:["_col0","_col1","_col2"],aggregations:["min(_col0)","max(_col0)","bloom_filter(_col0, expectedEntries=1000000)"]
                                                  Select Operator [SEL_117] (rows=1704 width=1910)
                                                    Output:["_col0"]
                                                     Please refer to the previous Select Operator [SEL_115]
                                        <-Reducer 8 [BROADCAST_EDGE] vectorized
                                          BROADCAST [RS_110]
                                            Group By Operator [GBY_109] (rows=1 width=12)
                                              Output:["_col0","_col1","_col2"],aggregations:["min(VALUE._col0)","max(VALUE._col1)","bloom_filter(VALUE._col2, expectedEntries=57591152)"]
                                            <-Map 7 [CUSTOM_SIMPLE_EDGE] vectorized
                                              PARTITION_ONLY_SHUFFLE [RS_106]
                                                Group By Operator [GBY_103] (rows=1 width=12)
                                                  Output:["_col0","_col1","_col2"],aggregations:["min(_col0)","max(_col0)","bloom_filter(_col0, expectedEntries=57591152)"]
                                                  Select Operator [SEL_100] (rows=57591150 width=77)
                                                    Output:["_col0"]
                                                     Please refer to the previous Select Operator [SEL_98]
                                        <-Reducer 9 [BROADCAST_EDGE] vectorized
                                          BROADCAST [RS_112]
                                            Group By Operator [GBY_111] (rows=1 width=12)
                                              Output:["_col0","_col1","_col2"],aggregations:["min(VALUE._col0)","max(VALUE._col1)","bloom_filter(VALUE._col2, expectedEntries=57591152)"]
                                            <-Map 7 [CUSTOM_SIMPLE_EDGE] vectorized
                                              PARTITION_ONLY_SHUFFLE [RS_107]
                                                Group By Operator [GBY_104] (rows=1 width=12)
                                                  Output:["_col0","_col1","_col2"],aggregations:["min(_col0)","max(_col0)","bloom_filter(_col0, expectedEntries=57591152)"]
                                                  Select Operator [SEL_101] (rows=57591150 width=77)
                                                    Output:["_col0"]
                                                     Please refer to the previous Select Operator [SEL_98]

