PREHOOK: query: explain
select  
  cd_gender,
  cd_marital_status,
  cd_education_status,
  count(*) cnt1,
  cd_purchase_estimate,
  count(*) cnt2,
  cd_credit_rating,
  count(*) cnt3,
  cd_dep_count,
  count(*) cnt4,
  cd_dep_employed_count,
  count(*) cnt5,
  cd_dep_college_count,
  count(*) cnt6
 from
  customer c,customer_address ca,customer_demographics
 where
  c.c_current_addr_sk = ca.ca_address_sk and
  ca_county in ('Walker County','Richland County','Gaines County','Douglas County','Dona Ana County') and
  cd_demo_sk = c.c_current_cdemo_sk and 
  exists (select *
          from store_sales,date_dim
          where c.c_customer_sk = ss_customer_sk and
                ss_sold_date_sk = d_date_sk and
                d_year = 2002 and
                d_moy between 4 and 4+3) and
   (exists (select *
            from web_sales,date_dim
            where c.c_customer_sk = ws_bill_customer_sk and
                  ws_sold_date_sk = d_date_sk and
                  d_year = 2002 and
                  d_moy between 4 ANd 4+3) or 
    exists (select * 
            from catalog_sales,date_dim
            where c.c_customer_sk = cs_ship_customer_sk and
                  cs_sold_date_sk = d_date_sk and
                  d_year = 2002 and
                  d_moy between 4 and 4+3))
 group by cd_gender,
          cd_marital_status,
          cd_education_status,
          cd_purchase_estimate,
          cd_credit_rating,
          cd_dep_count,
          cd_dep_employed_count,
          cd_dep_college_count
 order by cd_gender,
          cd_marital_status,
          cd_education_status,
          cd_purchase_estimate,
          cd_credit_rating,
          cd_dep_count,
          cd_dep_employed_count,
          cd_dep_college_count
limit 100
PREHOOK: type: QUERY
PREHOOK: Input: default@catalog_sales
PREHOOK: Input: default@customer
PREHOOK: Input: default@customer_address
PREHOOK: Input: default@customer_demographics
PREHOOK: Input: default@date_dim
PREHOOK: Input: default@store_sales
PREHOOK: Input: default@web_sales
PREHOOK: Output: hdfs://### HDFS PATH ###
POSTHOOK: query: explain
select  
  cd_gender,
  cd_marital_status,
  cd_education_status,
  count(*) cnt1,
  cd_purchase_estimate,
  count(*) cnt2,
  cd_credit_rating,
  count(*) cnt3,
  cd_dep_count,
  count(*) cnt4,
  cd_dep_employed_count,
  count(*) cnt5,
  cd_dep_college_count,
  count(*) cnt6
 from
  customer c,customer_address ca,customer_demographics
 where
  c.c_current_addr_sk = ca.ca_address_sk and
  ca_county in ('Walker County','Richland County','Gaines County','Douglas County','Dona Ana County') and
  cd_demo_sk = c.c_current_cdemo_sk and 
  exists (select *
          from store_sales,date_dim
          where c.c_customer_sk = ss_customer_sk and
                ss_sold_date_sk = d_date_sk and
                d_year = 2002 and
                d_moy between 4 and 4+3) and
   (exists (select *
            from web_sales,date_dim
            where c.c_customer_sk = ws_bill_customer_sk and
                  ws_sold_date_sk = d_date_sk and
                  d_year = 2002 and
                  d_moy between 4 ANd 4+3) or 
    exists (select * 
            from catalog_sales,date_dim
            where c.c_customer_sk = cs_ship_customer_sk and
                  cs_sold_date_sk = d_date_sk and
                  d_year = 2002 and
                  d_moy between 4 and 4+3))
 group by cd_gender,
          cd_marital_status,
          cd_education_status,
          cd_purchase_estimate,
          cd_credit_rating,
          cd_dep_count,
          cd_dep_employed_count,
          cd_dep_college_count
 order by cd_gender,
          cd_marital_status,
          cd_education_status,
          cd_purchase_estimate,
          cd_credit_rating,
          cd_dep_count,
          cd_dep_employed_count,
          cd_dep_college_count
limit 100
POSTHOOK: type: QUERY
POSTHOOK: Input: default@catalog_sales
POSTHOOK: Input: default@customer
POSTHOOK: Input: default@customer_address
POSTHOOK: Input: default@customer_demographics
POSTHOOK: Input: default@date_dim
POSTHOOK: Input: default@store_sales
POSTHOOK: Input: default@web_sales
POSTHOOK: Output: hdfs://### HDFS PATH ###
Plan optimized by CBO.

Vertex dependency in root stage
Map 12 <- Reducer 15 (BROADCAST_EDGE), Reducer 9 (BROADCAST_EDGE)
Map 22 <- Reducer 18 (BROADCAST_EDGE)
Map 23 <- Reducer 21 (BROADCAST_EDGE)
Reducer 13 <- Map 12 (SIMPLE_EDGE), Map 14 (SIMPLE_EDGE)
Reducer 15 <- Map 14 (CUSTOM_SIMPLE_EDGE)
Reducer 16 <- Map 14 (SIMPLE_EDGE), Map 22 (SIMPLE_EDGE)
Reducer 17 <- Reducer 16 (SIMPLE_EDGE)
Reducer 18 <- Map 14 (CUSTOM_SIMPLE_EDGE)
Reducer 19 <- Map 14 (SIMPLE_EDGE), Map 23 (SIMPLE_EDGE)
Reducer 2 <- Map 1 (SIMPLE_EDGE), Map 10 (SIMPLE_EDGE)
Reducer 20 <- Reducer 19 (SIMPLE_EDGE)
Reducer 21 <- Map 14 (CUSTOM_SIMPLE_EDGE)
Reducer 3 <- Map 11 (SIMPLE_EDGE), Reducer 2 (SIMPLE_EDGE)
Reducer 4 <- Reducer 13 (SIMPLE_EDGE), Reducer 3 (SIMPLE_EDGE)
Reducer 5 <- Reducer 17 (ONE_TO_ONE_EDGE), Reducer 4 (ONE_TO_ONE_EDGE)
Reducer 6 <- Reducer 20 (ONE_TO_ONE_EDGE), Reducer 5 (ONE_TO_ONE_EDGE)
Reducer 7 <- Reducer 6 (SIMPLE_EDGE)
Reducer 8 <- Reducer 7 (SIMPLE_EDGE)
Reducer 9 <- Reducer 3 (CUSTOM_SIMPLE_EDGE)

Stage-0
  Fetch Operator
    limit:100
    Stage-1
      Reducer 8 vectorized
      File Output Operator [FS_231]
        Limit [LIM_230] (rows=100 width=88)
          Number of rows:100
          Select Operator [SEL_229] (rows=421657640 width=88)
            Output:["_col0","_col1","_col2","_col3","_col4","_col5","_col6","_col7","_col8","_col9","_col10","_col11","_col12","_col13"]
          <-Reducer 7 [SIMPLE_EDGE] vectorized
            SHUFFLE [RS_228]
              Select Operator [SEL_227] (rows=421657640 width=88)
                Output:["_col0","_col1","_col2","_col3","_col4","_col6","_col8","_col10","_col12"]
                Group By Operator [GBY_226] (rows=421657640 width=88)
                  Output:["_col0","_col1","_col2","_col3","_col4","_col5","_col6","_col7","_col8"],aggregations:["count(VALUE._col0)"],keys:KEY._col0, KEY._col1, KEY._col2, KEY._col3, KEY._col4, KEY._col5, KEY._col6, KEY._col7
                <-Reducer 6 [SIMPLE_EDGE]
                  SHUFFLE [RS_66]
                    PartitionCols:_col0, _col1, _col2, _col3, _col4, _col5, _col6, _col7
                    Group By Operator [GBY_65] (rows=843315281 width=88)
                      Output:["_col0","_col1","_col2","_col3","_col4","_col5","_col6","_col7","_col8"],aggregations:["count()"],keys:_col6, _col7, _col8, _col9, _col10, _col11, _col12, _col13
                      Top N Key Operator [TNK_102] (rows=843315281 width=88)
                        keys:_col6, _col7, _col8, _col9, _col10, _col11, _col12, _col13,sort order:++++++++,top n:100
                        Select Operator [SEL_64] (rows=843315281 width=88)
                          Output:["_col6","_col7","_col8","_col9","_col10","_col11","_col12","_col13"]
                          Filter Operator [FIL_63] (rows=843315281 width=88)
                            predicate:(_col15 is not null or _col17 is not null)
                            Merge Join Operator [MERGEJOIN_180] (rows=843315281 width=88)
                              Conds:RS_60._col0=RS_225._col0(Left Outer),Output:["_col6","_col7","_col8","_col9","_col10","_col11","_col12","_col13","_col15","_col17"]
                            <-Reducer 20 [ONE_TO_ONE_EDGE] vectorized
                              FORWARD [RS_225]
                                PartitionCols:_col0
                                Select Operator [SEL_224] (rows=158394413 width=135)
                                  Output:["_col0","_col1"]
                                  Group By Operator [GBY_223] (rows=158394413 width=135)
                                    Output:["_col0"],keys:KEY._col0
                                  <-Reducer 19 [SIMPLE_EDGE]
                                    SHUFFLE [RS_43]
                                      PartitionCols:_col0
                                      Group By Operator [GBY_42] (rows=316788826 width=135)
                                        Output:["_col0"],keys:_col1
                                        Merge Join Operator [MERGEJOIN_177] (rows=316788826 width=135)
                                          Conds:RS_222._col0=RS_195._col0(Inner),Output:["_col1"]
                                        <-Map 14 [SIMPLE_EDGE] vectorized
                                          PARTITION_ONLY_SHUFFLE [RS_195]
                                            PartitionCols:_col0
                                            Select Operator [SEL_190] (rows=36524 width=1119)
                                              Output:["_col0"]
                                              Filter Operator [FIL_189] (rows=36524 width=1119)
                                                predicate:((d_year = 2002) and d_moy BETWEEN 4 AND 7)
                                                TableScan [TS_11] (rows=73049 width=1119)
                                                  default@date_dim,date_dim,Tbl:COMPLETE,Col:NONE,Output:["d_date_sk","d_year","d_moy"]
                                        <-Map 23 [SIMPLE_EDGE] vectorized
                                          SHUFFLE [RS_222]
                                            PartitionCols:_col0
                                            Select Operator [SEL_221] (rows=287989836 width=135)
                                              Output:["_col0","_col1"]
                                              Filter Operator [FIL_220] (rows=287989836 width=135)
                                                predicate:((cs_sold_date_sk BETWEEN DynamicValue(RS_39_date_dim_d_date_sk_min) AND DynamicValue(RS_39_date_dim_d_date_sk_max) and in_bloom_filter(cs_sold_date_sk, DynamicValue(RS_39_date_dim_d_date_sk_bloom_filter))) and cs_ship_customer_sk is not null and cs_sold_date_sk is not null)
                                                TableScan [TS_32] (rows=287989836 width=135)
                                                  default@catalog_sales,catalog_sales,Tbl:COMPLETE,Col:NONE,Output:["cs_sold_date_sk","cs_ship_customer_sk"]
                                                <-Reducer 21 [BROADCAST_EDGE] vectorized
                                                  BROADCAST [RS_219]
                                                    Group By Operator [GBY_218] (rows=1 width=12)
                                                      Output:["_col0","_col1","_col2"],aggregations:["min(VALUE._col0)","max(VALUE._col1)","bloom_filter(VALUE._col2, expectedEntries=1000000)"]
                                                    <-Map 14 [CUSTOM_SIMPLE_EDGE] vectorized
                                                      PARTITION_ONLY_SHUFFLE [RS_202]
                                                        Group By Operator [GBY_199] (rows=1 width=12)
                                                          Output:["_col0","_col1","_col2"],aggregations:["min(_col0)","max(_col0)","bloom_filter(_col0, expectedEntries=1000000)"]
                                                          Select Operator [SEL_196] (rows=36524 width=1119)
                                                            Output:["_col0"]
                                                             Please refer to the previous Select Operator [SEL_190]
                            <-Reducer 5 [ONE_TO_ONE_EDGE]
                              FORWARD [RS_60]
                                PartitionCols:_col0
                                Merge Join Operator [MERGEJOIN_179] (rows=766650239 width=88)
                                  Conds:RS_57._col0=RS_217._col0(Left Outer),Output:["_col0","_col6","_col7","_col8","_col9","_col10","_col11","_col12","_col13","_col15"]
                                <-Reducer 17 [ONE_TO_ONE_EDGE] vectorized
                                  FORWARD [RS_217]
                                    PartitionCols:_col0
                                    Select Operator [SEL_216] (rows=79201469 width=135)
                                      Output:["_col0","_col1"]
                                      Group By Operator [GBY_215] (rows=79201469 width=135)
                                        Output:["_col0"],keys:KEY._col0
                                      <-Reducer 16 [SIMPLE_EDGE]
                                        SHUFFLE [RS_29]
                                          PartitionCols:_col0
                                          Group By Operator [GBY_28] (rows=158402938 width=135)
                                            Output:["_col0"],keys:_col1
                                            Merge Join Operator [MERGEJOIN_176] (rows=158402938 width=135)
                                              Conds:RS_214._col0=RS_193._col0(Inner),Output:["_col1"]
                                            <-Map 14 [SIMPLE_EDGE] vectorized
                                              PARTITION_ONLY_SHUFFLE [RS_193]
                                                PartitionCols:_col0
                                                 Please refer to the previous Select Operator [SEL_190]
                                            <-Map 22 [SIMPLE_EDGE] vectorized
                                              SHUFFLE [RS_214]
                                                PartitionCols:_col0
                                                Select Operator [SEL_213] (rows=144002668 width=135)
                                                  Output:["_col0","_col1"]
                                                  Filter Operator [FIL_212] (rows=144002668 width=135)
                                                    predicate:((ws_sold_date_sk BETWEEN DynamicValue(RS_25_date_dim_d_date_sk_min) AND DynamicValue(RS_25_date_dim_d_date_sk_max) and in_bloom_filter(ws_sold_date_sk, DynamicValue(RS_25_date_dim_d_date_sk_bloom_filter))) and ws_bill_customer_sk is not null and ws_sold_date_sk is not null)
                                                    TableScan [TS_18] (rows=144002668 width=135)
                                                      default@web_sales,web_sales,Tbl:COMPLETE,Col:NONE,Output:["ws_sold_date_sk","ws_bill_customer_sk"]
                                                    <-Reducer 18 [BROADCAST_EDGE] vectorized
                                                      BROADCAST [RS_211]
                                                        Group By Operator [GBY_210] (rows=1 width=12)
                                                          Output:["_col0","_col1","_col2"],aggregations:["min(VALUE._col0)","max(VALUE._col1)","bloom_filter(VALUE._col2, expectedEntries=1000000)"]
                                                        <-Map 14 [CUSTOM_SIMPLE_EDGE] vectorized
                                                          PARTITION_ONLY_SHUFFLE [RS_201]
                                                            Group By Operator [GBY_198] (rows=1 width=12)
                                                              Output:["_col0","_col1","_col2"],aggregations:["min(_col0)","max(_col0)","bloom_filter(_col0, expectedEntries=1000000)"]
                                                              Select Operator [SEL_194] (rows=36524 width=1119)
                                                                Output:["_col0"]
                                                                 Please refer to the previous Select Operator [SEL_190]
                                <-Reducer 4 [ONE_TO_ONE_EDGE]
                                  FORWARD [RS_57]
                                    PartitionCols:_col0
                                    Merge Join Operator [MERGEJOIN_178] (rows=696954748 width=88)
                                      Conds:RS_54._col0=RS_55._col0(Left Semi),Output:["_col0","_col6","_col7","_col8","_col9","_col10","_col11","_col12","_col13"]
                                    <-Reducer 3 [SIMPLE_EDGE]
                                      PARTITION_ONLY_SHUFFLE [RS_54]
                                        PartitionCols:_col0
                                        Merge Join Operator [MERGEJOIN_174] (rows=96800003 width=860)
                                          Conds:RS_49._col1=RS_188._col0(Inner),Output:["_col0","_col6","_col7","_col8","_col9","_col10","_col11","_col12","_col13"]
                                        <-Map 11 [SIMPLE_EDGE] vectorized
                                          SHUFFLE [RS_188]
                                            PartitionCols:_col0
                                            Select Operator [SEL_187] (rows=1861800 width=385)
                                              Output:["_col0","_col1","_col2","_col3","_col4","_col5","_col6","_col7","_col8"]
                                              TableScan [TS_6] (rows=1861800 width=385)
                                                default@customer_demographics,customer_demographics,Tbl:COMPLETE,Col:NONE,Output:["cd_demo_sk","cd_gender","cd_marital_status","cd_education_status","cd_purchase_estimate","cd_credit_rating","cd_dep_count","cd_dep_employed_count","cd_dep_college_count"]
                                        <-Reducer 2 [SIMPLE_EDGE]
                                          SHUFFLE [RS_49]
                                            PartitionCols:_col1
                                            Merge Join Operator [MERGEJOIN_173] (rows=88000001 width=860)
                                              Conds:RS_183._col2=RS_186._col0(Inner),Output:["_col0","_col1"]
                                            <-Map 1 [SIMPLE_EDGE] vectorized
                                              SHUFFLE [RS_183]
                                                PartitionCols:_col2
                                                Select Operator [SEL_182] (rows=80000000 width=860)
                                                  Output:["_col0","_col1","_col2"]
                                                  Filter Operator [FIL_181] (rows=80000000 width=860)
                                                    predicate:(c_current_addr_sk is not null and c_current_cdemo_sk is not null)
                                                    TableScan [TS_0] (rows=80000000 width=860)
                                                      default@customer,c,Tbl:COMPLETE,Col:NONE,Output:["c_customer_sk","c_current_cdemo_sk","c_current_addr_sk"]
                                            <-Map 10 [SIMPLE_EDGE] vectorized
                                              SHUFFLE [RS_186]
                                                PartitionCols:_col0
                                                Select Operator [SEL_185] (rows=40000000 width=1014)
                                                  Output:["_col0"]
                                                  Filter Operator [FIL_184] (rows=40000000 width=1014)
                                                    predicate:(ca_county) IN ('Walker County', 'Richland County', 'Gaines County', 'Douglas County', 'Dona Ana County')
                                                    TableScan [TS_3] (rows=40000000 width=1014)
                                                      default@customer_address,ca,Tbl:COMPLETE,Col:NONE,Output:["ca_address_sk","ca_county"]
                                    <-Reducer 13 [SIMPLE_EDGE]
                                      SHUFFLE [RS_55]
                                        PartitionCols:_col0
                                        Group By Operator [GBY_53] (rows=633595212 width=88)
                                          Output:["_col0"],keys:_col0
                                          Select Operator [SEL_17] (rows=633595212 width=88)
                                            Output:["_col0"]
                                            Merge Join Operator [MERGEJOIN_175] (rows=633595212 width=88)
                                              Conds:RS_209._col0=RS_191._col0(Inner),Output:["_col1"]
                                            <-Map 14 [SIMPLE_EDGE] vectorized
                                              PARTITION_ONLY_SHUFFLE [RS_191]
                                                PartitionCols:_col0
                                                 Please refer to the previous Select Operator [SEL_190]
                                            <-Map 12 [SIMPLE_EDGE] vectorized
                                              SHUFFLE [RS_209]
                                                PartitionCols:_col0
                                                Select Operator [SEL_208] (rows=575995635 width=88)
                                                  Output:["_col0","_col1"]
                                                  Filter Operator [FIL_207] (rows=575995635 width=88)
                                                    predicate:((ss_customer_sk BETWEEN DynamicValue(RS_54_c_c_customer_sk_min) AND DynamicValue(RS_54_c_c_customer_sk_max) and in_bloom_filter(ss_customer_sk, DynamicValue(RS_54_c_c_customer_sk_bloom_filter))) and (ss_sold_date_sk BETWEEN DynamicValue(RS_15_date_dim_d_date_sk_min) AND DynamicValue(RS_15_date_dim_d_date_sk_max) and in_bloom_filter(ss_sold_date_sk, DynamicValue(RS_15_date_dim_d_date_sk_bloom_filter))) and ss_customer_sk is not null and ss_sold_date_sk is not null)
                                                    TableScan [TS_8] (rows=575995635 width=88)
                                                      default@store_sales,store_sales,Tbl:COMPLETE,Col:NONE,Output:["ss_sold_date_sk","ss_customer_sk"]
                                                    <-Reducer 15 [BROADCAST_EDGE] vectorized
                                                      BROADCAST [RS_204]
                                                        Group By Operator [GBY_203] (rows=1 width=12)
                                                          Output:["_col0","_col1","_col2"],aggregations:["min(VALUE._col0)","max(VALUE._col1)","bloom_filter(VALUE._col2, expectedEntries=1000000)"]
                                                        <-Map 14 [CUSTOM_SIMPLE_EDGE] vectorized
                                                          PARTITION_ONLY_SHUFFLE [RS_200]
                                                            Group By Operator [GBY_197] (rows=1 width=12)
                                                              Output:["_col0","_col1","_col2"],aggregations:["min(_col0)","max(_col0)","bloom_filter(_col0, expectedEntries=1000000)"]
                                                              Select Operator [SEL_192] (rows=36524 width=1119)
                                                                Output:["_col0"]
                                                                 Please refer to the previous Select Operator [SEL_190]
                                                    <-Reducer 9 [BROADCAST_EDGE] vectorized
                                                      BROADCAST [RS_206]
                                                        Group By Operator [GBY_205] (rows=1 width=12)
                                                          Output:["_col0","_col1","_col2"],aggregations:["min(VALUE._col0)","max(VALUE._col1)","bloom_filter(VALUE._col2, expectedEntries=96800000)"]
                                                        <-Reducer 3 [CUSTOM_SIMPLE_EDGE]
                                                          PARTITION_ONLY_SHUFFLE [RS_135]
                                                            Group By Operator [GBY_134] (rows=1 width=12)
                                                              Output:["_col0","_col1","_col2"],aggregations:["min(_col0)","max(_col0)","bloom_filter(_col0, expectedEntries=96800000)"]
                                                              Select Operator [SEL_133] (rows=96800003 width=860)
                                                                Output:["_col0"]
                                                                 Please refer to the previous Merge Join Operator [MERGEJOIN_174]

