PREHOOK: query: explain
select   
  ca_state,
  cd_gender,
  cd_marital_status,
  count(*) cnt1,
  avg(cd_dep_count),
  max(cd_dep_count),
  sum(cd_dep_count),
  cd_dep_employed_count,
  count(*) cnt2,
  avg(cd_dep_employed_count),
  max(cd_dep_employed_count),
  sum(cd_dep_employed_count),
  cd_dep_college_count,
  count(*) cnt3,
  avg(cd_dep_college_count),
  max(cd_dep_college_count),
  sum(cd_dep_college_count)
 from
  customer c,customer_address ca,customer_demographics
 where
  c.c_current_addr_sk = ca.ca_address_sk and
  cd_demo_sk = c.c_current_cdemo_sk and 
  exists (select *
          from store_sales,date_dim
          where c.c_customer_sk = ss_customer_sk and
                ss_sold_date_sk = d_date_sk and
                d_year = 1999 and
                d_qoy < 4) and
   (exists (select *
            from web_sales,date_dim
            where c.c_customer_sk = ws_bill_customer_sk and
                  ws_sold_date_sk = d_date_sk and
                  d_year = 1999 and
                  d_qoy < 4) or 
    exists (select * 
            from catalog_sales,date_dim
            where c.c_customer_sk = cs_ship_customer_sk and
                  cs_sold_date_sk = d_date_sk and
                  d_year = 1999 and
                  d_qoy < 4))
 group by ca_state,
          cd_gender,
          cd_marital_status,
          cd_dep_count,
          cd_dep_employed_count,
          cd_dep_college_count
 order by ca_state,
          cd_gender,
          cd_marital_status,
          cd_dep_count,
          cd_dep_employed_count,
          cd_dep_college_count
 limit 100
PREHOOK: type: QUERY
PREHOOK: Input: default@catalog_sales
PREHOOK: Input: default@customer
PREHOOK: Input: default@customer_address
PREHOOK: Input: default@customer_demographics
PREHOOK: Input: default@date_dim
PREHOOK: Input: default@store_sales
PREHOOK: Input: default@web_sales
PREHOOK: Output: hdfs://### HDFS PATH ###
POSTHOOK: query: explain
select   
  ca_state,
  cd_gender,
  cd_marital_status,
  count(*) cnt1,
  avg(cd_dep_count),
  max(cd_dep_count),
  sum(cd_dep_count),
  cd_dep_employed_count,
  count(*) cnt2,
  avg(cd_dep_employed_count),
  max(cd_dep_employed_count),
  sum(cd_dep_employed_count),
  cd_dep_college_count,
  count(*) cnt3,
  avg(cd_dep_college_count),
  max(cd_dep_college_count),
  sum(cd_dep_college_count)
 from
  customer c,customer_address ca,customer_demographics
 where
  c.c_current_addr_sk = ca.ca_address_sk and
  cd_demo_sk = c.c_current_cdemo_sk and 
  exists (select *
          from store_sales,date_dim
          where c.c_customer_sk = ss_customer_sk and
                ss_sold_date_sk = d_date_sk and
                d_year = 1999 and
                d_qoy < 4) and
   (exists (select *
            from web_sales,date_dim
            where c.c_customer_sk = ws_bill_customer_sk and
                  ws_sold_date_sk = d_date_sk and
                  d_year = 1999 and
                  d_qoy < 4) or 
    exists (select * 
            from catalog_sales,date_dim
            where c.c_customer_sk = cs_ship_customer_sk and
                  cs_sold_date_sk = d_date_sk and
                  d_year = 1999 and
                  d_qoy < 4))
 group by ca_state,
          cd_gender,
          cd_marital_status,
          cd_dep_count,
          cd_dep_employed_count,
          cd_dep_college_count
 order by ca_state,
          cd_gender,
          cd_marital_status,
          cd_dep_count,
          cd_dep_employed_count,
          cd_dep_college_count
 limit 100
POSTHOOK: type: QUERY
POSTHOOK: Input: default@catalog_sales
POSTHOOK: Input: default@customer
POSTHOOK: Input: default@customer_address
POSTHOOK: Input: default@customer_demographics
POSTHOOK: Input: default@date_dim
POSTHOOK: Input: default@store_sales
POSTHOOK: Input: default@web_sales
POSTHOOK: Output: hdfs://### HDFS PATH ###
Plan optimized by CBO.

Vertex dependency in root stage
Map 12 <- Reducer 15 (BROADCAST_EDGE), Reducer 9 (BROADCAST_EDGE)
Map 22 <- Reducer 18 (BROADCAST_EDGE)
Map 23 <- Reducer 21 (BROADCAST_EDGE)
Reducer 13 <- Map 12 (SIMPLE_EDGE), Map 14 (SIMPLE_EDGE)
Reducer 15 <- Map 14 (CUSTOM_SIMPLE_EDGE)
Reducer 16 <- Map 14 (SIMPLE_EDGE), Map 22 (SIMPLE_EDGE)
Reducer 17 <- Reducer 16 (SIMPLE_EDGE)
Reducer 18 <- Map 14 (CUSTOM_SIMPLE_EDGE)
Reducer 19 <- Map 14 (SIMPLE_EDGE), Map 23 (SIMPLE_EDGE)
Reducer 2 <- Map 1 (SIMPLE_EDGE), Map 10 (SIMPLE_EDGE)
Reducer 20 <- Reducer 19 (SIMPLE_EDGE)
Reducer 21 <- Map 14 (CUSTOM_SIMPLE_EDGE)
Reducer 3 <- Map 11 (SIMPLE_EDGE), Reducer 2 (SIMPLE_EDGE)
Reducer 4 <- Reducer 13 (SIMPLE_EDGE), Reducer 3 (SIMPLE_EDGE)
Reducer 5 <- Reducer 17 (ONE_TO_ONE_EDGE), Reducer 4 (ONE_TO_ONE_EDGE)
Reducer 6 <- Reducer 20 (ONE_TO_ONE_EDGE), Reducer 5 (ONE_TO_ONE_EDGE)
Reducer 7 <- Reducer 6 (SIMPLE_EDGE)
Reducer 8 <- Reducer 7 (SIMPLE_EDGE)
Reducer 9 <- Reducer 3 (CUSTOM_SIMPLE_EDGE)

Stage-0
  Fetch Operator
    limit:-1
    Stage-1
      Reducer 8 vectorized
      File Output Operator [FS_230]
        Limit [LIM_229] (rows=100 width=88)
          Number of rows:100
          Select Operator [SEL_228] (rows=421657640 width=88)
            Output:["_col0","_col1","_col2","_col3","_col4","_col5","_col6","_col7","_col8","_col9","_col10","_col11","_col12","_col13","_col14","_col15","_col16"]
          <-Reducer 7 [SIMPLE_EDGE] vectorized
            SHUFFLE [RS_227]
              Select Operator [SEL_226] (rows=421657640 width=88)
                Output:["_col0","_col1","_col2","_col3","_col4","_col5","_col6","_col7","_col9","_col10","_col11","_col12","_col14","_col15","_col16","_col17"]
                Group By Operator [GBY_225] (rows=421657640 width=88)
                  Output:["_col0","_col1","_col2","_col3","_col4","_col5","_col6","_col7","_col8","_col9","_col10","_col11","_col12","_col13","_col14","_col15"],aggregations:["count(VALUE._col0)","sum(VALUE._col1)","count(VALUE._col2)","max(VALUE._col3)","sum(VALUE._col4)","count(VALUE._col5)","max(VALUE._col6)","sum(VALUE._col7)","count(VALUE._col8)","max(VALUE._col9)"],keys:KEY._col0, KEY._col1, KEY._col2, KEY._col3, KEY._col4, KEY._col5
                <-Reducer 6 [SIMPLE_EDGE]
                  SHUFFLE [RS_65]
                    PartitionCols:_col0, _col1, _col2, _col3, _col4, _col5
                    Group By Operator [GBY_64] (rows=843315281 width=88)
                      Output:["_col0","_col1","_col2","_col3","_col4","_col5","_col6","_col7","_col8","_col9","_col10","_col11","_col12","_col13","_col14","_col15"],aggregations:["count()","sum(_col8)","count(_col8)","max(_col8)","sum(_col9)","count(_col9)","max(_col9)","sum(_col10)","count(_col10)","max(_col10)"],keys:_col4, _col6, _col7, _col8, _col9, _col10
                      Top N Key Operator [TNK_102] (rows=843315281 width=88)
                        keys:_col4, _col6, _col7, _col8, _col9, _col10,sort order:++++++,top n:100
                        Select Operator [SEL_63] (rows=843315281 width=88)
                          Output:["_col4","_col6","_col7","_col8","_col9","_col10"]
                          Filter Operator [FIL_62] (rows=843315281 width=88)
                            predicate:(_col12 is not null or _col14 is not null)
                            Merge Join Operator [MERGEJOIN_180] (rows=843315281 width=88)
                              Conds:RS_59._col0=RS_224._col0(Left Outer),Output:["_col4","_col6","_col7","_col8","_col9","_col10","_col12","_col14"]
                            <-Reducer 20 [ONE_TO_ONE_EDGE] vectorized
                              FORWARD [RS_224]
                                PartitionCols:_col0
                                Select Operator [SEL_223] (rows=158394413 width=135)
                                  Output:["_col0","_col1"]
                                  Group By Operator [GBY_222] (rows=158394413 width=135)
                                    Output:["_col0"],keys:KEY._col0
                                  <-Reducer 19 [SIMPLE_EDGE]
                                    SHUFFLE [RS_42]
                                      PartitionCols:_col0
                                      Group By Operator [GBY_41] (rows=316788826 width=135)
                                        Output:["_col0"],keys:_col1
                                        Merge Join Operator [MERGEJOIN_177] (rows=316788826 width=135)
                                          Conds:RS_221._col0=RS_194._col0(Inner),Output:["_col1"]
                                        <-Map 14 [SIMPLE_EDGE] vectorized
                                          PARTITION_ONLY_SHUFFLE [RS_194]
                                            PartitionCols:_col0
                                            Select Operator [SEL_189] (rows=12174 width=1119)
                                              Output:["_col0"]
                                              Filter Operator [FIL_188] (rows=12174 width=1119)
                                                predicate:((d_qoy < 4) and (d_year = 1999))
                                                TableScan [TS_10] (rows=73049 width=1119)
                                                  default@date_dim,date_dim,Tbl:COMPLETE,Col:NONE,Output:["d_date_sk","d_year","d_qoy"]
                                        <-Map 23 [SIMPLE_EDGE] vectorized
                                          SHUFFLE [RS_221]
                                            PartitionCols:_col0
                                            Select Operator [SEL_220] (rows=287989836 width=135)
                                              Output:["_col0","_col1"]
                                              Filter Operator [FIL_219] (rows=287989836 width=135)
                                                predicate:((cs_sold_date_sk BETWEEN DynamicValue(RS_38_date_dim_d_date_sk_min) AND DynamicValue(RS_38_date_dim_d_date_sk_max) and in_bloom_filter(cs_sold_date_sk, DynamicValue(RS_38_date_dim_d_date_sk_bloom_filter))) and cs_ship_customer_sk is not null and cs_sold_date_sk is not null)
                                                TableScan [TS_31] (rows=287989836 width=135)
                                                  default@catalog_sales,catalog_sales,Tbl:COMPLETE,Col:NONE,Output:["cs_sold_date_sk","cs_ship_customer_sk"]
                                                <-Reducer 21 [BROADCAST_EDGE] vectorized
                                                  BROADCAST [RS_218]
                                                    Group By Operator [GBY_217] (rows=1 width=12)
                                                      Output:["_col0","_col1","_col2"],aggregations:["min(VALUE._col0)","max(VALUE._col1)","bloom_filter(VALUE._col2, expectedEntries=1000000)"]
                                                    <-Map 14 [CUSTOM_SIMPLE_EDGE] vectorized
                                                      PARTITION_ONLY_SHUFFLE [RS_201]
                                                        Group By Operator [GBY_198] (rows=1 width=12)
                                                          Output:["_col0","_col1","_col2"],aggregations:["min(_col0)","max(_col0)","bloom_filter(_col0, expectedEntries=1000000)"]
                                                          Select Operator [SEL_195] (rows=12174 width=1119)
                                                            Output:["_col0"]
                                                             Please refer to the previous Select Operator [SEL_189]
                            <-Reducer 5 [ONE_TO_ONE_EDGE]
                              FORWARD [RS_59]
                                PartitionCols:_col0
                                Merge Join Operator [MERGEJOIN_179] (rows=766650239 width=88)
                                  Conds:RS_56._col0=RS_216._col0(Left Outer),Output:["_col0","_col4","_col6","_col7","_col8","_col9","_col10","_col12"]
                                <-Reducer 17 [ONE_TO_ONE_EDGE] vectorized
                                  FORWARD [RS_216]
                                    PartitionCols:_col0
                                    Select Operator [SEL_215] (rows=79201469 width=135)
                                      Output:["_col0","_col1"]
                                      Group By Operator [GBY_214] (rows=79201469 width=135)
                                        Output:["_col0"],keys:KEY._col0
                                      <-Reducer 16 [SIMPLE_EDGE]
                                        SHUFFLE [RS_28]
                                          PartitionCols:_col0
                                          Group By Operator [GBY_27] (rows=158402938 width=135)
                                            Output:["_col0"],keys:_col1
                                            Merge Join Operator [MERGEJOIN_176] (rows=158402938 width=135)
                                              Conds:RS_213._col0=RS_192._col0(Inner),Output:["_col1"]
                                            <-Map 14 [SIMPLE_EDGE] vectorized
                                              PARTITION_ONLY_SHUFFLE [RS_192]
                                                PartitionCols:_col0
                                                 Please refer to the previous Select Operator [SEL_189]
                                            <-Map 22 [SIMPLE_EDGE] vectorized
                                              SHUFFLE [RS_213]
                                                PartitionCols:_col0
                                                Select Operator [SEL_212] (rows=144002668 width=135)
                                                  Output:["_col0","_col1"]
                                                  Filter Operator [FIL_211] (rows=144002668 width=135)
                                                    predicate:((ws_sold_date_sk BETWEEN DynamicValue(RS_24_date_dim_d_date_sk_min) AND DynamicValue(RS_24_date_dim_d_date_sk_max) and in_bloom_filter(ws_sold_date_sk, DynamicValue(RS_24_date_dim_d_date_sk_bloom_filter))) and ws_bill_customer_sk is not null and ws_sold_date_sk is not null)
                                                    TableScan [TS_17] (rows=144002668 width=135)
                                                      default@web_sales,web_sales,Tbl:COMPLETE,Col:NONE,Output:["ws_sold_date_sk","ws_bill_customer_sk"]
                                                    <-Reducer 18 [BROADCAST_EDGE] vectorized
                                                      BROADCAST [RS_210]
                                                        Group By Operator [GBY_209] (rows=1 width=12)
                                                          Output:["_col0","_col1","_col2"],aggregations:["min(VALUE._col0)","max(VALUE._col1)","bloom_filter(VALUE._col2, expectedEntries=1000000)"]
                                                        <-Map 14 [CUSTOM_SIMPLE_EDGE] vectorized
                                                          PARTITION_ONLY_SHUFFLE [RS_200]
                                                            Group By Operator [GBY_197] (rows=1 width=12)
                                                              Output:["_col0","_col1","_col2"],aggregations:["min(_col0)","max(_col0)","bloom_filter(_col0, expectedEntries=1000000)"]
                                                              Select Operator [SEL_193] (rows=12174 width=1119)
                                                                Output:["_col0"]
                                                                 Please refer to the previous Select Operator [SEL_189]
                                <-Reducer 4 [ONE_TO_ONE_EDGE]
                                  FORWARD [RS_56]
                                    PartitionCols:_col0
                                    Merge Join Operator [MERGEJOIN_178] (rows=696954748 width=88)
                                      Conds:RS_53._col0=RS_54._col0(Left Semi),Output:["_col0","_col4","_col6","_col7","_col8","_col9","_col10"]
                                    <-Reducer 3 [SIMPLE_EDGE]
                                      PARTITION_ONLY_SHUFFLE [RS_53]
                                        PartitionCols:_col0
                                        Merge Join Operator [MERGEJOIN_174] (rows=96800003 width=860)
                                          Conds:RS_48._col1=RS_187._col0(Inner),Output:["_col0","_col4","_col6","_col7","_col8","_col9","_col10"]
                                        <-Map 11 [SIMPLE_EDGE] vectorized
                                          SHUFFLE [RS_187]
                                            PartitionCols:_col0
                                            Select Operator [SEL_186] (rows=1861800 width=385)
                                              Output:["_col0","_col1","_col2","_col3","_col4","_col5"]
                                              TableScan [TS_5] (rows=1861800 width=385)
                                                default@customer_demographics,customer_demographics,Tbl:COMPLETE,Col:NONE,Output:["cd_demo_sk","cd_gender","cd_marital_status","cd_dep_count","cd_dep_employed_count","cd_dep_college_count"]
                                        <-Reducer 2 [SIMPLE_EDGE]
                                          SHUFFLE [RS_48]
                                            PartitionCols:_col1
                                            Merge Join Operator [MERGEJOIN_173] (rows=88000001 width=860)
                                              Conds:RS_183._col2=RS_185._col0(Inner),Output:["_col0","_col1","_col4"]
                                            <-Map 1 [SIMPLE_EDGE] vectorized
                                              SHUFFLE [RS_183]
                                                PartitionCols:_col2
                                                Select Operator [SEL_182] (rows=80000000 width=860)
                                                  Output:["_col0","_col1","_col2"]
                                                  Filter Operator [FIL_181] (rows=80000000 width=860)
                                                    predicate:(c_current_addr_sk is not null and c_current_cdemo_sk is not null)
                                                    TableScan [TS_0] (rows=80000000 width=860)
                                                      default@customer,c,Tbl:COMPLETE,Col:NONE,Output:["c_customer_sk","c_current_cdemo_sk","c_current_addr_sk"]
                                            <-Map 10 [SIMPLE_EDGE] vectorized
                                              SHUFFLE [RS_185]
                                                PartitionCols:_col0
                                                Select Operator [SEL_184] (rows=40000000 width=1014)
                                                  Output:["_col0","_col1"]
                                                  TableScan [TS_3] (rows=40000000 width=1014)
                                                    default@customer_address,ca,Tbl:COMPLETE,Col:NONE,Output:["ca_address_sk","ca_state"]
                                    <-Reducer 13 [SIMPLE_EDGE]
                                      SHUFFLE [RS_54]
                                        PartitionCols:_col0
                                        Group By Operator [GBY_52] (rows=633595212 width=88)
                                          Output:["_col0"],keys:_col0
                                          Select Operator [SEL_16] (rows=633595212 width=88)
                                            Output:["_col0"]
                                            Merge Join Operator [MERGEJOIN_175] (rows=633595212 width=88)
                                              Conds:RS_208._col0=RS_190._col0(Inner),Output:["_col1"]
                                            <-Map 14 [SIMPLE_EDGE] vectorized
                                              PARTITION_ONLY_SHUFFLE [RS_190]
                                                PartitionCols:_col0
                                                 Please refer to the previous Select Operator [SEL_189]
                                            <-Map 12 [SIMPLE_EDGE] vectorized
                                              SHUFFLE [RS_208]
                                                PartitionCols:_col0
                                                Select Operator [SEL_207] (rows=575995635 width=88)
                                                  Output:["_col0","_col1"]
                                                  Filter Operator [FIL_206] (rows=575995635 width=88)
                                                    predicate:((ss_customer_sk BETWEEN DynamicValue(RS_53_c_c_customer_sk_min) AND DynamicValue(RS_53_c_c_customer_sk_max) and in_bloom_filter(ss_customer_sk, DynamicValue(RS_53_c_c_customer_sk_bloom_filter))) and (ss_sold_date_sk BETWEEN DynamicValue(RS_14_date_dim_d_date_sk_min) AND DynamicValue(RS_14_date_dim_d_date_sk_max) and in_bloom_filter(ss_sold_date_sk, DynamicValue(RS_14_date_dim_d_date_sk_bloom_filter))) and ss_customer_sk is not null and ss_sold_date_sk is not null)
                                                    TableScan [TS_7] (rows=575995635 width=88)
                                                      default@store_sales,store_sales,Tbl:COMPLETE,Col:NONE,Output:["ss_sold_date_sk","ss_customer_sk"]
                                                    <-Reducer 15 [BROADCAST_EDGE] vectorized
                                                      BROADCAST [RS_203]
                                                        Group By Operator [GBY_202] (rows=1 width=12)
                                                          Output:["_col0","_col1","_col2"],aggregations:["min(VALUE._col0)","max(VALUE._col1)","bloom_filter(VALUE._col2, expectedEntries=1000000)"]
                                                        <-Map 14 [CUSTOM_SIMPLE_EDGE] vectorized
                                                          PARTITION_ONLY_SHUFFLE [RS_199]
                                                            Group By Operator [GBY_196] (rows=1 width=12)
                                                              Output:["_col0","_col1","_col2"],aggregations:["min(_col0)","max(_col0)","bloom_filter(_col0, expectedEntries=1000000)"]
                                                              Select Operator [SEL_191] (rows=12174 width=1119)
                                                                Output:["_col0"]
                                                                 Please refer to the previous Select Operator [SEL_189]
                                                    <-Reducer 9 [BROADCAST_EDGE] vectorized
                                                      BROADCAST [RS_205]
                                                        Group By Operator [GBY_204] (rows=1 width=12)
                                                          Output:["_col0","_col1","_col2"],aggregations:["min(VALUE._col0)","max(VALUE._col1)","bloom_filter(VALUE._col2, expectedEntries=96800000)"]
                                                        <-Reducer 3 [CUSTOM_SIMPLE_EDGE]
                                                          PARTITION_ONLY_SHUFFLE [RS_135]
                                                            Group By Operator [GBY_134] (rows=1 width=12)
                                                              Output:["_col0","_col1","_col2"],aggregations:["min(_col0)","max(_col0)","bloom_filter(_col0, expectedEntries=96800000)"]
                                                              Select Operator [SEL_133] (rows=96800003 width=860)
                                                                Output:["_col0"]
                                                                 Please refer to the previous Merge Join Operator [MERGEJOIN_174]

