PREHOOK: query: explain
select count(*) 
from ((select distinct c_last_name, c_first_name, d_date
       from store_sales, date_dim, customer
       where store_sales.ss_sold_date_sk = date_dim.d_date_sk
         and store_sales.ss_customer_sk = customer.c_customer_sk
         and d_month_seq between 1212 and 1212+11)
       except
      (select distinct c_last_name, c_first_name, d_date
       from catalog_sales, date_dim, customer
       where catalog_sales.cs_sold_date_sk = date_dim.d_date_sk
         and catalog_sales.cs_bill_customer_sk = customer.c_customer_sk
         and d_month_seq between 1212 and 1212+11)
       except
      (select distinct c_last_name, c_first_name, d_date
       from web_sales, date_dim, customer
       where web_sales.ws_sold_date_sk = date_dim.d_date_sk
         and web_sales.ws_bill_customer_sk = customer.c_customer_sk
         and d_month_seq between 1212 and 1212+11)
) cool_cust
PREHOOK: type: QUERY
PREHOOK: Input: default@catalog_sales
PREHOOK: Input: default@customer
PREHOOK: Input: default@date_dim
PREHOOK: Input: default@store_sales
PREHOOK: Input: default@web_sales
PREHOOK: Output: hdfs://### HDFS PATH ###
POSTHOOK: query: explain
select count(*) 
from ((select distinct c_last_name, c_first_name, d_date
       from store_sales, date_dim, customer
       where store_sales.ss_sold_date_sk = date_dim.d_date_sk
         and store_sales.ss_customer_sk = customer.c_customer_sk
         and d_month_seq between 1212 and 1212+11)
       except
      (select distinct c_last_name, c_first_name, d_date
       from catalog_sales, date_dim, customer
       where catalog_sales.cs_sold_date_sk = date_dim.d_date_sk
         and catalog_sales.cs_bill_customer_sk = customer.c_customer_sk
         and d_month_seq between 1212 and 1212+11)
       except
      (select distinct c_last_name, c_first_name, d_date
       from web_sales, date_dim, customer
       where web_sales.ws_sold_date_sk = date_dim.d_date_sk
         and web_sales.ws_bill_customer_sk = customer.c_customer_sk
         and d_month_seq between 1212 and 1212+11)
) cool_cust
POSTHOOK: type: QUERY
POSTHOOK: Input: default@catalog_sales
POSTHOOK: Input: default@customer
POSTHOOK: Input: default@date_dim
POSTHOOK: Input: default@store_sales
POSTHOOK: Input: default@web_sales
POSTHOOK: Output: hdfs://### HDFS PATH ###
Plan optimized by CBO.

Vertex dependency in root stage
Map 1 <- Reducer 11 (BROADCAST_EDGE), Reducer 21 (BROADCAST_EDGE)
Map 23 <- Reducer 15 (BROADCAST_EDGE), Reducer 22 (BROADCAST_EDGE)
Map 24 <- Reducer 19 (BROADCAST_EDGE)
Reducer 11 <- Map 10 (CUSTOM_SIMPLE_EDGE)
Reducer 12 <- Map 10 (SIMPLE_EDGE), Map 23 (SIMPLE_EDGE)
Reducer 13 <- Map 20 (SIMPLE_EDGE), Reducer 12 (SIMPLE_EDGE)
Reducer 14 <- Reducer 13 (SIMPLE_EDGE), Union 5 (CONTAINS)
Reducer 15 <- Map 10 (CUSTOM_SIMPLE_EDGE)
Reducer 16 <- Map 10 (SIMPLE_EDGE), Map 24 (SIMPLE_EDGE)
Reducer 17 <- Map 20 (SIMPLE_EDGE), Reducer 16 (SIMPLE_EDGE)
Reducer 18 <- Reducer 17 (SIMPLE_EDGE), Union 7 (CONTAINS)
Reducer 19 <- Map 10 (CUSTOM_SIMPLE_EDGE)
Reducer 2 <- Map 1 (SIMPLE_EDGE), Map 10 (SIMPLE_EDGE)
Reducer 21 <- Map 20 (CUSTOM_SIMPLE_EDGE)
Reducer 22 <- Map 20 (CUSTOM_SIMPLE_EDGE)
Reducer 3 <- Map 20 (SIMPLE_EDGE), Reducer 2 (SIMPLE_EDGE)
Reducer 4 <- Reducer 3 (SIMPLE_EDGE), Union 5 (CONTAINS)
Reducer 6 <- Union 5 (SIMPLE_EDGE), Union 7 (CONTAINS)
Reducer 8 <- Union 7 (SIMPLE_EDGE)
Reducer 9 <- Reducer 8 (CUSTOM_SIMPLE_EDGE)

Stage-0
  Fetch Operator
    limit:-1
    Stage-1
      Reducer 9 vectorized
      File Output Operator [FS_276]
        Group By Operator [GBY_275] (rows=1 width=24)
          Output:["_col0"],aggregations:["count(VALUE._col0)"]
        <-Reducer 8 [CUSTOM_SIMPLE_EDGE] vectorized
          PARTITION_ONLY_SHUFFLE [RS_274]
            Group By Operator [GBY_273] (rows=1 width=24)
              Output:["_col0"],aggregations:["count()"]
              Select Operator [SEL_272] (rows=4537552 width=129)
                Filter Operator [FIL_271] (rows=4537552 width=129)
                  predicate:(((_col3 * 2) = _col4) and (_col3 > 0L))
                  Select Operator [SEL_270] (rows=27225312 width=129)
                    Output:["_col3","_col4"]
                    Group By Operator [GBY_269] (rows=27225312 width=129)
                      Output:["_col0","_col1","_col2","_col3","_col4"],aggregations:["sum(VALUE._col0)","sum(VALUE._col1)"],keys:KEY._col0, KEY._col1, KEY._col2
                    <-Union 7 [SIMPLE_EDGE]
                      <-Reducer 18 [CONTAINS] vectorized
                        Reduce Output Operator [RS_302]
                          PartitionCols:_col0, _col1, _col2
                          Group By Operator [GBY_301] (rows=54450625 width=129)
                            Output:["_col0","_col1","_col2","_col3","_col4"],aggregations:["sum(_col3)","sum(_col4)"],keys:_col0, _col1, _col2
                            Select Operator [SEL_300] (rows=54450625 width=129)
                              Output:["_col0","_col1","_col2","_col3","_col4"]
                              Select Operator [SEL_299] (rows=43560808 width=135)
                                Output:["_col0","_col1","_col2","_col3","_col4"]
                                Group By Operator [GBY_298] (rows=43560808 width=135)
                                  Output:["_col0","_col1","_col2","_col3"],aggregations:["count()"],keys:_col1, _col0, _col2
                                  Select Operator [SEL_297] (rows=87121617 width=135)
                                    Output:["_col0","_col1","_col2"]
                                    Group By Operator [GBY_296] (rows=87121617 width=135)
                                      Output:["_col0","_col1","_col2"],keys:KEY._col0, KEY._col1, KEY._col2
                                    <-Reducer 17 [SIMPLE_EDGE]
                                      SHUFFLE [RS_77]
                                        PartitionCols:_col0, _col1, _col2
                                        Group By Operator [GBY_76] (rows=174243235 width=135)
                                          Output:["_col0","_col1","_col2"],keys:_col6, _col5, _col3
                                          Merge Join Operator [MERGEJOIN_189] (rows=174243235 width=135)
                                            Conds:RS_72._col1=RS_244._col0(Inner),Output:["_col3","_col5","_col6"]
                                          <-Map 20 [SIMPLE_EDGE] vectorized
                                            SHUFFLE [RS_244]
                                              PartitionCols:_col0
                                              Select Operator [SEL_239] (rows=80000000 width=860)
                                                Output:["_col0","_col1","_col2"]
                                                TableScan [TS_6] (rows=80000000 width=860)
                                                  default@customer,customer,Tbl:COMPLETE,Col:NONE,Output:["c_customer_sk","c_first_name","c_last_name"]
                                          <-Reducer 16 [SIMPLE_EDGE]
                                            SHUFFLE [RS_72]
                                              PartitionCols:_col1
                                              Merge Join Operator [MERGEJOIN_188] (rows=158402938 width=135)
                                                Conds:RS_295._col0=RS_229._col0(Inner),Output:["_col1","_col3"]
                                              <-Map 10 [SIMPLE_EDGE] vectorized
                                                SHUFFLE [RS_229]
                                                  PartitionCols:_col0
                                                  Select Operator [SEL_224] (rows=73049 width=1119)
                                                    Output:["_col0","_col1"]
                                                    Filter Operator [FIL_223] (rows=73049 width=1119)
                                                      predicate:d_month_seq BETWEEN 1212 AND 1223
                                                      TableScan [TS_3] (rows=73049 width=1119)
                                                        default@date_dim,date_dim,Tbl:COMPLETE,Col:NONE,Output:["d_date_sk","d_date","d_month_seq"]
                                              <-Map 24 [SIMPLE_EDGE] vectorized
                                                SHUFFLE [RS_295]
                                                  PartitionCols:_col0
                                                  Select Operator [SEL_294] (rows=144002668 width=135)
                                                    Output:["_col0","_col1"]
                                                    Filter Operator [FIL_293] (rows=144002668 width=135)
                                                      predicate:((ws_sold_date_sk BETWEEN DynamicValue(RS_70_date_dim_d_date_sk_min) AND DynamicValue(RS_70_date_dim_d_date_sk_max) and in_bloom_filter(ws_sold_date_sk, DynamicValue(RS_70_date_dim_d_date_sk_bloom_filter))) and ws_bill_customer_sk is not null and ws_sold_date_sk is not null)
                                                      TableScan [TS_61] (rows=144002668 width=135)
                                                        default@web_sales,web_sales,Tbl:COMPLETE,Col:NONE,Output:["ws_sold_date_sk","ws_bill_customer_sk"]
                                                      <-Reducer 19 [BROADCAST_EDGE] vectorized
                                                        BROADCAST [RS_292]
                                                          Group By Operator [GBY_291] (rows=1 width=12)
                                                            Output:["_col0","_col1","_col2"],aggregations:["min(VALUE._col0)","max(VALUE._col1)","bloom_filter(VALUE._col2, expectedEntries=1000000)"]
                                                          <-Map 10 [CUSTOM_SIMPLE_EDGE] vectorized
                                                            SHUFFLE [RS_236]
                                                              Group By Operator [GBY_233] (rows=1 width=12)
                                                                Output:["_col0","_col1","_col2"],aggregations:["min(_col0)","max(_col0)","bloom_filter(_col0, expectedEntries=1000000)"]
                                                                Select Operator [SEL_230] (rows=73049 width=1119)
                                                                  Output:["_col0"]
                                                                   Please refer to the previous Select Operator [SEL_224]
                      <-Reducer 6 [CONTAINS] vectorized
                        Reduce Output Operator [RS_268]
                          PartitionCols:_col0, _col1, _col2
                          Group By Operator [GBY_267] (rows=54450625 width=129)
                            Output:["_col0","_col1","_col2","_col3","_col4"],aggregations:["sum(_col3)","sum(_col4)"],keys:_col0, _col1, _col2
                            Select Operator [SEL_266] (rows=54450625 width=129)
                              Output:["_col0","_col1","_col2","_col3","_col4"]
                              Select Operator [SEL_265] (rows=10889817 width=103)
                                Output:["_col0","_col1","_col2","_col3","_col4"]
                                Group By Operator [GBY_264] (rows=10889817 width=103)
                                  Output:["_col0","_col1","_col2","_col3"],aggregations:["count()"],keys:_col0, _col1, _col2
                                  Select Operator [SEL_263] (rows=21779634 width=103)
                                    Output:["_col0","_col1","_col2"]
                                    Filter Operator [FIL_262] (rows=21779634 width=103)
                                      predicate:(((_col3 * 2) = _col4) and (_col3 > 0L))
                                      Group By Operator [GBY_261] (rows=130677808 width=103)
                                        Output:["_col0","_col1","_col2","_col3","_col4"],aggregations:["sum(VALUE._col0)","sum(VALUE._col1)"],keys:KEY._col0, KEY._col1, KEY._col2
                                      <-Union 5 [SIMPLE_EDGE]
                                        <-Reducer 14 [CONTAINS] vectorized
                                          Reduce Output Operator [RS_290]
                                            PartitionCols:_col0, _col1, _col2
                                            Group By Operator [GBY_289] (rows=261355616 width=103)
                                              Output:["_col0","_col1","_col2","_col3","_col4"],aggregations:["sum(_col3)","sum(_col4)"],keys:_col0, _col1, _col2
                                              Select Operator [SEL_288] (rows=261355616 width=103)
                                                Output:["_col0","_col1","_col2","_col3","_col4"]
                                                Select Operator [SEL_287] (rows=87116929 width=135)
                                                  Output:["_col0","_col1","_col2","_col3","_col4"]
                                                  Group By Operator [GBY_286] (rows=87116929 width=135)
                                                    Output:["_col0","_col1","_col2","_col3"],aggregations:["count()"],keys:_col1, _col0, _col2
                                                    Select Operator [SEL_285] (rows=174233858 width=135)
                                                      Output:["_col0","_col1","_col2"]
                                                      Group By Operator [GBY_284] (rows=174233858 width=135)
                                                        Output:["_col0","_col1","_col2"],keys:KEY._col0, KEY._col1, KEY._col2
                                                      <-Reducer 13 [SIMPLE_EDGE]
                                                        SHUFFLE [RS_40]
                                                          PartitionCols:_col0, _col1, _col2
                                                          Group By Operator [GBY_39] (rows=348467716 width=135)
                                                            Output:["_col0","_col1","_col2"],keys:_col6, _col5, _col3
                                                            Merge Join Operator [MERGEJOIN_187] (rows=348467716 width=135)
                                                              Conds:RS_35._col1=RS_242._col0(Inner),Output:["_col3","_col5","_col6"]
                                                            <-Map 20 [SIMPLE_EDGE] vectorized
                                                              SHUFFLE [RS_242]
                                                                PartitionCols:_col0
                                                                 Please refer to the previous Select Operator [SEL_239]
                                                            <-Reducer 12 [SIMPLE_EDGE]
                                                              SHUFFLE [RS_35]
                                                                PartitionCols:_col1
                                                                Merge Join Operator [MERGEJOIN_186] (rows=316788826 width=135)
                                                                  Conds:RS_283._col0=RS_227._col0(Inner),Output:["_col1","_col3"]
                                                                <-Map 10 [SIMPLE_EDGE] vectorized
                                                                  SHUFFLE [RS_227]
                                                                    PartitionCols:_col0
                                                                     Please refer to the previous Select Operator [SEL_224]
                                                                <-Map 23 [SIMPLE_EDGE] vectorized
                                                                  SHUFFLE [RS_283]
                                                                    PartitionCols:_col0
                                                                    Select Operator [SEL_282] (rows=287989836 width=135)
                                                                      Output:["_col0","_col1"]
                                                                      Filter Operator [FIL_281] (rows=287989836 width=135)
                                                                        predicate:((cs_bill_customer_sk BETWEEN DynamicValue(RS_36_customer_c_customer_sk_min) AND DynamicValue(RS_36_customer_c_customer_sk_max) and in_bloom_filter(cs_bill_customer_sk, DynamicValue(RS_36_customer_c_customer_sk_bloom_filter))) and (cs_sold_date_sk BETWEEN DynamicValue(RS_33_date_dim_d_date_sk_min) AND DynamicValue(RS_33_date_dim_d_date_sk_max) and in_bloom_filter(cs_sold_date_sk, DynamicValue(RS_33_date_dim_d_date_sk_bloom_filter))) and cs_bill_customer_sk is not null and cs_sold_date_sk is not null)
                                                                        TableScan [TS_24] (rows=287989836 width=135)
                                                                          default@catalog_sales,catalog_sales,Tbl:COMPLETE,Col:NONE,Output:["cs_sold_date_sk","cs_bill_customer_sk"]
                                                                        <-Reducer 15 [BROADCAST_EDGE] vectorized
                                                                          BROADCAST [RS_278]
                                                                            Group By Operator [GBY_277] (rows=1 width=12)
                                                                              Output:["_col0","_col1","_col2"],aggregations:["min(VALUE._col0)","max(VALUE._col1)","bloom_filter(VALUE._col2, expectedEntries=1000000)"]
                                                                            <-Map 10 [CUSTOM_SIMPLE_EDGE] vectorized
                                                                              SHUFFLE [RS_235]
                                                                                Group By Operator [GBY_232] (rows=1 width=12)
                                                                                  Output:["_col0","_col1","_col2"],aggregations:["min(_col0)","max(_col0)","bloom_filter(_col0, expectedEntries=1000000)"]
                                                                                  Select Operator [SEL_228] (rows=73049 width=1119)
                                                                                    Output:["_col0"]
                                                                                     Please refer to the previous Select Operator [SEL_224]
                                                                        <-Reducer 22 [BROADCAST_EDGE] vectorized
                                                                          BROADCAST [RS_280]
                                                                            Group By Operator [GBY_279] (rows=1 width=12)
                                                                              Output:["_col0","_col1","_col2"],aggregations:["min(VALUE._col0)","max(VALUE._col1)","bloom_filter(VALUE._col2, expectedEntries=80000000)"]
                                                                            <-Map 20 [CUSTOM_SIMPLE_EDGE] vectorized
                                                                              SHUFFLE [RS_248]
                                                                                Group By Operator [GBY_246] (rows=1 width=12)
                                                                                  Output:["_col0","_col1","_col2"],aggregations:["min(_col0)","max(_col0)","bloom_filter(_col0, expectedEntries=80000000)"]
                                                                                  Select Operator [SEL_243] (rows=80000000 width=860)
                                                                                    Output:["_col0"]
                                                                                     Please refer to the previous Select Operator [SEL_239]
                                        <-Reducer 4 [CONTAINS] vectorized
                                          Reduce Output Operator [RS_260]
                                            PartitionCols:_col0, _col1, _col2
                                            Group By Operator [GBY_259] (rows=261355616 width=103)
                                              Output:["_col0","_col1","_col2","_col3","_col4"],aggregations:["sum(_col3)","sum(_col4)"],keys:_col0, _col1, _col2
                                              Select Operator [SEL_258] (rows=261355616 width=103)
                                                Output:["_col0","_col1","_col2","_col3","_col4"]
                                                Select Operator [SEL_257] (rows=174238687 width=88)
                                                  Output:["_col0","_col1","_col2","_col3","_col4"]
                                                  Group By Operator [GBY_256] (rows=174238687 width=88)
                                                    Output:["_col0","_col1","_col2","_col3"],aggregations:["count()"],keys:_col1, _col0, _col2
                                                    Select Operator [SEL_255] (rows=348477374 width=88)
                                                      Output:["_col0","_col1","_col2"]
                                                      Group By Operator [GBY_254] (rows=348477374 width=88)
                                                        Output:["_col0","_col1","_col2"],keys:KEY._col0, KEY._col1, KEY._col2
                                                      <-Reducer 3 [SIMPLE_EDGE]
                                                        SHUFFLE [RS_16]
                                                          PartitionCols:_col0, _col1, _col2
                                                          Group By Operator [GBY_15] (rows=696954748 width=88)
                                                            Output:["_col0","_col1","_col2"],keys:_col6, _col5, _col3
                                                            Merge Join Operator [MERGEJOIN_185] (rows=696954748 width=88)
                                                              Conds:RS_11._col1=RS_240._col0(Inner),Output:["_col3","_col5","_col6"]
                                                            <-Map 20 [SIMPLE_EDGE] vectorized
                                                              SHUFFLE [RS_240]
                                                                PartitionCols:_col0
                                                                 Please refer to the previous Select Operator [SEL_239]
                                                            <-Reducer 2 [SIMPLE_EDGE]
                                                              SHUFFLE [RS_11]
                                                                PartitionCols:_col1
                                                                Merge Join Operator [MERGEJOIN_184] (rows=633595212 width=88)
                                                                  Conds:RS_253._col0=RS_225._col0(Inner),Output:["_col1","_col3"]
                                                                <-Map 10 [SIMPLE_EDGE] vectorized
                                                                  SHUFFLE [RS_225]
                                                                    PartitionCols:_col0
                                                                     Please refer to the previous Select Operator [SEL_224]
                                                                <-Map 1 [SIMPLE_EDGE] vectorized
                                                                  SHUFFLE [RS_253]
                                                                    PartitionCols:_col0
                                                                    Select Operator [SEL_252] (rows=575995635 width=88)
                                                                      Output:["_col0","_col1"]
                                                                      Filter Operator [FIL_251] (rows=575995635 width=88)
                                                                        predicate:((ss_customer_sk BETWEEN DynamicValue(RS_12_customer_c_customer_sk_min) AND DynamicValue(RS_12_customer_c_customer_sk_max) and in_bloom_filter(ss_customer_sk, DynamicValue(RS_12_customer_c_customer_sk_bloom_filter))) and (ss_sold_date_sk BETWEEN DynamicValue(RS_9_date_dim_d_date_sk_min) AND DynamicValue(RS_9_date_dim_d_date_sk_max) and in_bloom_filter(ss_sold_date_sk, DynamicValue(RS_9_date_dim_d_date_sk_bloom_filter))) and ss_customer_sk is not null and ss_sold_date_sk is not null)
                                                                        TableScan [TS_0] (rows=575995635 width=88)
                                                                          default@store_sales,store_sales,Tbl:COMPLETE,Col:NONE,Output:["ss_sold_date_sk","ss_customer_sk"]
                                                                        <-Reducer 11 [BROADCAST_EDGE] vectorized
                                                                          BROADCAST [RS_238]
                                                                            Group By Operator [GBY_237] (rows=1 width=12)
                                                                              Output:["_col0","_col1","_col2"],aggregations:["min(VALUE._col0)","max(VALUE._col1)","bloom_filter(VALUE._col2, expectedEntries=1000000)"]
                                                                            <-Map 10 [CUSTOM_SIMPLE_EDGE] vectorized
                                                                              SHUFFLE [RS_234]
                                                                                Group By Operator [GBY_231] (rows=1 width=12)
                                                                                  Output:["_col0","_col1","_col2"],aggregations:["min(_col0)","max(_col0)","bloom_filter(_col0, expectedEntries=1000000)"]
                                                                                  Select Operator [SEL_226] (rows=73049 width=1119)
                                                                                    Output:["_col0"]
                                                                                     Please refer to the previous Select Operator [SEL_224]
                                                                        <-Reducer 21 [BROADCAST_EDGE] vectorized
                                                                          BROADCAST [RS_250]
                                                                            Group By Operator [GBY_249] (rows=1 width=12)
                                                                              Output:["_col0","_col1","_col2"],aggregations:["min(VALUE._col0)","max(VALUE._col1)","bloom_filter(VALUE._col2, expectedEntries=80000000)"]
                                                                            <-Map 20 [CUSTOM_SIMPLE_EDGE] vectorized
                                                                              SHUFFLE [RS_247]
                                                                                Group By Operator [GBY_245] (rows=1 width=12)
                                                                                  Output:["_col0","_col1","_col2"],aggregations:["min(_col0)","max(_col0)","bloom_filter(_col0, expectedEntries=80000000)"]
                                                                                  Select Operator [SEL_241] (rows=80000000 width=860)
                                                                                    Output:["_col0"]
                                                                                     Please refer to the previous Select Operator [SEL_239]

