PREHOOK: query: explain
select  
  cd_gender,
  cd_marital_status,
  cd_education_status,
  count(*) cnt1,
  cd_purchase_estimate,
  count(*) cnt2,
  cd_credit_rating,
  count(*) cnt3
 from
  customer c,customer_address ca,customer_demographics
 where
  c.c_current_addr_sk = ca.ca_address_sk and
  ca_state in ('CO','IL','MN') and
  cd_demo_sk = c.c_current_cdemo_sk and 
  exists (select *
          from store_sales,date_dim
          where c.c_customer_sk = ss_customer_sk and
                ss_sold_date_sk = d_date_sk and
                d_year = 1999 and
                d_moy between 1 and 1+2) and
   (not exists (select *
            from web_sales,date_dim
            where c.c_customer_sk = ws_bill_customer_sk and
                  ws_sold_date_sk = d_date_sk and
                  d_year = 1999 and
                  d_moy between 1 and 1+2) and
    not exists (select * 
            from catalog_sales,date_dim
            where c.c_customer_sk = cs_ship_customer_sk and
                  cs_sold_date_sk = d_date_sk and
                  d_year = 1999 and
                  d_moy between 1 and 1+2))
 group by cd_gender,
          cd_marital_status,
          cd_education_status,
          cd_purchase_estimate,
          cd_credit_rating
 order by cd_gender,
          cd_marital_status,
          cd_education_status,
          cd_purchase_estimate,
          cd_credit_rating
 limit 100
PREHOOK: type: QUERY
PREHOOK: Input: default@catalog_sales
PREHOOK: Input: default@customer
PREHOOK: Input: default@customer_address
PREHOOK: Input: default@customer_demographics
PREHOOK: Input: default@date_dim
PREHOOK: Input: default@store_sales
PREHOOK: Input: default@web_sales
PREHOOK: Output: hdfs://### HDFS PATH ###
POSTHOOK: query: explain
select  
  cd_gender,
  cd_marital_status,
  cd_education_status,
  count(*) cnt1,
  cd_purchase_estimate,
  count(*) cnt2,
  cd_credit_rating,
  count(*) cnt3
 from
  customer c,customer_address ca,customer_demographics
 where
  c.c_current_addr_sk = ca.ca_address_sk and
  ca_state in ('CO','IL','MN') and
  cd_demo_sk = c.c_current_cdemo_sk and 
  exists (select *
          from store_sales,date_dim
          where c.c_customer_sk = ss_customer_sk and
                ss_sold_date_sk = d_date_sk and
                d_year = 1999 and
                d_moy between 1 and 1+2) and
   (not exists (select *
            from web_sales,date_dim
            where c.c_customer_sk = ws_bill_customer_sk and
                  ws_sold_date_sk = d_date_sk and
                  d_year = 1999 and
                  d_moy between 1 and 1+2) and
    not exists (select * 
            from catalog_sales,date_dim
            where c.c_customer_sk = cs_ship_customer_sk and
                  cs_sold_date_sk = d_date_sk and
                  d_year = 1999 and
                  d_moy between 1 and 1+2))
 group by cd_gender,
          cd_marital_status,
          cd_education_status,
          cd_purchase_estimate,
          cd_credit_rating
 order by cd_gender,
          cd_marital_status,
          cd_education_status,
          cd_purchase_estimate,
          cd_credit_rating
 limit 100
POSTHOOK: type: QUERY
POSTHOOK: Input: default@catalog_sales
POSTHOOK: Input: default@customer
POSTHOOK: Input: default@customer_address
POSTHOOK: Input: default@customer_demographics
POSTHOOK: Input: default@date_dim
POSTHOOK: Input: default@store_sales
POSTHOOK: Input: default@web_sales
POSTHOOK: Output: hdfs://### HDFS PATH ###
Plan optimized by CBO.

Vertex dependency in root stage
Map 12 <- Reducer 15 (BROADCAST_EDGE), Reducer 9 (BROADCAST_EDGE)
Map 22 <- Reducer 18 (BROADCAST_EDGE)
Map 23 <- Reducer 21 (BROADCAST_EDGE)
Reducer 13 <- Map 12 (SIMPLE_EDGE), Map 14 (SIMPLE_EDGE)
Reducer 15 <- Map 14 (CUSTOM_SIMPLE_EDGE)
Reducer 16 <- Map 14 (SIMPLE_EDGE), Map 22 (SIMPLE_EDGE)
Reducer 17 <- Reducer 16 (SIMPLE_EDGE)
Reducer 18 <- Map 14 (CUSTOM_SIMPLE_EDGE)
Reducer 19 <- Map 14 (SIMPLE_EDGE), Map 23 (SIMPLE_EDGE)
Reducer 2 <- Map 1 (SIMPLE_EDGE), Map 10 (SIMPLE_EDGE)
Reducer 20 <- Reducer 19 (SIMPLE_EDGE)
Reducer 21 <- Map 14 (CUSTOM_SIMPLE_EDGE)
Reducer 3 <- Map 11 (SIMPLE_EDGE), Reducer 2 (SIMPLE_EDGE)
Reducer 4 <- Reducer 13 (SIMPLE_EDGE), Reducer 3 (SIMPLE_EDGE)
Reducer 5 <- Reducer 17 (ONE_TO_ONE_EDGE), Reducer 4 (ONE_TO_ONE_EDGE)
Reducer 6 <- Reducer 20 (ONE_TO_ONE_EDGE), Reducer 5 (ONE_TO_ONE_EDGE)
Reducer 7 <- Reducer 6 (SIMPLE_EDGE)
Reducer 8 <- Reducer 7 (SIMPLE_EDGE)
Reducer 9 <- Reducer 3 (CUSTOM_SIMPLE_EDGE)

Stage-0
  Fetch Operator
    limit:100
    Stage-1
      Reducer 8 vectorized
      File Output Operator [FS_234]
        Limit [LIM_233] (rows=100 width=88)
          Number of rows:100
          Select Operator [SEL_232] (rows=105414410 width=88)
            Output:["_col0","_col1","_col2","_col3","_col4","_col5","_col6","_col7"]
          <-Reducer 7 [SIMPLE_EDGE] vectorized
            SHUFFLE [RS_231]
              Select Operator [SEL_230] (rows=105414410 width=88)
                Output:["_col0","_col1","_col2","_col3","_col4","_col6"]
                Group By Operator [GBY_229] (rows=105414410 width=88)
                  Output:["_col0","_col1","_col2","_col3","_col4","_col5"],aggregations:["count(VALUE._col0)"],keys:KEY._col0, KEY._col1, KEY._col2, KEY._col3, KEY._col4
                <-Reducer 6 [SIMPLE_EDGE]
                  SHUFFLE [RS_68]
                    PartitionCols:_col0, _col1, _col2, _col3, _col4
                    Group By Operator [GBY_67] (rows=210828820 width=88)
                      Output:["_col0","_col1","_col2","_col3","_col4","_col5"],aggregations:["count()"],keys:_col6, _col7, _col8, _col9, _col10
                      Top N Key Operator [TNK_104] (rows=210828820 width=88)
                        keys:_col6, _col7, _col8, _col9, _col10,sort order:+++++,top n:100
                        Select Operator [SEL_66] (rows=210828820 width=88)
                          Output:["_col6","_col7","_col8","_col9","_col10"]
                          Filter Operator [FIL_65] (rows=210828820 width=88)
                            predicate:_col14 is null
                            Merge Join Operator [MERGEJOIN_183] (rows=421657640 width=88)
                              Conds:RS_62._col0=RS_228._col0(Left Outer),Output:["_col6","_col7","_col8","_col9","_col10","_col14"]
                            <-Reducer 20 [ONE_TO_ONE_EDGE] vectorized
                              FORWARD [RS_228]
                                PartitionCols:_col0
                                Select Operator [SEL_227] (rows=158394413 width=135)
                                  Output:["_col0","_col1"]
                                  Group By Operator [GBY_226] (rows=158394413 width=135)
                                    Output:["_col0"],keys:KEY._col0
                                  <-Reducer 19 [SIMPLE_EDGE]
                                    SHUFFLE [RS_59]
                                      PartitionCols:_col0
                                      Group By Operator [GBY_58] (rows=316788826 width=135)
                                        Output:["_col0"],keys:_col1
                                        Merge Join Operator [MERGEJOIN_180] (rows=316788826 width=135)
                                          Conds:RS_225._col0=RS_198._col0(Inner),Output:["_col1"]
                                        <-Map 14 [SIMPLE_EDGE] vectorized
                                          PARTITION_ONLY_SHUFFLE [RS_198]
                                            PartitionCols:_col0
                                            Select Operator [SEL_193] (rows=36524 width=1119)
                                              Output:["_col0"]
                                              Filter Operator [FIL_192] (rows=36524 width=1119)
                                                predicate:((d_year = 1999) and d_moy BETWEEN 1 AND 3)
                                                TableScan [TS_11] (rows=73049 width=1119)
                                                  default@date_dim,date_dim,Tbl:COMPLETE,Col:NONE,Output:["d_date_sk","d_year","d_moy"]
                                        <-Map 23 [SIMPLE_EDGE] vectorized
                                          SHUFFLE [RS_225]
                                            PartitionCols:_col0
                                            Select Operator [SEL_224] (rows=287989836 width=135)
                                              Output:["_col0","_col1"]
                                              Filter Operator [FIL_223] (rows=287989836 width=135)
                                                predicate:((cs_sold_date_sk BETWEEN DynamicValue(RS_55_date_dim_d_date_sk_min) AND DynamicValue(RS_55_date_dim_d_date_sk_max) and in_bloom_filter(cs_sold_date_sk, DynamicValue(RS_55_date_dim_d_date_sk_bloom_filter))) and cs_ship_customer_sk is not null and cs_sold_date_sk is not null)
                                                TableScan [TS_48] (rows=287989836 width=135)
                                                  default@catalog_sales,catalog_sales,Tbl:COMPLETE,Col:NONE,Output:["cs_sold_date_sk","cs_ship_customer_sk"]
                                                <-Reducer 21 [BROADCAST_EDGE] vectorized
                                                  BROADCAST [RS_222]
                                                    Group By Operator [GBY_221] (rows=1 width=12)
                                                      Output:["_col0","_col1","_col2"],aggregations:["min(VALUE._col0)","max(VALUE._col1)","bloom_filter(VALUE._col2, expectedEntries=1000000)"]
                                                    <-Map 14 [CUSTOM_SIMPLE_EDGE] vectorized
                                                      PARTITION_ONLY_SHUFFLE [RS_205]
                                                        Group By Operator [GBY_202] (rows=1 width=12)
                                                          Output:["_col0","_col1","_col2"],aggregations:["min(_col0)","max(_col0)","bloom_filter(_col0, expectedEntries=1000000)"]
                                                          Select Operator [SEL_199] (rows=36524 width=1119)
                                                            Output:["_col0"]
                                                             Please refer to the previous Select Operator [SEL_193]
                            <-Reducer 5 [ONE_TO_ONE_EDGE]
                              FORWARD [RS_62]
                                PartitionCols:_col0
                                Select Operator [SEL_47] (rows=383325119 width=88)
                                  Output:["_col0","_col6","_col7","_col8","_col9","_col10"]
                                  Filter Operator [FIL_46] (rows=383325119 width=88)
                                    predicate:_col12 is null
                                    Merge Join Operator [MERGEJOIN_182] (rows=766650239 width=88)
                                      Conds:RS_43._col0=RS_220._col0(Left Outer),Output:["_col0","_col6","_col7","_col8","_col9","_col10","_col12"]
                                    <-Reducer 17 [ONE_TO_ONE_EDGE] vectorized
                                      FORWARD [RS_220]
                                        PartitionCols:_col0
                                        Select Operator [SEL_219] (rows=79201469 width=135)
                                          Output:["_col0","_col1"]
                                          Group By Operator [GBY_218] (rows=79201469 width=135)
                                            Output:["_col0"],keys:KEY._col0
                                          <-Reducer 16 [SIMPLE_EDGE]
                                            SHUFFLE [RS_29]
                                              PartitionCols:_col0
                                              Group By Operator [GBY_28] (rows=158402938 width=135)
                                                Output:["_col0"],keys:_col1
                                                Merge Join Operator [MERGEJOIN_179] (rows=158402938 width=135)
                                                  Conds:RS_217._col0=RS_196._col0(Inner),Output:["_col1"]
                                                <-Map 14 [SIMPLE_EDGE] vectorized
                                                  PARTITION_ONLY_SHUFFLE [RS_196]
                                                    PartitionCols:_col0
                                                     Please refer to the previous Select Operator [SEL_193]
                                                <-Map 22 [SIMPLE_EDGE] vectorized
                                                  SHUFFLE [RS_217]
                                                    PartitionCols:_col0
                                                    Select Operator [SEL_216] (rows=144002668 width=135)
                                                      Output:["_col0","_col1"]
                                                      Filter Operator [FIL_215] (rows=144002668 width=135)
                                                        predicate:((ws_sold_date_sk BETWEEN DynamicValue(RS_25_date_dim_d_date_sk_min) AND DynamicValue(RS_25_date_dim_d_date_sk_max) and in_bloom_filter(ws_sold_date_sk, DynamicValue(RS_25_date_dim_d_date_sk_bloom_filter))) and ws_bill_customer_sk is not null and ws_sold_date_sk is not null)
                                                        TableScan [TS_18] (rows=144002668 width=135)
                                                          default@web_sales,web_sales,Tbl:COMPLETE,Col:NONE,Output:["ws_sold_date_sk","ws_bill_customer_sk"]
                                                        <-Reducer 18 [BROADCAST_EDGE] vectorized
                                                          BROADCAST [RS_214]
                                                            Group By Operator [GBY_213] (rows=1 width=12)
                                                              Output:["_col0","_col1","_col2"],aggregations:["min(VALUE._col0)","max(VALUE._col1)","bloom_filter(VALUE._col2, expectedEntries=1000000)"]
                                                            <-Map 14 [CUSTOM_SIMPLE_EDGE] vectorized
                                                              PARTITION_ONLY_SHUFFLE [RS_204]
                                                                Group By Operator [GBY_201] (rows=1 width=12)
                                                                  Output:["_col0","_col1","_col2"],aggregations:["min(_col0)","max(_col0)","bloom_filter(_col0, expectedEntries=1000000)"]
                                                                  Select Operator [SEL_197] (rows=36524 width=1119)
                                                                    Output:["_col0"]
                                                                     Please refer to the previous Select Operator [SEL_193]
                                    <-Reducer 4 [ONE_TO_ONE_EDGE]
                                      FORWARD [RS_43]
                                        PartitionCols:_col0
                                        Merge Join Operator [MERGEJOIN_181] (rows=696954748 width=88)
                                          Conds:RS_40._col0=RS_41._col0(Left Semi),Output:["_col0","_col6","_col7","_col8","_col9","_col10"]
                                        <-Reducer 3 [SIMPLE_EDGE]
                                          PARTITION_ONLY_SHUFFLE [RS_40]
                                            PartitionCols:_col0
                                            Merge Join Operator [MERGEJOIN_177] (rows=96800003 width=860)
                                              Conds:RS_35._col1=RS_191._col0(Inner),Output:["_col0","_col6","_col7","_col8","_col9","_col10"]
                                            <-Map 11 [SIMPLE_EDGE] vectorized
                                              SHUFFLE [RS_191]
                                                PartitionCols:_col0
                                                Select Operator [SEL_190] (rows=1861800 width=385)
                                                  Output:["_col0","_col1","_col2","_col3","_col4","_col5"]
                                                  TableScan [TS_6] (rows=1861800 width=385)
                                                    default@customer_demographics,customer_demographics,Tbl:COMPLETE,Col:NONE,Output:["cd_demo_sk","cd_gender","cd_marital_status","cd_education_status","cd_purchase_estimate","cd_credit_rating"]
                                            <-Reducer 2 [SIMPLE_EDGE]
                                              SHUFFLE [RS_35]
                                                PartitionCols:_col1
                                                Merge Join Operator [MERGEJOIN_176] (rows=88000001 width=860)
                                                  Conds:RS_186._col2=RS_189._col0(Inner),Output:["_col0","_col1"]
                                                <-Map 1 [SIMPLE_EDGE] vectorized
                                                  SHUFFLE [RS_186]
                                                    PartitionCols:_col2
                                                    Select Operator [SEL_185] (rows=80000000 width=860)
                                                      Output:["_col0","_col1","_col2"]
                                                      Filter Operator [FIL_184] (rows=80000000 width=860)
                                                        predicate:(c_current_addr_sk is not null and c_current_cdemo_sk is not null)
                                                        TableScan [TS_0] (rows=80000000 width=860)
                                                          default@customer,c,Tbl:COMPLETE,Col:NONE,Output:["c_customer_sk","c_current_cdemo_sk","c_current_addr_sk"]
                                                <-Map 10 [SIMPLE_EDGE] vectorized
                                                  SHUFFLE [RS_189]
                                                    PartitionCols:_col0
                                                    Select Operator [SEL_188] (rows=40000000 width=1014)
                                                      Output:["_col0"]
                                                      Filter Operator [FIL_187] (rows=40000000 width=1014)
                                                        predicate:(ca_state) IN ('CO', 'IL', 'MN')
                                                        TableScan [TS_3] (rows=40000000 width=1014)
                                                          default@customer_address,ca,Tbl:COMPLETE,Col:NONE,Output:["ca_address_sk","ca_state"]
                                        <-Reducer 13 [SIMPLE_EDGE]
                                          SHUFFLE [RS_41]
                                            PartitionCols:_col0
                                            Group By Operator [GBY_39] (rows=633595212 width=88)
                                              Output:["_col0"],keys:_col0
                                              Select Operator [SEL_17] (rows=633595212 width=88)
                                                Output:["_col0"]
                                                Merge Join Operator [MERGEJOIN_178] (rows=633595212 width=88)
                                                  Conds:RS_212._col0=RS_194._col0(Inner),Output:["_col1"]
                                                <-Map 14 [SIMPLE_EDGE] vectorized
                                                  PARTITION_ONLY_SHUFFLE [RS_194]
                                                    PartitionCols:_col0
                                                     Please refer to the previous Select Operator [SEL_193]
                                                <-Map 12 [SIMPLE_EDGE] vectorized
                                                  SHUFFLE [RS_212]
                                                    PartitionCols:_col0
                                                    Select Operator [SEL_211] (rows=575995635 width=88)
                                                      Output:["_col0","_col1"]
                                                      Filter Operator [FIL_210] (rows=575995635 width=88)
                                                        predicate:((ss_customer_sk BETWEEN DynamicValue(RS_40_c_c_customer_sk_min) AND DynamicValue(RS_40_c_c_customer_sk_max) and in_bloom_filter(ss_customer_sk, DynamicValue(RS_40_c_c_customer_sk_bloom_filter))) and (ss_sold_date_sk BETWEEN DynamicValue(RS_15_date_dim_d_date_sk_min) AND DynamicValue(RS_15_date_dim_d_date_sk_max) and in_bloom_filter(ss_sold_date_sk, DynamicValue(RS_15_date_dim_d_date_sk_bloom_filter))) and ss_customer_sk is not null and ss_sold_date_sk is not null)
                                                        TableScan [TS_8] (rows=575995635 width=88)
                                                          default@store_sales,store_sales,Tbl:COMPLETE,Col:NONE,Output:["ss_sold_date_sk","ss_customer_sk"]
                                                        <-Reducer 15 [BROADCAST_EDGE] vectorized
                                                          BROADCAST [RS_207]
                                                            Group By Operator [GBY_206] (rows=1 width=12)
                                                              Output:["_col0","_col1","_col2"],aggregations:["min(VALUE._col0)","max(VALUE._col1)","bloom_filter(VALUE._col2, expectedEntries=1000000)"]
                                                            <-Map 14 [CUSTOM_SIMPLE_EDGE] vectorized
                                                              PARTITION_ONLY_SHUFFLE [RS_203]
                                                                Group By Operator [GBY_200] (rows=1 width=12)
                                                                  Output:["_col0","_col1","_col2"],aggregations:["min(_col0)","max(_col0)","bloom_filter(_col0, expectedEntries=1000000)"]
                                                                  Select Operator [SEL_195] (rows=36524 width=1119)
                                                                    Output:["_col0"]
                                                                     Please refer to the previous Select Operator [SEL_193]
                                                        <-Reducer 9 [BROADCAST_EDGE] vectorized
                                                          BROADCAST [RS_209]
                                                            Group By Operator [GBY_208] (rows=1 width=12)
                                                              Output:["_col0","_col1","_col2"],aggregations:["min(VALUE._col0)","max(VALUE._col1)","bloom_filter(VALUE._col2, expectedEntries=96800000)"]
                                                            <-Reducer 3 [CUSTOM_SIMPLE_EDGE]
                                                              PARTITION_ONLY_SHUFFLE [RS_137]
                                                                Group By Operator [GBY_136] (rows=1 width=12)
                                                                  Output:["_col0","_col1","_col2"],aggregations:["min(_col0)","max(_col0)","bloom_filter(_col0, expectedEntries=96800000)"]
                                                                  Select Operator [SEL_135] (rows=96800003 width=860)
                                                                    Output:["_col0"]
                                                                     Please refer to the previous Merge Join Operator [MERGEJOIN_177]

