PREHOOK: query: explain
select 
	s_store_name,
	i_item_desc,
	sc.revenue,
	i_current_price,
	i_wholesale_cost,
	i_brand
 from store, item,
     (select ss_store_sk, avg(revenue) as ave
 	from
 	    (select  ss_store_sk, ss_item_sk, 
 		     sum(ss_sales_price) as revenue
 		from store_sales, date_dim
 		where ss_sold_date_sk = d_date_sk and d_month_seq between 1212 and 1212+11
 		group by ss_store_sk, ss_item_sk) sa
 	group by ss_store_sk) sb,
     (select  ss_store_sk, ss_item_sk, sum(ss_sales_price) as revenue
 	from store_sales, date_dim
 	where ss_sold_date_sk = d_date_sk and d_month_seq between 1212 and 1212+11
 	group by ss_store_sk, ss_item_sk) sc
 where sb.ss_store_sk = sc.ss_store_sk and 
       sc.revenue <= 0.1 * sb.ave and
       s_store_sk = sc.ss_store_sk and
       i_item_sk = sc.ss_item_sk
 order by s_store_name, i_item_desc
limit 100
PREHOOK: type: QUERY
PREHOOK: Input: default@date_dim
PREHOOK: Input: default@item
PREHOOK: Input: default@store
PREHOOK: Input: default@store_sales
PREHOOK: Output: hdfs://### HDFS PATH ###
POSTHOOK: query: explain
select 
	s_store_name,
	i_item_desc,
	sc.revenue,
	i_current_price,
	i_wholesale_cost,
	i_brand
 from store, item,
     (select ss_store_sk, avg(revenue) as ave
 	from
 	    (select  ss_store_sk, ss_item_sk, 
 		     sum(ss_sales_price) as revenue
 		from store_sales, date_dim
 		where ss_sold_date_sk = d_date_sk and d_month_seq between 1212 and 1212+11
 		group by ss_store_sk, ss_item_sk) sa
 	group by ss_store_sk) sb,
     (select  ss_store_sk, ss_item_sk, sum(ss_sales_price) as revenue
 	from store_sales, date_dim
 	where ss_sold_date_sk = d_date_sk and d_month_seq between 1212 and 1212+11
 	group by ss_store_sk, ss_item_sk) sc
 where sb.ss_store_sk = sc.ss_store_sk and 
       sc.revenue <= 0.1 * sb.ave and
       s_store_sk = sc.ss_store_sk and
       i_item_sk = sc.ss_item_sk
 order by s_store_name, i_item_desc
limit 100
POSTHOOK: type: QUERY
POSTHOOK: Input: default@date_dim
POSTHOOK: Input: default@item
POSTHOOK: Input: default@store
POSTHOOK: Input: default@store_sales
POSTHOOK: Output: hdfs://### HDFS PATH ###
Plan optimized by CBO.

Vertex dependency in root stage
Map 1 <- Reducer 15 (BROADCAST_EDGE), Reducer 17 (BROADCAST_EDGE), Reducer 9 (BROADCAST_EDGE)
Map 13 <- Reducer 12 (BROADCAST_EDGE), Reducer 15 (BROADCAST_EDGE)
Reducer 10 <- Map 13 (SIMPLE_EDGE), Map 8 (SIMPLE_EDGE)
Reducer 11 <- Reducer 10 (SIMPLE_EDGE)
Reducer 12 <- Map 8 (CUSTOM_SIMPLE_EDGE)
Reducer 15 <- Map 14 (CUSTOM_SIMPLE_EDGE)
Reducer 17 <- Map 16 (CUSTOM_SIMPLE_EDGE)
Reducer 2 <- Map 1 (SIMPLE_EDGE), Map 8 (SIMPLE_EDGE)
Reducer 3 <- Reducer 2 (SIMPLE_EDGE)
Reducer 4 <- Reducer 11 (SIMPLE_EDGE), Reducer 3 (SIMPLE_EDGE)
Reducer 5 <- Map 14 (SIMPLE_EDGE), Reducer 4 (ONE_TO_ONE_EDGE)
Reducer 6 <- Map 16 (SIMPLE_EDGE), Reducer 5 (SIMPLE_EDGE)
Reducer 7 <- Reducer 6 (SIMPLE_EDGE)
Reducer 9 <- Map 8 (CUSTOM_SIMPLE_EDGE)

Stage-0
  Fetch Operator
    limit:100
    Stage-1
      Reducer 7 vectorized
      File Output Operator [FS_179]
        Limit [LIM_178] (rows=100 width=88)
          Number of rows:100
          Select Operator [SEL_177] (rows=140552545 width=88)
            Output:["_col0","_col1","_col2","_col3","_col4","_col5"]
          <-Reducer 6 [SIMPLE_EDGE]
            SHUFFLE [RS_48]
              Select Operator [SEL_47] (rows=140552545 width=88)
                Output:["_col0","_col1","_col2","_col3","_col4","_col5"]
                Merge Join Operator [MERGEJOIN_134] (rows=140552545 width=88)
                  Conds:RS_44._col1=RS_156._col0(Inner),Output:["_col2","_col6","_col8","_col9","_col10","_col11"]
                <-Map 16 [SIMPLE_EDGE] vectorized
                  SHUFFLE [RS_156]
                    PartitionCols:_col0
                    Select Operator [SEL_155] (rows=462000 width=1436)
                      Output:["_col0","_col1","_col2","_col3","_col4"]
                      TableScan [TS_35] (rows=462000 width=1436)
                        default@item,item,Tbl:COMPLETE,Col:NONE,Output:["i_item_sk","i_item_desc","i_current_price","i_wholesale_cost","i_brand"]
                <-Reducer 5 [SIMPLE_EDGE]
                  SHUFFLE [RS_44]
                    PartitionCols:_col1
                    Merge Join Operator [MERGEJOIN_133] (rows=127775039 width=88)
                      Conds:RS_41._col0=RS_148._col0(Inner),Output:["_col1","_col2","_col6"]
                    <-Map 14 [SIMPLE_EDGE] vectorized
                      SHUFFLE [RS_148]
                        PartitionCols:_col0
                        Select Operator [SEL_147] (rows=1704 width=1910)
                          Output:["_col0","_col1"]
                          TableScan [TS_33] (rows=1704 width=1910)
                            default@store,store,Tbl:COMPLETE,Col:NONE,Output:["s_store_sk","s_store_name"]
                    <-Reducer 4 [ONE_TO_ONE_EDGE]
                      FORWARD [RS_41]
                        PartitionCols:_col0
                        Filter Operator [FIL_40] (rows=116159124 width=88)
                          predicate:(_col2 <= _col4)
                          Merge Join Operator [MERGEJOIN_132] (rows=348477374 width=88)
                            Conds:RS_166._col0=RS_176._col0(Inner),Output:["_col0","_col1","_col2","_col4"]
                          <-Reducer 11 [SIMPLE_EDGE] vectorized
                            SHUFFLE [RS_176]
                              PartitionCols:_col0
                              Select Operator [SEL_175] (rows=158398803 width=88)
                                Output:["_col0","_col1"]
                                Group By Operator [GBY_174] (rows=158398803 width=88)
                                  Output:["_col0","_col1","_col2"],aggregations:["sum(_col2)","count(_col2)"],keys:_col1
                                  Select Operator [SEL_173] (rows=316797606 width=88)
                                    Output:["_col1","_col2"]
                                    Group By Operator [GBY_172] (rows=316797606 width=88)
                                      Output:["_col0","_col1","_col2"],aggregations:["sum(VALUE._col0)"],keys:KEY._col0, KEY._col1
                                    <-Reducer 10 [SIMPLE_EDGE]
                                      SHUFFLE [RS_25]
                                        PartitionCols:_col0
                                        Group By Operator [GBY_24] (rows=633595212 width=88)
                                          Output:["_col0","_col1","_col2"],aggregations:["sum(_col3)"],keys:_col2, _col1
                                          Merge Join Operator [MERGEJOIN_131] (rows=633595212 width=88)
                                            Conds:RS_171._col0=RS_139._col0(Inner),Output:["_col1","_col2","_col3"]
                                          <-Map 8 [SIMPLE_EDGE] vectorized
                                            PARTITION_ONLY_SHUFFLE [RS_139]
                                              PartitionCols:_col0
                                              Select Operator [SEL_136] (rows=73049 width=1119)
                                                Output:["_col0"]
                                                Filter Operator [FIL_135] (rows=73049 width=1119)
                                                  predicate:d_month_seq BETWEEN 1212 AND 1223
                                                  TableScan [TS_3] (rows=73049 width=1119)
                                                    default@date_dim,date_dim,Tbl:COMPLETE,Col:NONE,Output:["d_date_sk","d_month_seq"]
                                          <-Map 13 [SIMPLE_EDGE] vectorized
                                            SHUFFLE [RS_171]
                                              PartitionCols:_col0
                                              Select Operator [SEL_170] (rows=575995635 width=88)
                                                Output:["_col0","_col1","_col2","_col3"]
                                                Filter Operator [FIL_169] (rows=575995635 width=88)
                                                  predicate:((ss_sold_date_sk BETWEEN DynamicValue(RS_21_date_dim_d_date_sk_min) AND DynamicValue(RS_21_date_dim_d_date_sk_max) and in_bloom_filter(ss_sold_date_sk, DynamicValue(RS_21_date_dim_d_date_sk_bloom_filter))) and (ss_store_sk BETWEEN DynamicValue(RS_42_store_s_store_sk_min) AND DynamicValue(RS_42_store_s_store_sk_max) and in_bloom_filter(ss_store_sk, DynamicValue(RS_42_store_s_store_sk_bloom_filter))) and ss_sold_date_sk is not null and ss_store_sk is not null)
                                                  TableScan [TS_14] (rows=575995635 width=88)
                                                    default@store_sales,store_sales,Tbl:COMPLETE,Col:NONE,Output:["ss_sold_date_sk","ss_item_sk","ss_store_sk","ss_sales_price"]
                                                  <-Reducer 15 [BROADCAST_EDGE] vectorized
                                                    BROADCAST [RS_154]
                                                      Group By Operator [GBY_152] (rows=1 width=12)
                                                        Output:["_col0","_col1","_col2"],aggregations:["min(VALUE._col0)","max(VALUE._col1)","bloom_filter(VALUE._col2, expectedEntries=1000000)"]
                                                      <-Map 14 [CUSTOM_SIMPLE_EDGE] vectorized
                                                        SHUFFLE [RS_151]
                                                          Group By Operator [GBY_150] (rows=1 width=12)
                                                            Output:["_col0","_col1","_col2"],aggregations:["min(_col0)","max(_col0)","bloom_filter(_col0, expectedEntries=1000000)"]
                                                            Select Operator [SEL_149] (rows=1704 width=1910)
                                                              Output:["_col0"]
                                                               Please refer to the previous Select Operator [SEL_147]
                                                  <-Reducer 12 [BROADCAST_EDGE] vectorized
                                                    BROADCAST [RS_168]
                                                      Group By Operator [GBY_167] (rows=1 width=12)
                                                        Output:["_col0","_col1","_col2"],aggregations:["min(VALUE._col0)","max(VALUE._col1)","bloom_filter(VALUE._col2, expectedEntries=1000000)"]
                                                      <-Map 8 [CUSTOM_SIMPLE_EDGE] vectorized
                                                        PARTITION_ONLY_SHUFFLE [RS_144]
                                                          Group By Operator [GBY_142] (rows=1 width=12)
                                                            Output:["_col0","_col1","_col2"],aggregations:["min(_col0)","max(_col0)","bloom_filter(_col0, expectedEntries=1000000)"]
                                                            Select Operator [SEL_140] (rows=73049 width=1119)
                                                              Output:["_col0"]
                                                               Please refer to the previous Select Operator [SEL_136]
                          <-Reducer 3 [SIMPLE_EDGE] vectorized
                            SHUFFLE [RS_166]
                              PartitionCols:_col0
                              Group By Operator [GBY_165] (rows=316797606 width=88)
                                Output:["_col0","_col1","_col2"],aggregations:["sum(VALUE._col0)"],keys:KEY._col0, KEY._col1
                              <-Reducer 2 [SIMPLE_EDGE]
                                SHUFFLE [RS_11]
                                  PartitionCols:_col0, _col1
                                  Group By Operator [GBY_10] (rows=633595212 width=88)
                                    Output:["_col0","_col1","_col2"],aggregations:["sum(_col3)"],keys:_col2, _col1
                                    Merge Join Operator [MERGEJOIN_130] (rows=633595212 width=88)
                                      Conds:RS_164._col0=RS_137._col0(Inner),Output:["_col1","_col2","_col3"]
                                    <-Map 8 [SIMPLE_EDGE] vectorized
                                      PARTITION_ONLY_SHUFFLE [RS_137]
                                        PartitionCols:_col0
                                         Please refer to the previous Select Operator [SEL_136]
                                    <-Map 1 [SIMPLE_EDGE] vectorized
                                      SHUFFLE [RS_164]
                                        PartitionCols:_col0
                                        Select Operator [SEL_163] (rows=575995635 width=88)
                                          Output:["_col0","_col1","_col2","_col3"]
                                          Filter Operator [FIL_162] (rows=575995635 width=88)
                                            predicate:((ss_item_sk BETWEEN DynamicValue(RS_45_item_i_item_sk_min) AND DynamicValue(RS_45_item_i_item_sk_max) and in_bloom_filter(ss_item_sk, DynamicValue(RS_45_item_i_item_sk_bloom_filter))) and (ss_sold_date_sk BETWEEN DynamicValue(RS_7_date_dim_d_date_sk_min) AND DynamicValue(RS_7_date_dim_d_date_sk_max) and in_bloom_filter(ss_sold_date_sk, DynamicValue(RS_7_date_dim_d_date_sk_bloom_filter))) and (ss_store_sk BETWEEN DynamicValue(RS_42_store_s_store_sk_min) AND DynamicValue(RS_42_store_s_store_sk_max) and in_bloom_filter(ss_store_sk, DynamicValue(RS_42_store_s_store_sk_bloom_filter))) and ss_sold_date_sk is not null and ss_store_sk is not null)
                                            TableScan [TS_0] (rows=575995635 width=88)
                                              default@store_sales,store_sales,Tbl:COMPLETE,Col:NONE,Output:["ss_sold_date_sk","ss_item_sk","ss_store_sk","ss_sales_price"]
                                            <-Reducer 15 [BROADCAST_EDGE] vectorized
                                              BROADCAST [RS_153]
                                                 Please refer to the previous Group By Operator [GBY_152]
                                            <-Reducer 17 [BROADCAST_EDGE] vectorized
                                              BROADCAST [RS_161]
                                                Group By Operator [GBY_160] (rows=1 width=12)
                                                  Output:["_col0","_col1","_col2"],aggregations:["min(VALUE._col0)","max(VALUE._col1)","bloom_filter(VALUE._col2, expectedEntries=1000000)"]
                                                <-Map 16 [CUSTOM_SIMPLE_EDGE] vectorized
                                                  SHUFFLE [RS_159]
                                                    Group By Operator [GBY_158] (rows=1 width=12)
                                                      Output:["_col0","_col1","_col2"],aggregations:["min(_col0)","max(_col0)","bloom_filter(_col0, expectedEntries=1000000)"]
                                                      Select Operator [SEL_157] (rows=462000 width=1436)
                                                        Output:["_col0"]
                                                         Please refer to the previous Select Operator [SEL_155]
                                            <-Reducer 9 [BROADCAST_EDGE] vectorized
                                              BROADCAST [RS_146]
                                                Group By Operator [GBY_145] (rows=1 width=12)
                                                  Output:["_col0","_col1","_col2"],aggregations:["min(VALUE._col0)","max(VALUE._col1)","bloom_filter(VALUE._col2, expectedEntries=1000000)"]
                                                <-Map 8 [CUSTOM_SIMPLE_EDGE] vectorized
                                                  PARTITION_ONLY_SHUFFLE [RS_143]
                                                    Group By Operator [GBY_141] (rows=1 width=12)
                                                      Output:["_col0","_col1","_col2"],aggregations:["min(_col0)","max(_col0)","bloom_filter(_col0, expectedEntries=1000000)"]
                                                      Select Operator [SEL_138] (rows=73049 width=1119)
                                                        Output:["_col0"]
                                                         Please refer to the previous Select Operator [SEL_136]

