PREHOOK: query: explain
select  c_last_name
       ,c_first_name
       ,ca_city
       ,bought_city
       ,ss_ticket_number
       ,amt,profit 
 from
   (select ss_ticket_number
          ,ss_customer_sk
          ,ca_city bought_city
          ,sum(ss_coupon_amt) amt
          ,sum(ss_net_profit) profit
    from store_sales,date_dim,store,household_demographics,customer_address 
    where store_sales.ss_sold_date_sk = date_dim.d_date_sk
    and store_sales.ss_store_sk = store.s_store_sk  
    and store_sales.ss_hdemo_sk = household_demographics.hd_demo_sk
    and store_sales.ss_addr_sk = customer_address.ca_address_sk
    and (household_demographics.hd_dep_count = 2 or
         household_demographics.hd_vehicle_count= 1)
    and date_dim.d_dow in (6,0)
    and date_dim.d_year in (1998,1998+1,1998+2) 
    and store.s_city in ('Cedar Grove','Wildwood','Union','Salem','Highland Park') 
    group by ss_ticket_number,ss_customer_sk,ss_addr_sk,ca_city) dn,customer,customer_address current_addr
    where ss_customer_sk = c_customer_sk
      and customer.c_current_addr_sk = current_addr.ca_address_sk
      and current_addr.ca_city <> bought_city
  order by c_last_name
          ,c_first_name
          ,ca_city
          ,bought_city
          ,ss_ticket_number
  limit 100
PREHOOK: type: QUERY
PREHOOK: Input: default@customer
PREHOOK: Input: default@customer_address
PREHOOK: Input: default@date_dim
PREHOOK: Input: default@household_demographics
PREHOOK: Input: default@store
PREHOOK: Input: default@store_sales
PREHOOK: Output: hdfs://### HDFS PATH ###
POSTHOOK: query: explain
select  c_last_name
       ,c_first_name
       ,ca_city
       ,bought_city
       ,ss_ticket_number
       ,amt,profit 
 from
   (select ss_ticket_number
          ,ss_customer_sk
          ,ca_city bought_city
          ,sum(ss_coupon_amt) amt
          ,sum(ss_net_profit) profit
    from store_sales,date_dim,store,household_demographics,customer_address 
    where store_sales.ss_sold_date_sk = date_dim.d_date_sk
    and store_sales.ss_store_sk = store.s_store_sk  
    and store_sales.ss_hdemo_sk = household_demographics.hd_demo_sk
    and store_sales.ss_addr_sk = customer_address.ca_address_sk
    and (household_demographics.hd_dep_count = 2 or
         household_demographics.hd_vehicle_count= 1)
    and date_dim.d_dow in (6,0)
    and date_dim.d_year in (1998,1998+1,1998+2) 
    and store.s_city in ('Cedar Grove','Wildwood','Union','Salem','Highland Park') 
    group by ss_ticket_number,ss_customer_sk,ss_addr_sk,ca_city) dn,customer,customer_address current_addr
    where ss_customer_sk = c_customer_sk
      and customer.c_current_addr_sk = current_addr.ca_address_sk
      and current_addr.ca_city <> bought_city
  order by c_last_name
          ,c_first_name
          ,ca_city
          ,bought_city
          ,ss_ticket_number
  limit 100
POSTHOOK: type: QUERY
POSTHOOK: Input: default@customer
POSTHOOK: Input: default@customer_address
POSTHOOK: Input: default@date_dim
POSTHOOK: Input: default@household_demographics
POSTHOOK: Input: default@store
POSTHOOK: Input: default@store_sales
POSTHOOK: Output: hdfs://### HDFS PATH ###
Plan optimized by CBO.

Vertex dependency in root stage
Map 10 <- Reducer 15 (BROADCAST_EDGE), Reducer 17 (BROADCAST_EDGE), Reducer 19 (BROADCAST_EDGE), Reducer 5 (BROADCAST_EDGE), Reducer 9 (BROADCAST_EDGE)
Reducer 11 <- Map 10 (SIMPLE_EDGE), Map 14 (SIMPLE_EDGE)
Reducer 12 <- Map 16 (SIMPLE_EDGE), Reducer 11 (SIMPLE_EDGE)
Reducer 13 <- Map 18 (SIMPLE_EDGE), Reducer 12 (SIMPLE_EDGE)
Reducer 15 <- Map 14 (CUSTOM_SIMPLE_EDGE)
Reducer 17 <- Map 16 (CUSTOM_SIMPLE_EDGE)
Reducer 19 <- Map 18 (CUSTOM_SIMPLE_EDGE)
Reducer 2 <- Map 1 (SIMPLE_EDGE), Map 6 (SIMPLE_EDGE)
Reducer 3 <- Reducer 2 (SIMPLE_EDGE), Reducer 8 (SIMPLE_EDGE)
Reducer 4 <- Reducer 3 (SIMPLE_EDGE)
Reducer 5 <- Reducer 2 (CUSTOM_SIMPLE_EDGE)
Reducer 7 <- Map 6 (SIMPLE_EDGE), Reducer 13 (SIMPLE_EDGE)
Reducer 8 <- Reducer 7 (SIMPLE_EDGE)
Reducer 9 <- Map 6 (CUSTOM_SIMPLE_EDGE)

Stage-0
  Fetch Operator
    limit:100
    Stage-1
      Reducer 4 vectorized
      File Output Operator [FS_190]
        Limit [LIM_189] (rows=100 width=88)
          Number of rows:100
          Select Operator [SEL_188] (rows=463823414 width=88)
            Output:["_col0","_col1","_col2","_col3","_col4","_col5","_col6"]
          <-Reducer 3 [SIMPLE_EDGE]
            SHUFFLE [RS_45]
              Select Operator [SEL_44] (rows=463823414 width=88)
                Output:["_col0","_col1","_col2","_col3","_col4","_col5","_col6"]
                Filter Operator [FIL_43] (rows=463823414 width=88)
                  predicate:(_col5 <> _col8)
                  Merge Join Operator [MERGEJOIN_144] (rows=463823414 width=88)
                    Conds:RS_40._col0=RS_187._col1(Inner),Output:["_col2","_col3","_col5","_col6","_col8","_col9","_col10"]
                  <-Reducer 2 [SIMPLE_EDGE]
                    PARTITION_ONLY_SHUFFLE [RS_40]
                      PartitionCols:_col0
                      Merge Join Operator [MERGEJOIN_139] (rows=88000001 width=860)
                        Conds:RS_147._col1=RS_149._col0(Inner),Output:["_col0","_col2","_col3","_col5"]
                      <-Map 6 [SIMPLE_EDGE] vectorized
                        PARTITION_ONLY_SHUFFLE [RS_149]
                          PartitionCols:_col0
                          Select Operator [SEL_148] (rows=40000000 width=1014)
                            Output:["_col0","_col1"]
                            TableScan [TS_3] (rows=40000000 width=1014)
                              default@customer_address,current_addr,Tbl:COMPLETE,Col:NONE,Output:["ca_address_sk","ca_city"]
                      <-Map 1 [SIMPLE_EDGE] vectorized
                        SHUFFLE [RS_147]
                          PartitionCols:_col1
                          Select Operator [SEL_146] (rows=80000000 width=860)
                            Output:["_col0","_col1","_col2","_col3"]
                            Filter Operator [FIL_145] (rows=80000000 width=860)
                              predicate:c_current_addr_sk is not null
                              TableScan [TS_0] (rows=80000000 width=860)
                                default@customer,customer,Tbl:COMPLETE,Col:NONE,Output:["c_customer_sk","c_current_addr_sk","c_first_name","c_last_name"]
                  <-Reducer 8 [SIMPLE_EDGE] vectorized
                    SHUFFLE [RS_187]
                      PartitionCols:_col1
                      Select Operator [SEL_186] (rows=421657640 width=88)
                        Output:["_col0","_col1","_col2","_col3","_col4"]
                        Group By Operator [GBY_185] (rows=421657640 width=88)
                          Output:["_col0","_col1","_col2","_col3","_col4","_col5"],aggregations:["sum(VALUE._col0)","sum(VALUE._col1)"],keys:KEY._col0, KEY._col1, KEY._col2, KEY._col3
                        <-Reducer 7 [SIMPLE_EDGE]
                          SHUFFLE [RS_34]
                            PartitionCols:_col0, _col1, _col2, _col3
                            Group By Operator [GBY_33] (rows=843315281 width=88)
                              Output:["_col0","_col1","_col2","_col3","_col4","_col5"],aggregations:["sum(_col4)","sum(_col5)"],keys:_col0, _col8, _col2, _col3
                              Merge Join Operator [MERGEJOIN_143] (rows=843315281 width=88)
                                Conds:RS_29._col2=RS_150._col0(Inner),Output:["_col0","_col2","_col3","_col4","_col5","_col8"]
                              <-Map 6 [SIMPLE_EDGE] vectorized
                                PARTITION_ONLY_SHUFFLE [RS_150]
                                  PartitionCols:_col0
                                   Please refer to the previous Select Operator [SEL_148]
                              <-Reducer 13 [SIMPLE_EDGE]
                                SHUFFLE [RS_29]
                                  PartitionCols:_col2
                                  Merge Join Operator [MERGEJOIN_142] (rows=766650239 width=88)
                                    Conds:RS_26._col1=RS_172._col0(Inner),Output:["_col0","_col2","_col3","_col4","_col5"]
                                  <-Map 18 [SIMPLE_EDGE] vectorized
                                    PARTITION_ONLY_SHUFFLE [RS_172]
                                      PartitionCols:_col0
                                      Select Operator [SEL_171] (rows=7200 width=107)
                                        Output:["_col0"]
                                        Filter Operator [FIL_170] (rows=7200 width=107)
                                          predicate:((hd_dep_count = 2) or (hd_vehicle_count = 1))
                                          TableScan [TS_21] (rows=7200 width=107)
                                            default@household_demographics,household_demographics,Tbl:COMPLETE,Col:NONE,Output:["hd_demo_sk","hd_dep_count","hd_vehicle_count"]
                                  <-Reducer 12 [SIMPLE_EDGE]
                                    SHUFFLE [RS_26]
                                      PartitionCols:_col1
                                      Select Operator [SEL_20] (rows=696954748 width=88)
                                        Output:["_col0","_col1","_col2","_col3","_col4","_col5"]
                                        Merge Join Operator [MERGEJOIN_141] (rows=696954748 width=88)
                                          Conds:RS_17._col4=RS_164._col0(Inner),Output:["_col1","_col2","_col3","_col5","_col6","_col7"]
                                        <-Map 16 [SIMPLE_EDGE] vectorized
                                          PARTITION_ONLY_SHUFFLE [RS_164]
                                            PartitionCols:_col0
                                            Select Operator [SEL_163] (rows=1704 width=1910)
                                              Output:["_col0"]
                                              Filter Operator [FIL_162] (rows=1704 width=1910)
                                                predicate:(s_city) IN ('Cedar Grove', 'Wildwood', 'Union', 'Salem', 'Highland Park')
                                                TableScan [TS_11] (rows=1704 width=1910)
                                                  default@store,store,Tbl:COMPLETE,Col:NONE,Output:["s_store_sk","s_city"]
                                        <-Reducer 11 [SIMPLE_EDGE]
                                          SHUFFLE [RS_17]
                                            PartitionCols:_col4
                                            Merge Join Operator [MERGEJOIN_140] (rows=633595212 width=88)
                                              Conds:RS_184._col0=RS_156._col0(Inner),Output:["_col1","_col2","_col3","_col4","_col5","_col6","_col7"]
                                            <-Map 14 [SIMPLE_EDGE] vectorized
                                              PARTITION_ONLY_SHUFFLE [RS_156]
                                                PartitionCols:_col0
                                                Select Operator [SEL_155] (rows=73049 width=1119)
                                                  Output:["_col0"]
                                                  Filter Operator [FIL_154] (rows=73049 width=1119)
                                                    predicate:((d_dow) IN (6, 0) and (d_year) IN (1998, 1999, 2000))
                                                    TableScan [TS_8] (rows=73049 width=1119)
                                                      default@date_dim,date_dim,Tbl:COMPLETE,Col:NONE,Output:["d_date_sk","d_year","d_dow"]
                                            <-Map 10 [SIMPLE_EDGE] vectorized
                                              SHUFFLE [RS_184]
                                                PartitionCols:_col0
                                                Select Operator [SEL_183] (rows=575995635 width=88)
                                                  Output:["_col0","_col1","_col2","_col3","_col4","_col5","_col6","_col7"]
                                                  Filter Operator [FIL_182] (rows=575995635 width=88)
                                                    predicate:((ss_addr_sk BETWEEN DynamicValue(RS_30_customer_address_ca_address_sk_min) AND DynamicValue(RS_30_customer_address_ca_address_sk_max) and in_bloom_filter(ss_addr_sk, DynamicValue(RS_30_customer_address_ca_address_sk_bloom_filter))) and (ss_customer_sk BETWEEN DynamicValue(RS_40_customer_c_customer_sk_min) AND DynamicValue(RS_40_customer_c_customer_sk_max) and in_bloom_filter(ss_customer_sk, DynamicValue(RS_40_customer_c_customer_sk_bloom_filter))) and (ss_hdemo_sk BETWEEN DynamicValue(RS_27_household_demographics_hd_demo_sk_min) AND DynamicValue(RS_27_household_demographics_hd_demo_sk_max) and in_bloom_filter(ss_hdemo_sk, DynamicValue(RS_27_household_demographics_hd_demo_sk_bloom_filter))) and (ss_sold_date_sk BETWEEN DynamicValue(RS_15_date_dim_d_date_sk_min) AND DynamicValue(RS_15_date_dim_d_date_sk_max) and in_bloom_filter(ss_sold_date_sk, DynamicValue(RS_15_date_dim_d_date_sk_bloom_filter))) and (ss_store_sk BETWEEN DynamicValue(RS_18_store_s_store_sk_min) AND DynamicValue(RS_18_store_s_store_sk_max) and in_bloom_filter(ss_store_sk, DynamicValue(RS_18_store_s_store_sk_bloom_filter))) and ss_addr_sk is not null and ss_customer_sk is not null and ss_hdemo_sk is not null and ss_sold_date_sk is not null and ss_store_sk is not null)
                                                    TableScan [TS_5] (rows=575995635 width=88)
                                                      default@store_sales,store_sales,Tbl:COMPLETE,Col:NONE,Output:["ss_sold_date_sk","ss_customer_sk","ss_hdemo_sk","ss_addr_sk","ss_store_sk","ss_ticket_number","ss_coupon_amt","ss_net_profit"]
                                                    <-Reducer 15 [BROADCAST_EDGE] vectorized
                                                      BROADCAST [RS_161]
                                                        Group By Operator [GBY_160] (rows=1 width=12)
                                                          Output:["_col0","_col1","_col2"],aggregations:["min(VALUE._col0)","max(VALUE._col1)","bloom_filter(VALUE._col2, expectedEntries=1000000)"]
                                                        <-Map 14 [CUSTOM_SIMPLE_EDGE] vectorized
                                                          PARTITION_ONLY_SHUFFLE [RS_159]
                                                            Group By Operator [GBY_158] (rows=1 width=12)
                                                              Output:["_col0","_col1","_col2"],aggregations:["min(_col0)","max(_col0)","bloom_filter(_col0, expectedEntries=1000000)"]
                                                              Select Operator [SEL_157] (rows=73049 width=1119)
                                                                Output:["_col0"]
                                                                 Please refer to the previous Select Operator [SEL_155]
                                                    <-Reducer 17 [BROADCAST_EDGE] vectorized
                                                      BROADCAST [RS_169]
                                                        Group By Operator [GBY_168] (rows=1 width=12)
                                                          Output:["_col0","_col1","_col2"],aggregations:["min(VALUE._col0)","max(VALUE._col1)","bloom_filter(VALUE._col2, expectedEntries=1000000)"]
                                                        <-Map 16 [CUSTOM_SIMPLE_EDGE] vectorized
                                                          PARTITION_ONLY_SHUFFLE [RS_167]
                                                            Group By Operator [GBY_166] (rows=1 width=12)
                                                              Output:["_col0","_col1","_col2"],aggregations:["min(_col0)","max(_col0)","bloom_filter(_col0, expectedEntries=1000000)"]
                                                              Select Operator [SEL_165] (rows=1704 width=1910)
                                                                Output:["_col0"]
                                                                 Please refer to the previous Select Operator [SEL_163]
                                                    <-Reducer 19 [BROADCAST_EDGE] vectorized
                                                      BROADCAST [RS_177]
                                                        Group By Operator [GBY_176] (rows=1 width=12)
                                                          Output:["_col0","_col1","_col2"],aggregations:["min(VALUE._col0)","max(VALUE._col1)","bloom_filter(VALUE._col2, expectedEntries=1000000)"]
                                                        <-Map 18 [CUSTOM_SIMPLE_EDGE] vectorized
                                                          PARTITION_ONLY_SHUFFLE [RS_175]
                                                            Group By Operator [GBY_174] (rows=1 width=12)
                                                              Output:["_col0","_col1","_col2"],aggregations:["min(_col0)","max(_col0)","bloom_filter(_col0, expectedEntries=1000000)"]
                                                              Select Operator [SEL_173] (rows=7200 width=107)
                                                                Output:["_col0"]
                                                                 Please refer to the previous Select Operator [SEL_171]
                                                    <-Reducer 5 [BROADCAST_EDGE] vectorized
                                                      BROADCAST [RS_181]
                                                        Group By Operator [GBY_180] (rows=1 width=12)
                                                          Output:["_col0","_col1","_col2"],aggregations:["min(VALUE._col0)","max(VALUE._col1)","bloom_filter(VALUE._col2, expectedEntries=88000000)"]
                                                        <-Reducer 2 [CUSTOM_SIMPLE_EDGE]
                                                          PARTITION_ONLY_SHUFFLE [RS_116]
                                                            Group By Operator [GBY_115] (rows=1 width=12)
                                                              Output:["_col0","_col1","_col2"],aggregations:["min(_col0)","max(_col0)","bloom_filter(_col0, expectedEntries=88000000)"]
                                                              Select Operator [SEL_114] (rows=88000001 width=860)
                                                                Output:["_col0"]
                                                                 Please refer to the previous Merge Join Operator [MERGEJOIN_139]
                                                    <-Reducer 9 [BROADCAST_EDGE] vectorized
                                                      BROADCAST [RS_179]
                                                        Group By Operator [GBY_178] (rows=1 width=12)
                                                          Output:["_col0","_col1","_col2"],aggregations:["min(VALUE._col0)","max(VALUE._col1)","bloom_filter(VALUE._col2, expectedEntries=40000000)"]
                                                        <-Map 6 [CUSTOM_SIMPLE_EDGE] vectorized
                                                          PARTITION_ONLY_SHUFFLE [RS_153]
                                                            Group By Operator [GBY_152] (rows=1 width=12)
                                                              Output:["_col0","_col1","_col2"],aggregations:["min(_col0)","max(_col0)","bloom_filter(_col0, expectedEntries=40000000)"]
                                                              Select Operator [SEL_151] (rows=40000000 width=1014)
                                                                Output:["_col0"]
                                                                 Please refer to the previous Select Operator [SEL_148]

