PREHOOK: query: explain
select  i_item_desc
      ,w_warehouse_name
      ,d1.d_week_seq
      ,count(case when p_promo_sk is null then 1 else 0 end) no_promo
      ,count(case when p_promo_sk is not null then 1 else 0 end) promo
      ,count(*) total_cnt
from catalog_sales
join inventory on (cs_item_sk = inv_item_sk)
join warehouse on (w_warehouse_sk=inv_warehouse_sk)
join item on (i_item_sk = cs_item_sk)
join customer_demographics on (cs_bill_cdemo_sk = cd_demo_sk)
join household_demographics on (cs_bill_hdemo_sk = hd_demo_sk)
join date_dim d1 on (cs_sold_date_sk = d1.d_date_sk)
join date_dim d2 on (inv_date_sk = d2.d_date_sk)
join date_dim d3 on (cs_ship_date_sk = d3.d_date_sk)
left outer join promotion on (cs_promo_sk=p_promo_sk)
left outer join catalog_returns on (cr_item_sk = cs_item_sk and cr_order_number = cs_order_number)
where d1.d_week_seq = d2.d_week_seq
  and inv_quantity_on_hand < cs_quantity 
  and d3.d_date > d1.d_date + 5
  and hd_buy_potential = '1001-5000'
  and d1.d_year = 2001
  and hd_buy_potential = '1001-5000'
  and cd_marital_status = 'M'
  and d1.d_year = 2001
group by i_item_desc,w_warehouse_name,d1.d_week_seq
order by total_cnt desc, i_item_desc, w_warehouse_name, d_week_seq
limit 100
PREHOOK: type: QUERY
PREHOOK: Input: default@catalog_returns
PREHOOK: Input: default@catalog_sales
PREHOOK: Input: default@customer_demographics
PREHOOK: Input: default@date_dim
PREHOOK: Input: default@household_demographics
PREHOOK: Input: default@inventory
PREHOOK: Input: default@item
PREHOOK: Input: default@promotion
PREHOOK: Input: default@warehouse
PREHOOK: Output: hdfs://### HDFS PATH ###
POSTHOOK: query: explain
select  i_item_desc
      ,w_warehouse_name
      ,d1.d_week_seq
      ,count(case when p_promo_sk is null then 1 else 0 end) no_promo
      ,count(case when p_promo_sk is not null then 1 else 0 end) promo
      ,count(*) total_cnt
from catalog_sales
join inventory on (cs_item_sk = inv_item_sk)
join warehouse on (w_warehouse_sk=inv_warehouse_sk)
join item on (i_item_sk = cs_item_sk)
join customer_demographics on (cs_bill_cdemo_sk = cd_demo_sk)
join household_demographics on (cs_bill_hdemo_sk = hd_demo_sk)
join date_dim d1 on (cs_sold_date_sk = d1.d_date_sk)
join date_dim d2 on (inv_date_sk = d2.d_date_sk)
join date_dim d3 on (cs_ship_date_sk = d3.d_date_sk)
left outer join promotion on (cs_promo_sk=p_promo_sk)
left outer join catalog_returns on (cr_item_sk = cs_item_sk and cr_order_number = cs_order_number)
where d1.d_week_seq = d2.d_week_seq
  and inv_quantity_on_hand < cs_quantity 
  and d3.d_date > d1.d_date + 5
  and hd_buy_potential = '1001-5000'
  and d1.d_year = 2001
  and hd_buy_potential = '1001-5000'
  and cd_marital_status = 'M'
  and d1.d_year = 2001
group by i_item_desc,w_warehouse_name,d1.d_week_seq
order by total_cnt desc, i_item_desc, w_warehouse_name, d_week_seq
limit 100
POSTHOOK: type: QUERY
POSTHOOK: Input: default@catalog_returns
POSTHOOK: Input: default@catalog_sales
POSTHOOK: Input: default@customer_demographics
POSTHOOK: Input: default@date_dim
POSTHOOK: Input: default@household_demographics
POSTHOOK: Input: default@inventory
POSTHOOK: Input: default@item
POSTHOOK: Input: default@promotion
POSTHOOK: Input: default@warehouse
POSTHOOK: Output: hdfs://### HDFS PATH ###
Plan optimized by CBO.

Vertex dependency in root stage
Map 16 <- Reducer 18 (BROADCAST_EDGE), Reducer 21 (BROADCAST_EDGE), Reducer 23 (BROADCAST_EDGE)
Reducer 10 <- Map 19 (SIMPLE_EDGE), Reducer 9 (SIMPLE_EDGE)
Reducer 11 <- Map 20 (SIMPLE_EDGE), Reducer 10 (SIMPLE_EDGE)
Reducer 12 <- Map 22 (SIMPLE_EDGE), Reducer 11 (SIMPLE_EDGE)
Reducer 13 <- Map 24 (SIMPLE_EDGE), Reducer 12 (SIMPLE_EDGE)
Reducer 14 <- Map 25 (SIMPLE_EDGE), Reducer 13 (SIMPLE_EDGE)
Reducer 18 <- Map 17 (CUSTOM_SIMPLE_EDGE)
Reducer 2 <- Map 1 (SIMPLE_EDGE), Reducer 14 (SIMPLE_EDGE)
Reducer 21 <- Map 20 (CUSTOM_SIMPLE_EDGE)
Reducer 23 <- Map 22 (CUSTOM_SIMPLE_EDGE)
Reducer 3 <- Map 26 (SIMPLE_EDGE), Reducer 2 (SIMPLE_EDGE)
Reducer 4 <- Reducer 3 (SIMPLE_EDGE)
Reducer 5 <- Reducer 4 (SIMPLE_EDGE)
Reducer 7 <- Map 15 (SIMPLE_EDGE), Map 6 (SIMPLE_EDGE)
Reducer 8 <- Map 16 (SIMPLE_EDGE), Reducer 7 (SIMPLE_EDGE)
Reducer 9 <- Map 17 (SIMPLE_EDGE), Reducer 8 (SIMPLE_EDGE)

Stage-0
  Fetch Operator
    limit:100
    Stage-1
      Reducer 5 vectorized
      File Output Operator [FS_315]
        Limit [LIM_314] (rows=100 width=312)
          Number of rows:100
          Select Operator [SEL_313] (rows=3148061 width=312)
            Output:["_col0","_col1","_col2","_col3","_col4","_col5"]
          <-Reducer 4 [SIMPLE_EDGE] vectorized
            SHUFFLE [RS_312]
              Group By Operator [GBY_311] (rows=3148061 width=312)
                Output:["_col0","_col1","_col2","_col3","_col4","_col5"],aggregations:["count(VALUE._col0)","count(VALUE._col1)","count(VALUE._col2)"],keys:KEY._col0, KEY._col1, KEY._col2
              <-Reducer 3 [SIMPLE_EDGE]
                SHUFFLE [RS_66]
                  PartitionCols:_col0, _col1, _col2
                  Group By Operator [GBY_65] (rows=555356908 width=312)
                    Output:["_col0","_col1","_col2","_col3","_col4","_col5"],aggregations:["count(_col5)","count(_col6)","count()"],keys:_col3, _col2, _col4
                    Select Operator [SEL_63] (rows=555356908 width=292)
                      Output:["_col2","_col3","_col4","_col5","_col6"]
                      Merge Join Operator [MERGEJOIN_268] (rows=555356908 width=292)
                        Conds:RS_60._col3=RS_310._col0(Inner),Output:["_col5","_col6","_col7","_col9"]
                      <-Map 26 [SIMPLE_EDGE] vectorized
                        SHUFFLE [RS_310]
                          PartitionCols:_col0
                          Select Operator [SEL_309] (rows=2300 width=8)
                            Output:["_col0"]
                            TableScan [TS_55] (rows=2300 width=4)
                              default@promotion,promotion,Tbl:COMPLETE,Col:COMPLETE,Output:["p_promo_sk"]
                      <-Reducer 2 [SIMPLE_EDGE]
                        SHUFFLE [RS_60]
                          PartitionCols:_col3
                          Merge Join Operator [MERGEJOIN_267] (rows=555356908 width=291)
                            Conds:RS_270._col0, _col1=RS_58._col0, _col2(Right Outer),Output:["_col3","_col5","_col6","_col7"]
                          <-Map 1 [SIMPLE_EDGE] vectorized
                            SHUFFLE [RS_270]
                              PartitionCols:_col0, _col1
                              Select Operator [SEL_269] (rows=28798881 width=8)
                                Output:["_col0","_col1"]
                                TableScan [TS_0] (rows=28798881 width=8)
                                  default@catalog_returns,catalog_returns,Tbl:COMPLETE,Col:COMPLETE,Output:["cr_item_sk","cr_order_number"]
                          <-Reducer 14 [SIMPLE_EDGE]
                            SHUFFLE [RS_58]
                              PartitionCols:_col0, _col2
                              Select Operator [SEL_54] (rows=215338981 width=299)
                                Output:["_col0","_col1","_col2","_col3","_col4","_col5"]
                                Filter Operator [FIL_53] (rows=215338981 width=315)
                                  predicate:(_col12 > _col8)
                                  Merge Join Operator [MERGEJOIN_266] (rows=646016945 width=315)
                                    Conds:RS_50._col0=RS_308._col0(Inner),Output:["_col1","_col2","_col3","_col5","_col6","_col7","_col8","_col12"]
                                  <-Map 25 [SIMPLE_EDGE] vectorized
                                    SHUFFLE [RS_308]
                                      PartitionCols:_col0
                                      Select Operator [SEL_307] (rows=73049 width=12)
                                        Output:["_col0","_col1"]
                                        TableScan [TS_45] (rows=73049 width=98)
                                          default@date_dim,d3,Tbl:COMPLETE,Col:COMPLETE,Output:["d_date_sk","d_date"]
                                  <-Reducer 13 [SIMPLE_EDGE]
                                    SHUFFLE [RS_50]
                                      PartitionCols:_col0
                                      Merge Join Operator [MERGEJOIN_265] (rows=646016945 width=311)
                                        Conds:RS_47._col4, _col7=RS_306._col0, _col1(Inner),Output:["_col0","_col1","_col2","_col3","_col5","_col6","_col7","_col8"]
                                      <-Map 24 [SIMPLE_EDGE] vectorized
                                        SHUFFLE [RS_306]
                                          PartitionCols:_col0, _col1
                                          Select Operator [SEL_305] (rows=73049 width=8)
                                            Output:["_col0","_col1"]
                                            Filter Operator [FIL_304] (rows=73049 width=8)
                                              predicate:d_week_seq is not null
                                              TableScan [TS_42] (rows=73049 width=8)
                                                default@date_dim,d2,Tbl:COMPLETE,Col:COMPLETE,Output:["d_date_sk","d_week_seq"]
                                      <-Reducer 12 [SIMPLE_EDGE]
                                        SHUFFLE [RS_47]
                                          PartitionCols:_col4, _col7
                                          Select Operator [SEL_41] (rows=577770799 width=315)
                                            Output:["_col0","_col1","_col2","_col3","_col4","_col5","_col6","_col7","_col8"]
                                            Merge Join Operator [MERGEJOIN_264] (rows=577770799 width=315)
                                              Conds:RS_38._col2=RS_293._col0(Inner),Output:["_col1","_col3","_col4","_col5","_col6","_col7","_col8","_col10","_col11"]
                                            <-Map 22 [SIMPLE_EDGE] vectorized
                                              PARTITION_ONLY_SHUFFLE [RS_293]
                                                PartitionCols:_col0
                                                Select Operator [SEL_292] (rows=1440 width=4)
                                                  Output:["_col0"]
                                                  Filter Operator [FIL_291] (rows=1440 width=96)
                                                    predicate:(hd_buy_potential = '1001-5000')
                                                    TableScan [TS_32] (rows=7200 width=96)
                                                      default@household_demographics,household_demographics,Tbl:COMPLETE,Col:COMPLETE,Output:["hd_demo_sk","hd_buy_potential"]
                                            <-Reducer 11 [SIMPLE_EDGE]
                                              SHUFFLE [RS_38]
                                                PartitionCols:_col2
                                                Merge Join Operator [MERGEJOIN_263] (rows=2888853947 width=319)
                                                  Conds:RS_35._col0=RS_285._col0(Inner),Output:["_col1","_col2","_col3","_col4","_col5","_col6","_col7","_col8","_col10","_col11"]
                                                <-Map 20 [SIMPLE_EDGE] vectorized
                                                  PARTITION_ONLY_SHUFFLE [RS_285]
                                                    PartitionCols:_col0
                                                    Select Operator [SEL_284] (rows=652 width=16)
                                                      Output:["_col0","_col1","_col2"]
                                                      Filter Operator [FIL_283] (rows=652 width=106)
                                                        predicate:((d_year = 2001) and d_week_seq is not null)
                                                        TableScan [TS_29] (rows=73049 width=106)
                                                          default@date_dim,d1,Tbl:COMPLETE,Col:COMPLETE,Output:["d_date_sk","d_date","d_week_seq","d_year"]
                                                <-Reducer 10 [SIMPLE_EDGE]
                                                  SHUFFLE [RS_35]
                                                    PartitionCols:_col0
                                                    Select Operator [SEL_28] (rows=8148274310 width=311)
                                                      Output:["_col0","_col1","_col2","_col3","_col4","_col5","_col6","_col7","_col8"]
                                                      Merge Join Operator [MERGEJOIN_262] (rows=8148274310 width=311)
                                                        Conds:RS_25._col4=RS_303._col0(Inner),Output:["_col0","_col1","_col3","_col4","_col5","_col6","_col7","_col8","_col11"]
                                                      <-Map 19 [SIMPLE_EDGE] vectorized
                                                        SHUFFLE [RS_303]
                                                          PartitionCols:_col0
                                                          Select Operator [SEL_302] (rows=462000 width=188)
                                                            Output:["_col0","_col1"]
                                                            TableScan [TS_20] (rows=462000 width=188)
                                                              default@item,item,Tbl:COMPLETE,Col:COMPLETE,Output:["i_item_sk","i_item_desc"]
                                                      <-Reducer 9 [SIMPLE_EDGE]
                                                        SHUFFLE [RS_25]
                                                          PartitionCols:_col4
                                                          Merge Join Operator [MERGEJOIN_261] (rows=8148274310 width=127)
                                                            Conds:RS_22._col2=RS_277._col0(Inner),Output:["_col0","_col1","_col3","_col4","_col5","_col6","_col7","_col8"]
                                                          <-Map 17 [SIMPLE_EDGE] vectorized
                                                            SHUFFLE [RS_277]
                                                              PartitionCols:_col0
                                                              Select Operator [SEL_276] (rows=265971 width=4)
                                                                Output:["_col0"]
                                                                Filter Operator [FIL_275] (rows=265971 width=89)
                                                                  predicate:(cd_marital_status = 'M')
                                                                  TableScan [TS_17] (rows=1861800 width=89)
                                                                    default@customer_demographics,customer_demographics,Tbl:COMPLETE,Col:COMPLETE,Output:["cd_demo_sk","cd_marital_status"]
                                                          <-Reducer 8 [SIMPLE_EDGE]
                                                            SHUFFLE [RS_22]
                                                              PartitionCols:_col2
                                                              Select Operator [SEL_16] (rows=56242672178 width=131)
                                                                Output:["_col0","_col1","_col2","_col3","_col4","_col5","_col6","_col7","_col8"]
                                                                Filter Operator [FIL_15] (rows=56242672178 width=139)
                                                                  predicate:(_col3 < _col13)
                                                                  Merge Join Operator [MERGEJOIN_260] (rows=168728016536 width=139)
                                                                    Conds:RS_12._col1=RS_301._col4(Inner),Output:["_col0","_col3","_col5","_col6","_col7","_col8","_col9","_col10","_col11","_col12","_col13"]
                                                                  <-Map 16 [SIMPLE_EDGE] vectorized
                                                                    SHUFFLE [RS_301]
                                                                      PartitionCols:_col4
                                                                      Select Operator [SEL_300] (rows=280863191 width=31)
                                                                        Output:["_col0","_col1","_col2","_col3","_col4","_col5","_col6","_col7"]
                                                                        Filter Operator [FIL_299] (rows=280863191 width=31)
                                                                          predicate:((cs_bill_cdemo_sk BETWEEN DynamicValue(RS_23_customer_demographics_cd_demo_sk_min) AND DynamicValue(RS_23_customer_demographics_cd_demo_sk_max) and in_bloom_filter(cs_bill_cdemo_sk, DynamicValue(RS_23_customer_demographics_cd_demo_sk_bloom_filter))) and (cs_bill_hdemo_sk BETWEEN DynamicValue(RS_39_household_demographics_hd_demo_sk_min) AND DynamicValue(RS_39_household_demographics_hd_demo_sk_max) and in_bloom_filter(cs_bill_hdemo_sk, DynamicValue(RS_39_household_demographics_hd_demo_sk_bloom_filter))) and (cs_sold_date_sk BETWEEN DynamicValue(RS_36_d1_d_date_sk_min) AND DynamicValue(RS_36_d1_d_date_sk_max) and in_bloom_filter(cs_sold_date_sk, DynamicValue(RS_36_d1_d_date_sk_bloom_filter))) and cs_bill_cdemo_sk is not null and cs_bill_hdemo_sk is not null and cs_promo_sk is not null and cs_ship_date_sk is not null and cs_sold_date_sk is not null)
                                                                          TableScan [TS_6] (rows=287989836 width=31)
                                                                            default@catalog_sales,catalog_sales,Tbl:COMPLETE,Col:COMPLETE,Output:["cs_sold_date_sk","cs_ship_date_sk","cs_bill_cdemo_sk","cs_bill_hdemo_sk","cs_item_sk","cs_promo_sk","cs_order_number","cs_quantity"]
                                                                          <-Reducer 18 [BROADCAST_EDGE] vectorized
                                                                            BROADCAST [RS_282]
                                                                              Group By Operator [GBY_281] (rows=1 width=12)
                                                                                Output:["_col0","_col1","_col2"],aggregations:["min(VALUE._col0)","max(VALUE._col1)","bloom_filter(VALUE._col2, expectedEntries=1000000)"]
                                                                              <-Map 17 [CUSTOM_SIMPLE_EDGE] vectorized
                                                                                SHUFFLE [RS_280]
                                                                                  Group By Operator [GBY_279] (rows=1 width=12)
                                                                                    Output:["_col0","_col1","_col2"],aggregations:["min(_col0)","max(_col0)","bloom_filter(_col0, expectedEntries=1000000)"]
                                                                                    Select Operator [SEL_278] (rows=265971 width=4)
                                                                                      Output:["_col0"]
                                                                                       Please refer to the previous Select Operator [SEL_276]
                                                                          <-Reducer 21 [BROADCAST_EDGE] vectorized
                                                                            BROADCAST [RS_290]
                                                                              Group By Operator [GBY_289] (rows=1 width=12)
                                                                                Output:["_col0","_col1","_col2"],aggregations:["min(VALUE._col0)","max(VALUE._col1)","bloom_filter(VALUE._col2, expectedEntries=1000000)"]
                                                                              <-Map 20 [CUSTOM_SIMPLE_EDGE] vectorized
                                                                                PARTITION_ONLY_SHUFFLE [RS_288]
                                                                                  Group By Operator [GBY_287] (rows=1 width=12)
                                                                                    Output:["_col0","_col1","_col2"],aggregations:["min(_col0)","max(_col0)","bloom_filter(_col0, expectedEntries=1000000)"]
                                                                                    Select Operator [SEL_286] (rows=652 width=4)
                                                                                      Output:["_col0"]
                                                                                       Please refer to the previous Select Operator [SEL_284]
                                                                          <-Reducer 23 [BROADCAST_EDGE] vectorized
                                                                            BROADCAST [RS_298]
                                                                              Group By Operator [GBY_297] (rows=1 width=12)
                                                                                Output:["_col0","_col1","_col2"],aggregations:["min(VALUE._col0)","max(VALUE._col1)","bloom_filter(VALUE._col2, expectedEntries=1000000)"]
                                                                              <-Map 22 [CUSTOM_SIMPLE_EDGE] vectorized
                                                                                PARTITION_ONLY_SHUFFLE [RS_296]
                                                                                  Group By Operator [GBY_295] (rows=1 width=12)
                                                                                    Output:["_col0","_col1","_col2"],aggregations:["min(_col0)","max(_col0)","bloom_filter(_col0, expectedEntries=1000000)"]
                                                                                    Select Operator [SEL_294] (rows=1440 width=4)
                                                                                      Output:["_col0"]
                                                                                       Please refer to the previous Select Operator [SEL_292]
                                                                  <-Reducer 7 [SIMPLE_EDGE]
                                                                    SHUFFLE [RS_12]
                                                                      PartitionCols:_col1
                                                                      Merge Join Operator [MERGEJOIN_259] (rows=37584000 width=111)
                                                                        Conds:RS_272._col2=RS_274._col0(Inner),Output:["_col0","_col1","_col3","_col5"]
                                                                      <-Map 15 [SIMPLE_EDGE] vectorized
                                                                        SHUFFLE [RS_274]
                                                                          PartitionCols:_col0
                                                                          Select Operator [SEL_273] (rows=27 width=104)
                                                                            Output:["_col0","_col1"]
                                                                            TableScan [TS_4] (rows=27 width=104)
                                                                              default@warehouse,warehouse,Tbl:COMPLETE,Col:COMPLETE,Output:["w_warehouse_sk","w_warehouse_name"]
                                                                      <-Map 6 [SIMPLE_EDGE] vectorized
                                                                        SHUFFLE [RS_272]
                                                                          PartitionCols:_col2
                                                                          Select Operator [SEL_271] (rows=37584000 width=15)
                                                                            Output:["_col0","_col1","_col2","_col3"]
                                                                            TableScan [TS_2] (rows=37584000 width=15)
                                                                              default@inventory,inventory,Tbl:COMPLETE,Col:COMPLETE,Output:["inv_date_sk","inv_item_sk","inv_warehouse_sk","inv_quantity_on_hand"]

