PREHOOK: query: explain
with ss as
 (select ca_county,d_qoy, d_year,sum(ss_ext_sales_price) as store_sales
 from store_sales,date_dim,customer_address
 where ss_sold_date_sk = d_date_sk
  and ss_addr_sk=ca_address_sk
 group by ca_county,d_qoy, d_year),
 ws as
 (select ca_county,d_qoy, d_year,sum(ws_ext_sales_price) as web_sales
 from web_sales,date_dim,customer_address
 where ws_sold_date_sk = d_date_sk
  and ws_bill_addr_sk=ca_address_sk
 group by ca_county,d_qoy, d_year)
 select /* tt */
        ss1.ca_county
       ,ss1.d_year
       ,ws2.web_sales/ws1.web_sales web_q1_q2_increase
       ,ss2.store_sales/ss1.store_sales store_q1_q2_increase
       ,ws3.web_sales/ws2.web_sales web_q2_q3_increase
       ,ss3.store_sales/ss2.store_sales store_q2_q3_increase
 from
        ss ss1
       ,ss ss2
       ,ss ss3
       ,ws ws1
       ,ws ws2
       ,ws ws3
 where
    ss1.d_qoy = 1
    and ss1.d_year = 2000
    and ss1.ca_county = ss2.ca_county
    and ss2.d_qoy = 2
    and ss2.d_year = 2000
 and ss2.ca_county = ss3.ca_county
    and ss3.d_qoy = 3
    and ss3.d_year = 2000
    and ss1.ca_county = ws1.ca_county
    and ws1.d_qoy = 1
    and ws1.d_year = 2000
    and ws1.ca_county = ws2.ca_county
    and ws2.d_qoy = 2
    and ws2.d_year = 2000
    and ws1.ca_county = ws3.ca_county
    and ws3.d_qoy = 3
    and ws3.d_year =2000
    and case when ws1.web_sales > 0 then ws2.web_sales/ws1.web_sales else null end 
       > case when ss1.store_sales > 0 then ss2.store_sales/ss1.store_sales else null end
    and case when ws2.web_sales > 0 then ws3.web_sales/ws2.web_sales else null end
       > case when ss2.store_sales > 0 then ss3.store_sales/ss2.store_sales else null end
 order by ss1.d_year
PREHOOK: type: QUERY
PREHOOK: Input: default@customer_address
PREHOOK: Input: default@date_dim
PREHOOK: Input: default@store_sales
PREHOOK: Input: default@web_sales
PREHOOK: Output: hdfs://### HDFS PATH ###
POSTHOOK: query: explain
with ss as
 (select ca_county,d_qoy, d_year,sum(ss_ext_sales_price) as store_sales
 from store_sales,date_dim,customer_address
 where ss_sold_date_sk = d_date_sk
  and ss_addr_sk=ca_address_sk
 group by ca_county,d_qoy, d_year),
 ws as
 (select ca_county,d_qoy, d_year,sum(ws_ext_sales_price) as web_sales
 from web_sales,date_dim,customer_address
 where ws_sold_date_sk = d_date_sk
  and ws_bill_addr_sk=ca_address_sk
 group by ca_county,d_qoy, d_year)
 select /* tt */
        ss1.ca_county
       ,ss1.d_year
       ,ws2.web_sales/ws1.web_sales web_q1_q2_increase
       ,ss2.store_sales/ss1.store_sales store_q1_q2_increase
       ,ws3.web_sales/ws2.web_sales web_q2_q3_increase
       ,ss3.store_sales/ss2.store_sales store_q2_q3_increase
 from
        ss ss1
       ,ss ss2
       ,ss ss3
       ,ws ws1
       ,ws ws2
       ,ws ws3
 where
    ss1.d_qoy = 1
    and ss1.d_year = 2000
    and ss1.ca_county = ss2.ca_county
    and ss2.d_qoy = 2
    and ss2.d_year = 2000
 and ss2.ca_county = ss3.ca_county
    and ss3.d_qoy = 3
    and ss3.d_year = 2000
    and ss1.ca_county = ws1.ca_county
    and ws1.d_qoy = 1
    and ws1.d_year = 2000
    and ws1.ca_county = ws2.ca_county
    and ws2.d_qoy = 2
    and ws2.d_year = 2000
    and ws1.ca_county = ws3.ca_county
    and ws3.d_qoy = 3
    and ws3.d_year =2000
    and case when ws1.web_sales > 0 then ws2.web_sales/ws1.web_sales else null end 
       > case when ss1.store_sales > 0 then ss2.store_sales/ss1.store_sales else null end
    and case when ws2.web_sales > 0 then ws3.web_sales/ws2.web_sales else null end
       > case when ss2.store_sales > 0 then ss3.store_sales/ss2.store_sales else null end
 order by ss1.d_year
POSTHOOK: type: QUERY
POSTHOOK: Input: default@customer_address
POSTHOOK: Input: default@date_dim
POSTHOOK: Input: default@store_sales
POSTHOOK: Input: default@web_sales
POSTHOOK: Output: hdfs://### HDFS PATH ###
Plan optimized by CBO.

Vertex dependency in root stage
Map 1 <- Reducer 11 (BROADCAST_EDGE)
Map 33 <- Reducer 15 (BROADCAST_EDGE)
Map 34 <- Reducer 19 (BROADCAST_EDGE)
Map 35 <- Reducer 23 (BROADCAST_EDGE)
Map 36 <- Reducer 27 (BROADCAST_EDGE)
Map 37 <- Reducer 31 (BROADCAST_EDGE)
Reducer 11 <- Map 10 (CUSTOM_SIMPLE_EDGE)
Reducer 12 <- Map 10 (SIMPLE_EDGE), Map 33 (SIMPLE_EDGE)
Reducer 13 <- Map 32 (SIMPLE_EDGE), Reducer 12 (SIMPLE_EDGE)
Reducer 14 <- Reducer 13 (SIMPLE_EDGE)
Reducer 15 <- Map 10 (CUSTOM_SIMPLE_EDGE)
Reducer 16 <- Map 10 (SIMPLE_EDGE), Map 34 (SIMPLE_EDGE)
Reducer 17 <- Map 32 (SIMPLE_EDGE), Reducer 16 (SIMPLE_EDGE)
Reducer 18 <- Reducer 17 (SIMPLE_EDGE)
Reducer 19 <- Map 10 (CUSTOM_SIMPLE_EDGE)
Reducer 2 <- Map 1 (SIMPLE_EDGE), Map 10 (SIMPLE_EDGE)
Reducer 20 <- Map 10 (SIMPLE_EDGE), Map 35 (SIMPLE_EDGE)
Reducer 21 <- Map 32 (SIMPLE_EDGE), Reducer 20 (SIMPLE_EDGE)
Reducer 22 <- Reducer 21 (SIMPLE_EDGE)
Reducer 23 <- Map 10 (CUSTOM_SIMPLE_EDGE)
Reducer 24 <- Map 10 (SIMPLE_EDGE), Map 36 (SIMPLE_EDGE)
Reducer 25 <- Map 32 (SIMPLE_EDGE), Reducer 24 (SIMPLE_EDGE)
Reducer 26 <- Reducer 25 (SIMPLE_EDGE)
Reducer 27 <- Map 10 (CUSTOM_SIMPLE_EDGE)
Reducer 28 <- Map 10 (SIMPLE_EDGE), Map 37 (SIMPLE_EDGE)
Reducer 29 <- Map 32 (SIMPLE_EDGE), Reducer 28 (SIMPLE_EDGE)
Reducer 3 <- Map 32 (SIMPLE_EDGE), Reducer 2 (SIMPLE_EDGE)
Reducer 30 <- Reducer 29 (SIMPLE_EDGE)
Reducer 31 <- Map 10 (CUSTOM_SIMPLE_EDGE)
Reducer 4 <- Reducer 3 (SIMPLE_EDGE)
Reducer 5 <- Reducer 14 (ONE_TO_ONE_EDGE), Reducer 4 (ONE_TO_ONE_EDGE)
Reducer 6 <- Reducer 18 (ONE_TO_ONE_EDGE), Reducer 5 (ONE_TO_ONE_EDGE)
Reducer 7 <- Reducer 22 (ONE_TO_ONE_EDGE), Reducer 6 (ONE_TO_ONE_EDGE)
Reducer 8 <- Reducer 26 (ONE_TO_ONE_EDGE), Reducer 7 (ONE_TO_ONE_EDGE)
Reducer 9 <- Reducer 30 (ONE_TO_ONE_EDGE), Reducer 8 (ONE_TO_ONE_EDGE)

Stage-0
  Fetch Operator
    limit:-1
    Stage-1
      Reducer 9
      File Output Operator [FS_140]
        Select Operator [SEL_139] (rows=110 width=550)
          Output:["_col0","_col1","_col2","_col3","_col4","_col5"]
          Filter Operator [FIL_138] (rows=110 width=670)
            predicate:CASE WHEN (_col6) THEN (CASE WHEN (_col7) THEN (((_col10 / _col2) > _col5)) ELSE (_col8) END) ELSE (CASE WHEN (_col7) THEN (((_col10 / _col2) > null)) ELSE (null) END) END
            Merge Join Operator [MERGEJOIN_465] (rows=220 width=670)
              Conds:RS_135._col1=RS_555._col0(Inner),Output:["_col0","_col2","_col3","_col4","_col5","_col6","_col7","_col8","_col10"]
            <-Reducer 30 [ONE_TO_ONE_EDGE] vectorized
              FORWARD [RS_555]
                PartitionCols:_col0
                Group By Operator [GBY_554] (rows=440 width=210)
                  Output:["_col0","_col1"],aggregations:["sum(VALUE._col0)"],keys:KEY._col0
                <-Reducer 29 [SIMPLE_EDGE]
                  SHUFFLE [RS_132]
                    PartitionCols:_col0
                    Group By Operator [GBY_131] (rows=3960 width=210)
                      Output:["_col0","_col1"],aggregations:["sum(_col2)"],keys:_col5
                      Merge Join Operator [MERGEJOIN_460] (rows=10246882 width=209)
                        Conds:RS_127._col1=RS_514._col0(Inner),Output:["_col2","_col5"]
                      <-Map 32 [SIMPLE_EDGE] vectorized
                        SHUFFLE [RS_514]
                          PartitionCols:_col0
                          Select Operator [SEL_508] (rows=40000000 width=102)
                            Output:["_col0","_col1"]
                            Filter Operator [FIL_507] (rows=40000000 width=102)
                              predicate:ca_county is not null
                              TableScan [TS_6] (rows=40000000 width=102)
                                default@customer_address,customer_address,Tbl:COMPLETE,Col:COMPLETE,Output:["ca_address_sk","ca_county"]
                      <-Reducer 28 [SIMPLE_EDGE]
                        SHUFFLE [RS_127]
                          PartitionCols:_col1
                          Merge Join Operator [MERGEJOIN_459] (rows=10246882 width=115)
                            Conds:RS_553._col0=RS_488._col0(Inner),Output:["_col1","_col2"]
                          <-Map 10 [SIMPLE_EDGE] vectorized
                            PARTITION_ONLY_SHUFFLE [RS_488]
                              PartitionCols:_col0
                              Select Operator [SEL_477] (rows=130 width=4)
                                Output:["_col0"]
                                Filter Operator [FIL_471] (rows=130 width=12)
                                  predicate:((d_qoy = 3) and (d_year = 2000))
                                  TableScan [TS_3] (rows=73049 width=12)
                                    default@date_dim,date_dim,Tbl:COMPLETE,Col:COMPLETE,Output:["d_date_sk","d_year","d_qoy"]
                          <-Map 37 [SIMPLE_EDGE] vectorized
                            SHUFFLE [RS_553]
                              PartitionCols:_col0
                              Select Operator [SEL_552] (rows=143931246 width=119)
                                Output:["_col0","_col1","_col2"]
                                Filter Operator [FIL_551] (rows=143931246 width=119)
                                  predicate:((ws_sold_date_sk BETWEEN DynamicValue(RS_125_date_dim_d_date_sk_min) AND DynamicValue(RS_125_date_dim_d_date_sk_max) and in_bloom_filter(ws_sold_date_sk, DynamicValue(RS_125_date_dim_d_date_sk_bloom_filter))) and ws_bill_addr_sk is not null and ws_sold_date_sk is not null)
                                  TableScan [TS_115] (rows=144002668 width=119)
                                    default@web_sales,web_sales,Tbl:COMPLETE,Col:COMPLETE,Output:["ws_sold_date_sk","ws_bill_addr_sk","ws_ext_sales_price"]
                                  <-Reducer 31 [BROADCAST_EDGE] vectorized
                                    BROADCAST [RS_550]
                                      Group By Operator [GBY_549] (rows=1 width=12)
                                        Output:["_col0","_col1","_col2"],aggregations:["min(VALUE._col0)","max(VALUE._col1)","bloom_filter(VALUE._col2, expectedEntries=1000000)"]
                                      <-Map 10 [CUSTOM_SIMPLE_EDGE] vectorized
                                        PARTITION_ONLY_SHUFFLE [RS_501]
                                          Group By Operator [GBY_495] (rows=1 width=12)
                                            Output:["_col0","_col1","_col2"],aggregations:["min(_col0)","max(_col0)","bloom_filter(_col0, expectedEntries=1000000)"]
                                            Select Operator [SEL_489] (rows=130 width=4)
                                              Output:["_col0"]
                                               Please refer to the previous Select Operator [SEL_477]
            <-Reducer 8 [ONE_TO_ONE_EDGE]
              FORWARD [RS_135]
                PartitionCols:_col1
                Select Operator [SEL_114] (rows=220 width=656)
                  Output:["_col1","_col2","_col3","_col4","_col5","_col6","_col7","_col8"]
                  Filter Operator [FIL_113] (rows=220 width=570)
                    predicate:CASE WHEN (_col5) THEN (CASE WHEN (_col9) THEN (((_col11 / _col8) > _col1)) ELSE (_col6) END) ELSE (CASE WHEN (_col9) THEN (((_col11 / _col8) > null)) ELSE (null) END) END
                    Merge Join Operator [MERGEJOIN_464] (rows=440 width=570)
                      Conds:RS_110._col0=RS_548._col0(Inner),Output:["_col0","_col1","_col2","_col3","_col4","_col5","_col6","_col8","_col9","_col11","_col12"]
                    <-Reducer 26 [ONE_TO_ONE_EDGE] vectorized
                      FORWARD [RS_548]
                        PartitionCols:_col0
                        Select Operator [SEL_547] (rows=440 width=214)
                          Output:["_col0","_col1","_col2"]
                          Group By Operator [GBY_546] (rows=440 width=210)
                            Output:["_col0","_col1"],aggregations:["sum(VALUE._col0)"],keys:KEY._col0
                          <-Reducer 25 [SIMPLE_EDGE]
                            SHUFFLE [RS_104]
                              PartitionCols:_col0
                              Group By Operator [GBY_103] (rows=3960 width=210)
                                Output:["_col0","_col1"],aggregations:["sum(_col2)"],keys:_col5
                                Merge Join Operator [MERGEJOIN_458] (rows=10246882 width=209)
                                  Conds:RS_99._col1=RS_513._col0(Inner),Output:["_col2","_col5"]
                                <-Map 32 [SIMPLE_EDGE] vectorized
                                  SHUFFLE [RS_513]
                                    PartitionCols:_col0
                                     Please refer to the previous Select Operator [SEL_508]
                                <-Reducer 24 [SIMPLE_EDGE]
                                  SHUFFLE [RS_99]
                                    PartitionCols:_col1
                                    Merge Join Operator [MERGEJOIN_457] (rows=10246882 width=115)
                                      Conds:RS_545._col0=RS_486._col0(Inner),Output:["_col1","_col2"]
                                    <-Map 10 [SIMPLE_EDGE] vectorized
                                      PARTITION_ONLY_SHUFFLE [RS_486]
                                        PartitionCols:_col0
                                        Select Operator [SEL_476] (rows=130 width=4)
                                          Output:["_col0"]
                                          Filter Operator [FIL_470] (rows=130 width=12)
                                            predicate:((d_qoy = 2) and (d_year = 2000))
                                             Please refer to the previous TableScan [TS_3]
                                    <-Map 36 [SIMPLE_EDGE] vectorized
                                      SHUFFLE [RS_545]
                                        PartitionCols:_col0
                                        Select Operator [SEL_544] (rows=143931246 width=119)
                                          Output:["_col0","_col1","_col2"]
                                          Filter Operator [FIL_543] (rows=143931246 width=119)
                                            predicate:((ws_sold_date_sk BETWEEN DynamicValue(RS_97_date_dim_d_date_sk_min) AND DynamicValue(RS_97_date_dim_d_date_sk_max) and in_bloom_filter(ws_sold_date_sk, DynamicValue(RS_97_date_dim_d_date_sk_bloom_filter))) and ws_bill_addr_sk is not null and ws_sold_date_sk is not null)
                                            TableScan [TS_87] (rows=144002668 width=119)
                                              default@web_sales,web_sales,Tbl:COMPLETE,Col:COMPLETE,Output:["ws_sold_date_sk","ws_bill_addr_sk","ws_ext_sales_price"]
                                            <-Reducer 27 [BROADCAST_EDGE] vectorized
                                              BROADCAST [RS_542]
                                                Group By Operator [GBY_541] (rows=1 width=12)
                                                  Output:["_col0","_col1","_col2"],aggregations:["min(VALUE._col0)","max(VALUE._col1)","bloom_filter(VALUE._col2, expectedEntries=1000000)"]
                                                <-Map 10 [CUSTOM_SIMPLE_EDGE] vectorized
                                                  PARTITION_ONLY_SHUFFLE [RS_500]
                                                    Group By Operator [GBY_494] (rows=1 width=12)
                                                      Output:["_col0","_col1","_col2"],aggregations:["min(_col0)","max(_col0)","bloom_filter(_col0, expectedEntries=1000000)"]
                                                      Select Operator [SEL_487] (rows=130 width=4)
                                                        Output:["_col0"]
                                                         Please refer to the previous Select Operator [SEL_476]
                    <-Reducer 7 [ONE_TO_ONE_EDGE]
                      FORWARD [RS_110]
                        PartitionCols:_col0
                        Merge Join Operator [MERGEJOIN_463] (rows=440 width=454)
                          Conds:RS_107._col0=RS_540._col0(Inner),Output:["_col0","_col1","_col2","_col3","_col4","_col5","_col6","_col8","_col9"]
                        <-Reducer 22 [ONE_TO_ONE_EDGE] vectorized
                          FORWARD [RS_540]
                            PartitionCols:_col0
                            Select Operator [SEL_539] (rows=440 width=214)
                              Output:["_col0","_col1","_col2"]
                              Group By Operator [GBY_538] (rows=440 width=210)
                                Output:["_col0","_col1"],aggregations:["sum(VALUE._col0)"],keys:KEY._col0
                              <-Reducer 21 [SIMPLE_EDGE]
                                SHUFFLE [RS_84]
                                  PartitionCols:_col0
                                  Group By Operator [GBY_83] (rows=3960 width=210)
                                    Output:["_col0","_col1"],aggregations:["sum(_col2)"],keys:_col5
                                    Merge Join Operator [MERGEJOIN_456] (rows=10246882 width=209)
                                      Conds:RS_79._col1=RS_512._col0(Inner),Output:["_col2","_col5"]
                                    <-Map 32 [SIMPLE_EDGE] vectorized
                                      SHUFFLE [RS_512]
                                        PartitionCols:_col0
                                         Please refer to the previous Select Operator [SEL_508]
                                    <-Reducer 20 [SIMPLE_EDGE]
                                      SHUFFLE [RS_79]
                                        PartitionCols:_col1
                                        Merge Join Operator [MERGEJOIN_455] (rows=10246882 width=115)
                                          Conds:RS_537._col0=RS_484._col0(Inner),Output:["_col1","_col2"]
                                        <-Map 10 [SIMPLE_EDGE] vectorized
                                          PARTITION_ONLY_SHUFFLE [RS_484]
                                            PartitionCols:_col0
                                            Select Operator [SEL_475] (rows=130 width=4)
                                              Output:["_col0"]
                                              Filter Operator [FIL_469] (rows=130 width=12)
                                                predicate:((d_qoy = 1) and (d_year = 2000))
                                                 Please refer to the previous TableScan [TS_3]
                                        <-Map 35 [SIMPLE_EDGE] vectorized
                                          SHUFFLE [RS_537]
                                            PartitionCols:_col0
                                            Select Operator [SEL_536] (rows=143931246 width=119)
                                              Output:["_col0","_col1","_col2"]
                                              Filter Operator [FIL_535] (rows=143931246 width=119)
                                                predicate:((ws_sold_date_sk BETWEEN DynamicValue(RS_77_date_dim_d_date_sk_min) AND DynamicValue(RS_77_date_dim_d_date_sk_max) and in_bloom_filter(ws_sold_date_sk, DynamicValue(RS_77_date_dim_d_date_sk_bloom_filter))) and ws_bill_addr_sk is not null and ws_sold_date_sk is not null)
                                                TableScan [TS_67] (rows=144002668 width=119)
                                                  default@web_sales,web_sales,Tbl:COMPLETE,Col:COMPLETE,Output:["ws_sold_date_sk","ws_bill_addr_sk","ws_ext_sales_price"]
                                                <-Reducer 23 [BROADCAST_EDGE] vectorized
                                                  BROADCAST [RS_534]
                                                    Group By Operator [GBY_533] (rows=1 width=12)
                                                      Output:["_col0","_col1","_col2"],aggregations:["min(VALUE._col0)","max(VALUE._col1)","bloom_filter(VALUE._col2, expectedEntries=1000000)"]
                                                    <-Map 10 [CUSTOM_SIMPLE_EDGE] vectorized
                                                      PARTITION_ONLY_SHUFFLE [RS_499]
                                                        Group By Operator [GBY_493] (rows=1 width=12)
                                                          Output:["_col0","_col1","_col2"],aggregations:["min(_col0)","max(_col0)","bloom_filter(_col0, expectedEntries=1000000)"]
                                                          Select Operator [SEL_485] (rows=130 width=4)
                                                            Output:["_col0"]
                                                             Please refer to the previous Select Operator [SEL_475]
                        <-Reducer 6 [ONE_TO_ONE_EDGE]
                          FORWARD [RS_107]
                            PartitionCols:_col0
                            Select Operator [SEL_66] (rows=1605 width=338)
                              Output:["_col0","_col1","_col2","_col3","_col4","_col5","_col6"]
                              Merge Join Operator [MERGEJOIN_462] (rows=1605 width=442)
                                Conds:RS_63._col0=RS_532._col0(Inner),Output:["_col0","_col1","_col2","_col4","_col5","_col7"]
                              <-Reducer 18 [ONE_TO_ONE_EDGE] vectorized
                                FORWARD [RS_532]
                                  PartitionCols:_col0
                                  Group By Operator [GBY_531] (rows=1605 width=210)
                                    Output:["_col0","_col1"],aggregations:["sum(VALUE._col0)"],keys:KEY._col0
                                  <-Reducer 17 [SIMPLE_EDGE]
                                    SHUFFLE [RS_57]
                                      PartitionCols:_col0
                                      Group By Operator [GBY_56] (rows=33705 width=210)
                                        Output:["_col0","_col1"],aggregations:["sum(_col2)"],keys:_col5
                                        Merge Join Operator [MERGEJOIN_454] (rows=37399561 width=139)
                                          Conds:RS_52._col1=RS_511._col0(Inner),Output:["_col2","_col5"]
                                        <-Map 32 [SIMPLE_EDGE] vectorized
                                          SHUFFLE [RS_511]
                                            PartitionCols:_col0
                                             Please refer to the previous Select Operator [SEL_508]
                                        <-Reducer 16 [SIMPLE_EDGE]
                                          SHUFFLE [RS_52]
                                            PartitionCols:_col1
                                            Merge Join Operator [MERGEJOIN_453] (rows=37399561 width=42)
                                              Conds:RS_530._col0=RS_482._col0(Inner),Output:["_col1","_col2"]
                                            <-Map 10 [SIMPLE_EDGE] vectorized
                                              PARTITION_ONLY_SHUFFLE [RS_482]
                                                PartitionCols:_col0
                                                Select Operator [SEL_474] (rows=130 width=4)
                                                  Output:["_col0"]
                                                  Filter Operator [FIL_468] (rows=130 width=12)
                                                    predicate:((d_qoy = 3) and (d_year = 2000))
                                                     Please refer to the previous TableScan [TS_3]
                                            <-Map 34 [SIMPLE_EDGE] vectorized
                                              SHUFFLE [RS_530]
                                                PartitionCols:_col0
                                                Select Operator [SEL_529] (rows=525327191 width=114)
                                                  Output:["_col0","_col1","_col2"]
                                                  Filter Operator [FIL_528] (rows=525327191 width=114)
                                                    predicate:((ss_sold_date_sk BETWEEN DynamicValue(RS_50_date_dim_d_date_sk_min) AND DynamicValue(RS_50_date_dim_d_date_sk_max) and in_bloom_filter(ss_sold_date_sk, DynamicValue(RS_50_date_dim_d_date_sk_bloom_filter))) and ss_addr_sk is not null and ss_sold_date_sk is not null)
                                                    TableScan [TS_40] (rows=575995635 width=114)
                                                      default@store_sales,store_sales,Tbl:COMPLETE,Col:COMPLETE,Output:["ss_sold_date_sk","ss_addr_sk","ss_ext_sales_price"]
                                                    <-Reducer 19 [BROADCAST_EDGE] vectorized
                                                      BROADCAST [RS_527]
                                                        Group By Operator [GBY_526] (rows=1 width=12)
                                                          Output:["_col0","_col1","_col2"],aggregations:["min(VALUE._col0)","max(VALUE._col1)","bloom_filter(VALUE._col2, expectedEntries=1000000)"]
                                                        <-Map 10 [CUSTOM_SIMPLE_EDGE] vectorized
                                                          PARTITION_ONLY_SHUFFLE [RS_498]
                                                            Group By Operator [GBY_492] (rows=1 width=12)
                                                              Output:["_col0","_col1","_col2"],aggregations:["min(_col0)","max(_col0)","bloom_filter(_col0, expectedEntries=1000000)"]
                                                              Select Operator [SEL_483] (rows=130 width=4)
                                                                Output:["_col0"]
                                                                 Please refer to the previous Select Operator [SEL_474]
                              <-Reducer 5 [ONE_TO_ONE_EDGE]
                                FORWARD [RS_63]
                                  PartitionCols:_col0
                                  Merge Join Operator [MERGEJOIN_461] (rows=1605 width=330)
                                    Conds:RS_517._col0=RS_525._col0(Inner),Output:["_col0","_col1","_col2","_col4","_col5"]
                                  <-Reducer 14 [ONE_TO_ONE_EDGE] vectorized
                                    FORWARD [RS_525]
                                      PartitionCols:_col0
                                      Select Operator [SEL_524] (rows=1605 width=214)
                                        Output:["_col0","_col1","_col2"]
                                        Group By Operator [GBY_523] (rows=1605 width=210)
                                          Output:["_col0","_col1"],aggregations:["sum(VALUE._col0)"],keys:KEY._col0
                                        <-Reducer 13 [SIMPLE_EDGE]
                                          SHUFFLE [RS_37]
                                            PartitionCols:_col0
                                            Group By Operator [GBY_36] (rows=33705 width=210)
                                              Output:["_col0","_col1"],aggregations:["sum(_col2)"],keys:_col5
                                              Merge Join Operator [MERGEJOIN_452] (rows=37399561 width=139)
                                                Conds:RS_32._col1=RS_510._col0(Inner),Output:["_col2","_col5"]
                                              <-Map 32 [SIMPLE_EDGE] vectorized
                                                SHUFFLE [RS_510]
                                                  PartitionCols:_col0
                                                   Please refer to the previous Select Operator [SEL_508]
                                              <-Reducer 12 [SIMPLE_EDGE]
                                                SHUFFLE [RS_32]
                                                  PartitionCols:_col1
                                                  Merge Join Operator [MERGEJOIN_451] (rows=37399561 width=42)
                                                    Conds:RS_522._col0=RS_480._col0(Inner),Output:["_col1","_col2"]
                                                  <-Map 10 [SIMPLE_EDGE] vectorized
                                                    PARTITION_ONLY_SHUFFLE [RS_480]
                                                      PartitionCols:_col0
                                                      Select Operator [SEL_473] (rows=130 width=4)
                                                        Output:["_col0"]
                                                        Filter Operator [FIL_467] (rows=130 width=12)
                                                          predicate:((d_qoy = 1) and (d_year = 2000))
                                                           Please refer to the previous TableScan [TS_3]
                                                  <-Map 33 [SIMPLE_EDGE] vectorized
                                                    SHUFFLE [RS_522]
                                                      PartitionCols:_col0
                                                      Select Operator [SEL_521] (rows=525327191 width=114)
                                                        Output:["_col0","_col1","_col2"]
                                                        Filter Operator [FIL_520] (rows=525327191 width=114)
                                                          predicate:((ss_sold_date_sk BETWEEN DynamicValue(RS_30_date_dim_d_date_sk_min) AND DynamicValue(RS_30_date_dim_d_date_sk_max) and in_bloom_filter(ss_sold_date_sk, DynamicValue(RS_30_date_dim_d_date_sk_bloom_filter))) and ss_addr_sk is not null and ss_sold_date_sk is not null)
                                                          TableScan [TS_20] (rows=575995635 width=114)
                                                            default@store_sales,store_sales,Tbl:COMPLETE,Col:COMPLETE,Output:["ss_sold_date_sk","ss_addr_sk","ss_ext_sales_price"]
                                                          <-Reducer 15 [BROADCAST_EDGE] vectorized
                                                            BROADCAST [RS_519]
                                                              Group By Operator [GBY_518] (rows=1 width=12)
                                                                Output:["_col0","_col1","_col2"],aggregations:["min(VALUE._col0)","max(VALUE._col1)","bloom_filter(VALUE._col2, expectedEntries=1000000)"]
                                                              <-Map 10 [CUSTOM_SIMPLE_EDGE] vectorized
                                                                PARTITION_ONLY_SHUFFLE [RS_497]
                                                                  Group By Operator [GBY_491] (rows=1 width=12)
                                                                    Output:["_col0","_col1","_col2"],aggregations:["min(_col0)","max(_col0)","bloom_filter(_col0, expectedEntries=1000000)"]
                                                                    Select Operator [SEL_481] (rows=130 width=4)
                                                                      Output:["_col0"]
                                                                       Please refer to the previous Select Operator [SEL_473]
                                  <-Reducer 4 [ONE_TO_ONE_EDGE] vectorized
                                    FORWARD [RS_517]
                                      PartitionCols:_col0
                                      Select Operator [SEL_516] (rows=1605 width=214)
                                        Output:["_col0","_col1","_col2"]
                                        Group By Operator [GBY_515] (rows=1605 width=210)
                                          Output:["_col0","_col1"],aggregations:["sum(VALUE._col0)"],keys:KEY._col0
                                        <-Reducer 3 [SIMPLE_EDGE]
                                          SHUFFLE [RS_17]
                                            PartitionCols:_col0
                                            Group By Operator [GBY_16] (rows=33705 width=210)
                                              Output:["_col0","_col1"],aggregations:["sum(_col2)"],keys:_col5
                                              Merge Join Operator [MERGEJOIN_450] (rows=37399561 width=139)
                                                Conds:RS_12._col1=RS_509._col0(Inner),Output:["_col2","_col5"]
                                              <-Map 32 [SIMPLE_EDGE] vectorized
                                                SHUFFLE [RS_509]
                                                  PartitionCols:_col0
                                                   Please refer to the previous Select Operator [SEL_508]
                                              <-Reducer 2 [SIMPLE_EDGE]
                                                SHUFFLE [RS_12]
                                                  PartitionCols:_col1
                                                  Merge Join Operator [MERGEJOIN_449] (rows=37399561 width=42)
                                                    Conds:RS_506._col0=RS_478._col0(Inner),Output:["_col1","_col2"]
                                                  <-Map 10 [SIMPLE_EDGE] vectorized
                                                    PARTITION_ONLY_SHUFFLE [RS_478]
                                                      PartitionCols:_col0
                                                      Select Operator [SEL_472] (rows=130 width=4)
                                                        Output:["_col0"]
                                                        Filter Operator [FIL_466] (rows=130 width=12)
                                                          predicate:((d_qoy = 2) and (d_year = 2000))
                                                           Please refer to the previous TableScan [TS_3]
                                                  <-Map 1 [SIMPLE_EDGE] vectorized
                                                    SHUFFLE [RS_506]
                                                      PartitionCols:_col0
                                                      Select Operator [SEL_505] (rows=525327191 width=114)
                                                        Output:["_col0","_col1","_col2"]
                                                        Filter Operator [FIL_504] (rows=525327191 width=114)
                                                          predicate:((ss_sold_date_sk BETWEEN DynamicValue(RS_10_date_dim_d_date_sk_min) AND DynamicValue(RS_10_date_dim_d_date_sk_max) and in_bloom_filter(ss_sold_date_sk, DynamicValue(RS_10_date_dim_d_date_sk_bloom_filter))) and ss_addr_sk is not null and ss_sold_date_sk is not null)
                                                          TableScan [TS_0] (rows=575995635 width=114)
                                                            default@store_sales,store_sales,Tbl:COMPLETE,Col:COMPLETE,Output:["ss_sold_date_sk","ss_addr_sk","ss_ext_sales_price"]
                                                          <-Reducer 11 [BROADCAST_EDGE] vectorized
                                                            BROADCAST [RS_503]
                                                              Group By Operator [GBY_502] (rows=1 width=12)
                                                                Output:["_col0","_col1","_col2"],aggregations:["min(VALUE._col0)","max(VALUE._col1)","bloom_filter(VALUE._col2, expectedEntries=1000000)"]
                                                              <-Map 10 [CUSTOM_SIMPLE_EDGE] vectorized
                                                                PARTITION_ONLY_SHUFFLE [RS_496]
                                                                  Group By Operator [GBY_490] (rows=1 width=12)
                                                                    Output:["_col0","_col1","_col2"],aggregations:["min(_col0)","max(_col0)","bloom_filter(_col0, expectedEntries=1000000)"]
                                                                    Select Operator [SEL_479] (rows=130 width=4)
                                                                      Output:["_col0"]
                                                                       Please refer to the previous Select Operator [SEL_472]

