PREHOOK: query: explain
select  *
from (select i_category
            ,i_class
            ,i_brand
            ,i_product_name
            ,d_year
            ,d_qoy
            ,d_moy
            ,s_store_id
            ,sumsales
            ,rank() over (partition by i_category order by sumsales desc) rk
      from (select i_category
                  ,i_class
                  ,i_brand
                  ,i_product_name
                  ,d_year
                  ,d_qoy
                  ,d_moy
                  ,s_store_id
                  ,sum(coalesce(ss_sales_price*ss_quantity,0)) sumsales
            from store_sales
                ,date_dim
                ,store
                ,item
       where  ss_sold_date_sk=d_date_sk
          and ss_item_sk=i_item_sk
          and ss_store_sk = s_store_sk
          and d_month_seq between 1212 and 1212+11
       group by  rollup(i_category, i_class, i_brand, i_product_name, d_year, d_qoy, d_moy,s_store_id))dw1) dw2
where rk <= 100
order by i_category
        ,i_class
        ,i_brand
        ,i_product_name
        ,d_year
        ,d_qoy
        ,d_moy
        ,s_store_id
        ,sumsales
        ,rk
limit 100
PREHOOK: type: QUERY
PREHOOK: Input: default@date_dim
PREHOOK: Input: default@item
PREHOOK: Input: default@store
PREHOOK: Input: default@store_sales
PREHOOK: Output: hdfs://### HDFS PATH ###
POSTHOOK: query: explain
select  *
from (select i_category
            ,i_class
            ,i_brand
            ,i_product_name
            ,d_year
            ,d_qoy
            ,d_moy
            ,s_store_id
            ,sumsales
            ,rank() over (partition by i_category order by sumsales desc) rk
      from (select i_category
                  ,i_class
                  ,i_brand
                  ,i_product_name
                  ,d_year
                  ,d_qoy
                  ,d_moy
                  ,s_store_id
                  ,sum(coalesce(ss_sales_price*ss_quantity,0)) sumsales
            from store_sales
                ,date_dim
                ,store
                ,item
       where  ss_sold_date_sk=d_date_sk
          and ss_item_sk=i_item_sk
          and ss_store_sk = s_store_sk
          and d_month_seq between 1212 and 1212+11
       group by  rollup(i_category, i_class, i_brand, i_product_name, d_year, d_qoy, d_moy,s_store_id))dw1) dw2
where rk <= 100
order by i_category
        ,i_class
        ,i_brand
        ,i_product_name
        ,d_year
        ,d_qoy
        ,d_moy
        ,s_store_id
        ,sumsales
        ,rk
limit 100
POSTHOOK: type: QUERY
POSTHOOK: Input: default@date_dim
POSTHOOK: Input: default@item
POSTHOOK: Input: default@store
POSTHOOK: Input: default@store_sales
POSTHOOK: Output: hdfs://### HDFS PATH ###
Plan optimized by CBO.

Vertex dependency in root stage
Map 6 <- Reducer 10 (BROADCAST_EDGE)
Reducer 10 <- Map 9 (CUSTOM_SIMPLE_EDGE)
Reducer 2 <- Map 1 (SIMPLE_EDGE), Reducer 8 (SIMPLE_EDGE)
Reducer 3 <- Reducer 2 (SIMPLE_EDGE)
Reducer 4 <- Reducer 3 (SIMPLE_EDGE)
Reducer 5 <- Reducer 4 (SIMPLE_EDGE)
Reducer 7 <- Map 6 (SIMPLE_EDGE), Map 9 (SIMPLE_EDGE)
Reducer 8 <- Map 11 (SIMPLE_EDGE), Reducer 7 (SIMPLE_EDGE)

Stage-0
  Fetch Operator
    limit:100
    Stage-1
      Reducer 5 vectorized
      File Output Operator [FS_108]
        Limit [LIM_107] (rows=100 width=617)
          Number of rows:100
          Select Operator [SEL_106] (rows=273593580 width=617)
            Output:["_col0","_col1","_col2","_col3","_col4","_col5","_col6","_col7","_col8","_col9"]
          <-Reducer 4 [SIMPLE_EDGE] vectorized
            SHUFFLE [RS_105]
              Select Operator [SEL_104] (rows=273593580 width=617)
                Output:["_col0","_col1","_col2","_col3","_col4","_col5","_col6","_col7","_col8","_col9"]
                Filter Operator [FIL_103] (rows=273593580 width=613)
                  predicate:(rank_window_0 <= 100)
                  PTF Operator [PTF_102] (rows=820780740 width=613)
                    Function definitions:[{},{"name:":"windowingtablefunction","order by:":"_col8 DESC NULLS LAST","partition by:":"_col2"}]
                    Select Operator [SEL_101] (rows=820780740 width=613)
                      Output:["_col0","_col1","_col2","_col3","_col4","_col5","_col6","_col7","_col8"]
                    <-Reducer 3 [SIMPLE_EDGE] vectorized
                      SHUFFLE [RS_100]
                        PartitionCols:_col2
                        Select Operator [SEL_99] (rows=820780740 width=613)
                          Output:["_col0","_col1","_col2","_col3","_col4","_col5","_col6","_col7","_col8"]
                          Group By Operator [GBY_98] (rows=820780740 width=621)
                            Output:["_col0","_col1","_col2","_col3","_col4","_col5","_col6","_col7","_col9"],aggregations:["sum(VALUE._col0)"],keys:KEY._col0, KEY._col1, KEY._col2, KEY._col3, KEY._col4, KEY._col5, KEY._col6, KEY._col7, KEY._col8
                          <-Reducer 2 [SIMPLE_EDGE]
                            SHUFFLE [RS_22]
                              PartitionCols:_col0, _col1, _col2, _col3, _col4, _col5, _col6, _col7, _col8
                              Group By Operator [GBY_21] (rows=820780740 width=621)
                                Output:["_col0","_col1","_col2","_col3","_col4","_col5","_col6","_col7","_col8","_col9"],aggregations:["sum(_col10)"],keys:_col1, _col2, _col3, _col4, _col6, _col7, _col8, _col9, 0L
                                Merge Join Operator [MERGEJOIN_82] (rows=91197860 width=613)
                                  Conds:RS_84._col0=RS_18._col0(Inner),Output:["_col1","_col2","_col3","_col4","_col6","_col7","_col8","_col9","_col10"]
                                <-Map 1 [SIMPLE_EDGE] vectorized
                                  SHUFFLE [RS_84]
                                    PartitionCols:_col0
                                    Select Operator [SEL_83] (rows=462000 width=393)
                                      Output:["_col0","_col1","_col2","_col3","_col4"]
                                      TableScan [TS_0] (rows=462000 width=393)
                                        default@item,item,Tbl:COMPLETE,Col:COMPLETE,Output:["i_item_sk","i_brand","i_class","i_category","i_product_name"]
                                <-Reducer 8 [SIMPLE_EDGE]
                                  SHUFFLE [RS_18]
                                    PartitionCols:_col0
                                    Select Operator [SEL_16] (rows=91197860 width=228)
                                      Output:["_col0","_col1","_col2","_col3","_col4","_col5"]
                                      Merge Join Operator [MERGEJOIN_81] (rows=91197860 width=228)
                                        Conds:RS_13._col2=RS_97._col0(Inner),Output:["_col1","_col3","_col5","_col6","_col7","_col9"]
                                      <-Map 11 [SIMPLE_EDGE] vectorized
                                        SHUFFLE [RS_97]
                                          PartitionCols:_col0
                                          Select Operator [SEL_96] (rows=1704 width=104)
                                            Output:["_col0","_col1"]
                                            TableScan [TS_8] (rows=1704 width=104)
                                              default@store,store,Tbl:COMPLETE,Col:COMPLETE,Output:["s_store_sk","s_store_id"]
                                      <-Reducer 7 [SIMPLE_EDGE]
                                        SHUFFLE [RS_13]
                                          PartitionCols:_col2
                                          Merge Join Operator [MERGEJOIN_80] (rows=91197860 width=130)
                                            Conds:RS_95._col0=RS_87._col0(Inner),Output:["_col1","_col2","_col3","_col5","_col6","_col7"]
                                          <-Map 9 [SIMPLE_EDGE] vectorized
                                            SHUFFLE [RS_87]
                                              PartitionCols:_col0
                                              Select Operator [SEL_86] (rows=317 width=16)
                                                Output:["_col0","_col1","_col2","_col3"]
                                                Filter Operator [FIL_85] (rows=317 width=20)
                                                  predicate:d_month_seq BETWEEN 1212 AND 1223
                                                  TableScan [TS_5] (rows=73049 width=20)
                                                    default@date_dim,date_dim,Tbl:COMPLETE,Col:COMPLETE,Output:["d_date_sk","d_month_seq","d_year","d_moy","d_qoy"]
                                          <-Map 6 [SIMPLE_EDGE] vectorized
                                            SHUFFLE [RS_95]
                                              PartitionCols:_col0
                                              Select Operator [SEL_94] (rows=525329897 width=123)
                                                Output:["_col0","_col1","_col2","_col3"]
                                                Filter Operator [FIL_93] (rows=525329897 width=122)
                                                  predicate:((ss_sold_date_sk BETWEEN DynamicValue(RS_11_date_dim_d_date_sk_min) AND DynamicValue(RS_11_date_dim_d_date_sk_max) and in_bloom_filter(ss_sold_date_sk, DynamicValue(RS_11_date_dim_d_date_sk_bloom_filter))) and ss_sold_date_sk is not null and ss_store_sk is not null)
                                                  TableScan [TS_2] (rows=575995635 width=122)
                                                    default@store_sales,store_sales,Tbl:COMPLETE,Col:COMPLETE,Output:["ss_sold_date_sk","ss_item_sk","ss_store_sk","ss_quantity","ss_sales_price"]
                                                  <-Reducer 10 [BROADCAST_EDGE] vectorized
                                                    BROADCAST [RS_92]
                                                      Group By Operator [GBY_91] (rows=1 width=12)
                                                        Output:["_col0","_col1","_col2"],aggregations:["min(VALUE._col0)","max(VALUE._col1)","bloom_filter(VALUE._col2, expectedEntries=1000000)"]
                                                      <-Map 9 [CUSTOM_SIMPLE_EDGE] vectorized
                                                        SHUFFLE [RS_90]
                                                          Group By Operator [GBY_89] (rows=1 width=12)
                                                            Output:["_col0","_col1","_col2"],aggregations:["min(_col0)","max(_col0)","bloom_filter(_col0, expectedEntries=1000000)"]
                                                            Select Operator [SEL_88] (rows=317 width=4)
                                                              Output:["_col0"]
                                                               Please refer to the previous Select Operator [SEL_86]

