Warning: Shuffle Join MERGEJOIN[273][tables = [$hdt$_0, $hdt$_1]] in Stage 'Reducer 9' is a cross product
PREHOOK: query: explain
select  promotions,total,cast(promotions as decimal(15,4))/cast(total as decimal(15,4))*100
from
  (select sum(ss_ext_sales_price) promotions
   from  store_sales
        ,store
        ,promotion
        ,date_dim
        ,customer
        ,customer_address 
        ,item
   where ss_sold_date_sk = d_date_sk
   and   ss_store_sk = s_store_sk
   and   ss_promo_sk = p_promo_sk
   and   ss_customer_sk= c_customer_sk
   and   ca_address_sk = c_current_addr_sk
   and   ss_item_sk = i_item_sk 
   and   ca_gmt_offset = -7
   and   i_category = 'Electronics'
   and   (p_channel_dmail = 'Y' or p_channel_email = 'Y' or p_channel_tv = 'Y')
   and   s_gmt_offset = -7
   and   d_year = 1999
   and   d_moy  = 11) promotional_sales,
  (select sum(ss_ext_sales_price) total
   from  store_sales
        ,store
        ,date_dim
        ,customer
        ,customer_address
        ,item
   where ss_sold_date_sk = d_date_sk
   and   ss_store_sk = s_store_sk
   and   ss_customer_sk= c_customer_sk
   and   ca_address_sk = c_current_addr_sk
   and   ss_item_sk = i_item_sk
   and   ca_gmt_offset = -7
   and   i_category = 'Electronics'
   and   s_gmt_offset = -7
   and   d_year = 1999
   and   d_moy  = 11) all_sales
order by promotions, total
limit 100
PREHOOK: type: QUERY
PREHOOK: Input: default@customer
PREHOOK: Input: default@customer_address
PREHOOK: Input: default@date_dim
PREHOOK: Input: default@item
PREHOOK: Input: default@promotion
PREHOOK: Input: default@store
PREHOOK: Input: default@store_sales
PREHOOK: Output: hdfs://### HDFS PATH ###
POSTHOOK: query: explain
select  promotions,total,cast(promotions as decimal(15,4))/cast(total as decimal(15,4))*100
from
  (select sum(ss_ext_sales_price) promotions
   from  store_sales
        ,store
        ,promotion
        ,date_dim
        ,customer
        ,customer_address 
        ,item
   where ss_sold_date_sk = d_date_sk
   and   ss_store_sk = s_store_sk
   and   ss_promo_sk = p_promo_sk
   and   ss_customer_sk= c_customer_sk
   and   ca_address_sk = c_current_addr_sk
   and   ss_item_sk = i_item_sk 
   and   ca_gmt_offset = -7
   and   i_category = 'Electronics'
   and   (p_channel_dmail = 'Y' or p_channel_email = 'Y' or p_channel_tv = 'Y')
   and   s_gmt_offset = -7
   and   d_year = 1999
   and   d_moy  = 11) promotional_sales,
  (select sum(ss_ext_sales_price) total
   from  store_sales
        ,store
        ,date_dim
        ,customer
        ,customer_address
        ,item
   where ss_sold_date_sk = d_date_sk
   and   ss_store_sk = s_store_sk
   and   ss_customer_sk= c_customer_sk
   and   ca_address_sk = c_current_addr_sk
   and   ss_item_sk = i_item_sk
   and   ca_gmt_offset = -7
   and   i_category = 'Electronics'
   and   s_gmt_offset = -7
   and   d_year = 1999
   and   d_moy  = 11) all_sales
order by promotions, total
limit 100
POSTHOOK: type: QUERY
POSTHOOK: Input: default@customer
POSTHOOK: Input: default@customer_address
POSTHOOK: Input: default@date_dim
POSTHOOK: Input: default@item
POSTHOOK: Input: default@promotion
POSTHOOK: Input: default@store
POSTHOOK: Input: default@store_sales
POSTHOOK: Output: hdfs://### HDFS PATH ###
Plan optimized by CBO.

Vertex dependency in root stage
Map 1 <- Reducer 12 (BROADCAST_EDGE), Reducer 19 (BROADCAST_EDGE), Reducer 21 (BROADCAST_EDGE), Reducer 25 (BROADCAST_EDGE), Reducer 29 (BROADCAST_EDGE)
Map 32 <- Reducer 17 (BROADCAST_EDGE), Reducer 23 (BROADCAST_EDGE), Reducer 27 (BROADCAST_EDGE), Reducer 30 (BROADCAST_EDGE)
Reducer 10 <- Reducer 9 (SIMPLE_EDGE)
Reducer 12 <- Map 11 (CUSTOM_SIMPLE_EDGE)
Reducer 13 <- Map 11 (SIMPLE_EDGE), Reducer 22 (SIMPLE_EDGE)
Reducer 14 <- Reducer 13 (SIMPLE_EDGE), Reducer 26 (SIMPLE_EDGE)
Reducer 15 <- Map 28 (SIMPLE_EDGE), Reducer 14 (SIMPLE_EDGE)
Reducer 16 <- Reducer 15 (CUSTOM_SIMPLE_EDGE)
Reducer 17 <- Map 11 (CUSTOM_SIMPLE_EDGE)
Reducer 19 <- Map 18 (CUSTOM_SIMPLE_EDGE)
Reducer 2 <- Map 1 (SIMPLE_EDGE), Map 11 (SIMPLE_EDGE)
Reducer 21 <- Map 20 (CUSTOM_SIMPLE_EDGE)
Reducer 22 <- Map 20 (SIMPLE_EDGE), Map 32 (SIMPLE_EDGE)
Reducer 23 <- Map 20 (CUSTOM_SIMPLE_EDGE)
Reducer 25 <- Map 24 (CUSTOM_SIMPLE_EDGE)
Reducer 26 <- Map 24 (SIMPLE_EDGE), Map 31 (SIMPLE_EDGE)
Reducer 27 <- Reducer 26 (CUSTOM_SIMPLE_EDGE)
Reducer 29 <- Map 28 (CUSTOM_SIMPLE_EDGE)
Reducer 3 <- Map 18 (SIMPLE_EDGE), Reducer 2 (SIMPLE_EDGE)
Reducer 30 <- Map 28 (CUSTOM_SIMPLE_EDGE)
Reducer 4 <- Map 20 (SIMPLE_EDGE), Reducer 3 (SIMPLE_EDGE)
Reducer 5 <- Map 24 (SIMPLE_EDGE), Reducer 4 (SIMPLE_EDGE)
Reducer 6 <- Map 28 (SIMPLE_EDGE), Reducer 5 (SIMPLE_EDGE)
Reducer 7 <- Map 31 (SIMPLE_EDGE), Reducer 6 (SIMPLE_EDGE)
Reducer 8 <- Reducer 7 (CUSTOM_SIMPLE_EDGE)
Reducer 9 <- Reducer 16 (CUSTOM_SIMPLE_EDGE), Reducer 8 (CUSTOM_SIMPLE_EDGE)

Stage-0
  Fetch Operator
    limit:100
    Stage-1
      Reducer 10 vectorized
      File Output Operator [FS_353]
        Limit [LIM_352] (rows=1 width=225)
          Number of rows:100
          Select Operator [SEL_351] (rows=1 width=225)
            Output:["_col0","_col1","_col2"]
          <-Reducer 9 [SIMPLE_EDGE]
            SHUFFLE [RS_90]
              Select Operator [SEL_89] (rows=1 width=225)
                Output:["_col0","_col1","_col2"]
                Merge Join Operator [MERGEJOIN_273] (rows=1 width=225)
                  Conds:(Inner),Output:["_col0","_col1","_col2","_col3"]
                <-Reducer 16 [CUSTOM_SIMPLE_EDGE] vectorized
                  PARTITION_ONLY_SHUFFLE [RS_350]
                    Select Operator [SEL_349] (rows=1 width=112)
                      Output:["_col0","_col1"]
                      Group By Operator [GBY_348] (rows=1 width=112)
                        Output:["_col0"],aggregations:["sum(VALUE._col0)"]
                      <-Reducer 15 [CUSTOM_SIMPLE_EDGE]
                        PARTITION_ONLY_SHUFFLE [RS_83]
                          Group By Operator [GBY_82] (rows=1 width=112)
                            Output:["_col0"],aggregations:["sum(_col1)"]
                            Merge Join Operator [MERGEJOIN_272] (rows=843315281 width=88)
                              Conds:RS_78._col0=RS_319._col0(Inner),Output:["_col1"]
                            <-Map 28 [SIMPLE_EDGE] vectorized
                              SHUFFLE [RS_319]
                                PartitionCols:_col0
                                Select Operator [SEL_316] (rows=231000 width=1436)
                                  Output:["_col0"]
                                  Filter Operator [FIL_315] (rows=231000 width=1436)
                                    predicate:(i_category = 'Electronics')
                                    TableScan [TS_29] (rows=462000 width=1436)
                                      default@item,item,Tbl:COMPLETE,Col:NONE,Output:["i_item_sk","i_category"]
                            <-Reducer 14 [SIMPLE_EDGE]
                              SHUFFLE [RS_78]
                                PartitionCols:_col0
                                Select Operator [SEL_74] (rows=766650239 width=88)
                                  Output:["_col0","_col1"]
                                  Merge Join Operator [MERGEJOIN_271] (rows=766650239 width=88)
                                    Conds:RS_71._col0=RS_72._col1(Inner),Output:["_col3","_col5"]
                                  <-Reducer 26 [SIMPLE_EDGE]
                                    PARTITION_ONLY_SHUFFLE [RS_71]
                                      PartitionCols:_col0
                                      Merge Join Operator [MERGEJOIN_268] (rows=88000001 width=860)
                                        Conds:RS_310._col1=RS_333._col0(Inner),Output:["_col0"]
                                      <-Map 24 [SIMPLE_EDGE] vectorized
                                        SHUFFLE [RS_310]
                                          PartitionCols:_col1
                                          Select Operator [SEL_307] (rows=80000000 width=860)
                                            Output:["_col0","_col1"]
                                            Filter Operator [FIL_306] (rows=80000000 width=860)
                                              predicate:c_current_addr_sk is not null
                                              TableScan [TS_19] (rows=80000000 width=860)
                                                default@customer,customer,Tbl:COMPLETE,Col:NONE,Output:["c_customer_sk","c_current_addr_sk"]
                                      <-Map 31 [SIMPLE_EDGE] vectorized
                                        SHUFFLE [RS_333]
                                          PartitionCols:_col0
                                          Select Operator [SEL_331] (rows=20000000 width=1014)
                                            Output:["_col0"]
                                            Filter Operator [FIL_330] (rows=20000000 width=1014)
                                              predicate:(ca_gmt_offset = -7)
                                              TableScan [TS_32] (rows=40000000 width=1014)
                                                default@customer_address,customer_address,Tbl:COMPLETE,Col:NONE,Output:["ca_address_sk","ca_gmt_offset"]
                                  <-Reducer 13 [SIMPLE_EDGE]
                                    SHUFFLE [RS_72]
                                      PartitionCols:_col1
                                      Select Operator [SEL_67] (rows=696954748 width=88)
                                        Output:["_col0","_col1","_col2"]
                                        Merge Join Operator [MERGEJOIN_270] (rows=696954748 width=88)
                                          Conds:RS_64._col3=RS_278._col0(Inner),Output:["_col1","_col2","_col4"]
                                        <-Map 11 [SIMPLE_EDGE] vectorized
                                          SHUFFLE [RS_278]
                                            PartitionCols:_col0
                                            Select Operator [SEL_275] (rows=852 width=1910)
                                              Output:["_col0"]
                                              Filter Operator [FIL_274] (rows=852 width=1910)
                                                predicate:(s_gmt_offset = -7)
                                                TableScan [TS_3] (rows=1704 width=1910)
                                                  default@store,store,Tbl:COMPLETE,Col:NONE,Output:["s_store_sk","s_gmt_offset"]
                                        <-Reducer 22 [SIMPLE_EDGE]
                                          SHUFFLE [RS_64]
                                            PartitionCols:_col3
                                            Merge Join Operator [MERGEJOIN_269] (rows=633595212 width=88)
                                              Conds:RS_347._col0=RS_298._col0(Inner),Output:["_col1","_col2","_col3","_col4"]
                                            <-Map 20 [SIMPLE_EDGE] vectorized
                                              SHUFFLE [RS_298]
                                                PartitionCols:_col0
                                                Select Operator [SEL_295] (rows=18262 width=1119)
                                                  Output:["_col0"]
                                                  Filter Operator [FIL_294] (rows=18262 width=1119)
                                                    predicate:((d_moy = 11) and (d_year = 1999))
                                                    TableScan [TS_16] (rows=73049 width=1119)
                                                      default@date_dim,date_dim,Tbl:COMPLETE,Col:NONE,Output:["d_date_sk","d_year","d_moy"]
                                            <-Map 32 [SIMPLE_EDGE] vectorized
                                              SHUFFLE [RS_347]
                                                PartitionCols:_col0
                                                Select Operator [SEL_346] (rows=575995635 width=88)
                                                  Output:["_col0","_col1","_col2","_col3","_col4"]
                                                  Filter Operator [FIL_345] (rows=575995635 width=88)
                                                    predicate:((ss_customer_sk BETWEEN DynamicValue(RS_71_customer_c_customer_sk_min) AND DynamicValue(RS_71_customer_c_customer_sk_max) and in_bloom_filter(ss_customer_sk, DynamicValue(RS_71_customer_c_customer_sk_bloom_filter))) and (ss_item_sk BETWEEN DynamicValue(RS_79_item_i_item_sk_min) AND DynamicValue(RS_79_item_i_item_sk_max) and in_bloom_filter(ss_item_sk, DynamicValue(RS_79_item_i_item_sk_bloom_filter))) and (ss_sold_date_sk BETWEEN DynamicValue(RS_62_date_dim_d_date_sk_min) AND DynamicValue(RS_62_date_dim_d_date_sk_max) and in_bloom_filter(ss_sold_date_sk, DynamicValue(RS_62_date_dim_d_date_sk_bloom_filter))) and (ss_store_sk BETWEEN DynamicValue(RS_65_store_s_store_sk_min) AND DynamicValue(RS_65_store_s_store_sk_max) and in_bloom_filter(ss_store_sk, DynamicValue(RS_65_store_s_store_sk_bloom_filter))) and ss_customer_sk is not null and ss_sold_date_sk is not null and ss_store_sk is not null)
                                                    TableScan [TS_52] (rows=575995635 width=88)
                                                      default@store_sales,store_sales,Tbl:COMPLETE,Col:NONE,Output:["ss_sold_date_sk","ss_item_sk","ss_customer_sk","ss_store_sk","ss_ext_sales_price"]
                                                    <-Reducer 17 [BROADCAST_EDGE] vectorized
                                                      BROADCAST [RS_340]
                                                        Group By Operator [GBY_339] (rows=1 width=12)
                                                          Output:["_col0","_col1","_col2"],aggregations:["min(VALUE._col0)","max(VALUE._col1)","bloom_filter(VALUE._col2, expectedEntries=1000000)"]
                                                        <-Map 11 [CUSTOM_SIMPLE_EDGE] vectorized
                                                          SHUFFLE [RS_283]
                                                            Group By Operator [GBY_281] (rows=1 width=12)
                                                              Output:["_col0","_col1","_col2"],aggregations:["min(_col0)","max(_col0)","bloom_filter(_col0, expectedEntries=1000000)"]
                                                              Select Operator [SEL_279] (rows=852 width=1910)
                                                                Output:["_col0"]
                                                                 Please refer to the previous Select Operator [SEL_275]
                                                    <-Reducer 23 [BROADCAST_EDGE] vectorized
                                                      BROADCAST [RS_338]
                                                        Group By Operator [GBY_337] (rows=1 width=12)
                                                          Output:["_col0","_col1","_col2"],aggregations:["min(VALUE._col0)","max(VALUE._col1)","bloom_filter(VALUE._col2, expectedEntries=1000000)"]
                                                        <-Map 20 [CUSTOM_SIMPLE_EDGE] vectorized
                                                          SHUFFLE [RS_303]
                                                            Group By Operator [GBY_301] (rows=1 width=12)
                                                              Output:["_col0","_col1","_col2"],aggregations:["min(_col0)","max(_col0)","bloom_filter(_col0, expectedEntries=1000000)"]
                                                              Select Operator [SEL_299] (rows=18262 width=1119)
                                                                Output:["_col0"]
                                                                 Please refer to the previous Select Operator [SEL_295]
                                                    <-Reducer 27 [BROADCAST_EDGE] vectorized
                                                      BROADCAST [RS_342]
                                                        Group By Operator [GBY_341] (rows=1 width=12)
                                                          Output:["_col0","_col1","_col2"],aggregations:["min(VALUE._col0)","max(VALUE._col1)","bloom_filter(VALUE._col2, expectedEntries=88000000)"]
                                                        <-Reducer 26 [CUSTOM_SIMPLE_EDGE]
                                                          PARTITION_ONLY_SHUFFLE [RS_239]
                                                            Group By Operator [GBY_238] (rows=1 width=12)
                                                              Output:["_col0","_col1","_col2"],aggregations:["min(_col0)","max(_col0)","bloom_filter(_col0, expectedEntries=88000000)"]
                                                              Select Operator [SEL_237] (rows=88000001 width=860)
                                                                Output:["_col0"]
                                                                 Please refer to the previous Merge Join Operator [MERGEJOIN_268]
                                                    <-Reducer 30 [BROADCAST_EDGE] vectorized
                                                      BROADCAST [RS_344]
                                                        Group By Operator [GBY_343] (rows=1 width=12)
                                                          Output:["_col0","_col1","_col2"],aggregations:["min(VALUE._col0)","max(VALUE._col1)","bloom_filter(VALUE._col2, expectedEntries=1000000)"]
                                                        <-Map 28 [CUSTOM_SIMPLE_EDGE] vectorized
                                                          SHUFFLE [RS_324]
                                                            Group By Operator [GBY_322] (rows=1 width=12)
                                                              Output:["_col0","_col1","_col2"],aggregations:["min(_col0)","max(_col0)","bloom_filter(_col0, expectedEntries=1000000)"]
                                                              Select Operator [SEL_320] (rows=231000 width=1436)
                                                                Output:["_col0"]
                                                                 Please refer to the previous Select Operator [SEL_316]
                <-Reducer 8 [CUSTOM_SIMPLE_EDGE] vectorized
                  PARTITION_ONLY_SHUFFLE [RS_336]
                    Select Operator [SEL_335] (rows=1 width=112)
                      Output:["_col0","_col1"]
                      Group By Operator [GBY_334] (rows=1 width=112)
                        Output:["_col0"],aggregations:["sum(VALUE._col0)"]
                      <-Reducer 7 [CUSTOM_SIMPLE_EDGE]
                        PARTITION_ONLY_SHUFFLE [RS_43]
                          Group By Operator [GBY_42] (rows=1 width=112)
                            Output:["_col0"],aggregations:["sum(_col1)"]
                            Merge Join Operator [MERGEJOIN_267] (rows=1020411534 width=88)
                              Conds:RS_38._col2=RS_332._col0(Inner),Output:["_col1"]
                            <-Map 31 [SIMPLE_EDGE] vectorized
                              SHUFFLE [RS_332]
                                PartitionCols:_col0
                                 Please refer to the previous Select Operator [SEL_331]
                            <-Reducer 6 [SIMPLE_EDGE]
                              SHUFFLE [RS_38]
                                PartitionCols:_col2
                                Merge Join Operator [MERGEJOIN_266] (rows=927646829 width=88)
                                  Conds:RS_35._col0=RS_317._col0(Inner),Output:["_col1","_col2"]
                                <-Map 28 [SIMPLE_EDGE] vectorized
                                  SHUFFLE [RS_317]
                                    PartitionCols:_col0
                                     Please refer to the previous Select Operator [SEL_316]
                                <-Reducer 5 [SIMPLE_EDGE]
                                  SHUFFLE [RS_35]
                                    PartitionCols:_col0
                                    Select Operator [SEL_28] (rows=843315281 width=88)
                                      Output:["_col0","_col1","_col2"]
                                      Merge Join Operator [MERGEJOIN_265] (rows=843315281 width=88)
                                        Conds:RS_25._col2=RS_308._col0(Inner),Output:["_col1","_col3","_col6"]
                                      <-Map 24 [SIMPLE_EDGE] vectorized
                                        SHUFFLE [RS_308]
                                          PartitionCols:_col0
                                           Please refer to the previous Select Operator [SEL_307]
                                      <-Reducer 4 [SIMPLE_EDGE]
                                        SHUFFLE [RS_25]
                                          PartitionCols:_col2
                                          Merge Join Operator [MERGEJOIN_264] (rows=766650239 width=88)
                                            Conds:RS_22._col0=RS_296._col0(Inner),Output:["_col1","_col2","_col3"]
                                          <-Map 20 [SIMPLE_EDGE] vectorized
                                            SHUFFLE [RS_296]
                                              PartitionCols:_col0
                                               Please refer to the previous Select Operator [SEL_295]
                                          <-Reducer 3 [SIMPLE_EDGE]
                                            SHUFFLE [RS_22]
                                              PartitionCols:_col0
                                              Select Operator [SEL_15] (rows=696954748 width=88)
                                                Output:["_col0","_col1","_col2","_col3"]
                                                Merge Join Operator [MERGEJOIN_263] (rows=696954748 width=88)
                                                  Conds:RS_12._col4=RS_288._col0(Inner),Output:["_col0","_col1","_col2","_col5"]
                                                <-Map 18 [SIMPLE_EDGE] vectorized
                                                  SHUFFLE [RS_288]
                                                    PartitionCols:_col0
                                                    Select Operator [SEL_287] (rows=2300 width=1179)
                                                      Output:["_col0"]
                                                      Filter Operator [FIL_286] (rows=2300 width=1179)
                                                        predicate:((p_channel_dmail = 'Y') or (p_channel_email = 'Y') or (p_channel_tv = 'Y'))
                                                        TableScan [TS_6] (rows=2300 width=1179)
                                                          default@promotion,promotion,Tbl:COMPLETE,Col:NONE,Output:["p_promo_sk","p_channel_dmail","p_channel_email","p_channel_tv"]
                                                <-Reducer 2 [SIMPLE_EDGE]
                                                  SHUFFLE [RS_12]
                                                    PartitionCols:_col4
                                                    Merge Join Operator [MERGEJOIN_262] (rows=633595212 width=88)
                                                      Conds:RS_329._col3=RS_276._col0(Inner),Output:["_col0","_col1","_col2","_col4","_col5"]
                                                    <-Map 11 [SIMPLE_EDGE] vectorized
                                                      SHUFFLE [RS_276]
                                                        PartitionCols:_col0
                                                         Please refer to the previous Select Operator [SEL_275]
                                                    <-Map 1 [SIMPLE_EDGE] vectorized
                                                      SHUFFLE [RS_329]
                                                        PartitionCols:_col3
                                                        Select Operator [SEL_328] (rows=575995635 width=88)
                                                          Output:["_col0","_col1","_col2","_col3","_col4","_col5"]
                                                          Filter Operator [FIL_327] (rows=575995635 width=88)
                                                            predicate:((ss_customer_sk BETWEEN DynamicValue(RS_26_customer_c_customer_sk_min) AND DynamicValue(RS_26_customer_c_customer_sk_max) and in_bloom_filter(ss_customer_sk, DynamicValue(RS_26_customer_c_customer_sk_bloom_filter))) and (ss_item_sk BETWEEN DynamicValue(RS_36_item_i_item_sk_min) AND DynamicValue(RS_36_item_i_item_sk_max) and in_bloom_filter(ss_item_sk, DynamicValue(RS_36_item_i_item_sk_bloom_filter))) and (ss_promo_sk BETWEEN DynamicValue(RS_13_promotion_p_promo_sk_min) AND DynamicValue(RS_13_promotion_p_promo_sk_max) and in_bloom_filter(ss_promo_sk, DynamicValue(RS_13_promotion_p_promo_sk_bloom_filter))) and (ss_sold_date_sk BETWEEN DynamicValue(RS_23_date_dim_d_date_sk_min) AND DynamicValue(RS_23_date_dim_d_date_sk_max) and in_bloom_filter(ss_sold_date_sk, DynamicValue(RS_23_date_dim_d_date_sk_bloom_filter))) and (ss_store_sk BETWEEN DynamicValue(RS_10_store_s_store_sk_min) AND DynamicValue(RS_10_store_s_store_sk_max) and in_bloom_filter(ss_store_sk, DynamicValue(RS_10_store_s_store_sk_bloom_filter))) and ss_customer_sk is not null and ss_promo_sk is not null and ss_sold_date_sk is not null and ss_store_sk is not null)
                                                            TableScan [TS_0] (rows=575995635 width=88)
                                                              default@store_sales,store_sales,Tbl:COMPLETE,Col:NONE,Output:["ss_sold_date_sk","ss_item_sk","ss_customer_sk","ss_store_sk","ss_promo_sk","ss_ext_sales_price"]
                                                            <-Reducer 12 [BROADCAST_EDGE] vectorized
                                                              BROADCAST [RS_285]
                                                                Group By Operator [GBY_284] (rows=1 width=12)
                                                                  Output:["_col0","_col1","_col2"],aggregations:["min(VALUE._col0)","max(VALUE._col1)","bloom_filter(VALUE._col2, expectedEntries=1000000)"]
                                                                <-Map 11 [CUSTOM_SIMPLE_EDGE] vectorized
                                                                  SHUFFLE [RS_282]
                                                                    Group By Operator [GBY_280] (rows=1 width=12)
                                                                      Output:["_col0","_col1","_col2"],aggregations:["min(_col0)","max(_col0)","bloom_filter(_col0, expectedEntries=1000000)"]
                                                                      Select Operator [SEL_277] (rows=852 width=1910)
                                                                        Output:["_col0"]
                                                                         Please refer to the previous Select Operator [SEL_275]
                                                            <-Reducer 19 [BROADCAST_EDGE] vectorized
                                                              BROADCAST [RS_293]
                                                                Group By Operator [GBY_292] (rows=1 width=12)
                                                                  Output:["_col0","_col1","_col2"],aggregations:["min(VALUE._col0)","max(VALUE._col1)","bloom_filter(VALUE._col2, expectedEntries=1000000)"]
                                                                <-Map 18 [CUSTOM_SIMPLE_EDGE] vectorized
                                                                  SHUFFLE [RS_291]
                                                                    Group By Operator [GBY_290] (rows=1 width=12)
                                                                      Output:["_col0","_col1","_col2"],aggregations:["min(_col0)","max(_col0)","bloom_filter(_col0, expectedEntries=1000000)"]
                                                                      Select Operator [SEL_289] (rows=2300 width=1179)
                                                                        Output:["_col0"]
                                                                         Please refer to the previous Select Operator [SEL_287]
                                                            <-Reducer 21 [BROADCAST_EDGE] vectorized
                                                              BROADCAST [RS_305]
                                                                Group By Operator [GBY_304] (rows=1 width=12)
                                                                  Output:["_col0","_col1","_col2"],aggregations:["min(VALUE._col0)","max(VALUE._col1)","bloom_filter(VALUE._col2, expectedEntries=1000000)"]
                                                                <-Map 20 [CUSTOM_SIMPLE_EDGE] vectorized
                                                                  SHUFFLE [RS_302]
                                                                    Group By Operator [GBY_300] (rows=1 width=12)
                                                                      Output:["_col0","_col1","_col2"],aggregations:["min(_col0)","max(_col0)","bloom_filter(_col0, expectedEntries=1000000)"]
                                                                      Select Operator [SEL_297] (rows=18262 width=1119)
                                                                        Output:["_col0"]
                                                                         Please refer to the previous Select Operator [SEL_295]
                                                            <-Reducer 25 [BROADCAST_EDGE] vectorized
                                                              BROADCAST [RS_314]
                                                                Group By Operator [GBY_313] (rows=1 width=12)
                                                                  Output:["_col0","_col1","_col2"],aggregations:["min(VALUE._col0)","max(VALUE._col1)","bloom_filter(VALUE._col2, expectedEntries=80000000)"]
                                                                <-Map 24 [CUSTOM_SIMPLE_EDGE] vectorized
                                                                  SHUFFLE [RS_312]
                                                                    Group By Operator [GBY_311] (rows=1 width=12)
                                                                      Output:["_col0","_col1","_col2"],aggregations:["min(_col0)","max(_col0)","bloom_filter(_col0, expectedEntries=80000000)"]
                                                                      Select Operator [SEL_309] (rows=80000000 width=860)
                                                                        Output:["_col0"]
                                                                         Please refer to the previous Select Operator [SEL_307]
                                                            <-Reducer 29 [BROADCAST_EDGE] vectorized
                                                              BROADCAST [RS_326]
                                                                Group By Operator [GBY_325] (rows=1 width=12)
                                                                  Output:["_col0","_col1","_col2"],aggregations:["min(VALUE._col0)","max(VALUE._col1)","bloom_filter(VALUE._col2, expectedEntries=1000000)"]
                                                                <-Map 28 [CUSTOM_SIMPLE_EDGE] vectorized
                                                                  SHUFFLE [RS_323]
                                                                    Group By Operator [GBY_321] (rows=1 width=12)
                                                                      Output:["_col0","_col1","_col2"],aggregations:["min(_col0)","max(_col0)","bloom_filter(_col0, expectedEntries=1000000)"]
                                                                      Select Operator [SEL_318] (rows=231000 width=1436)
                                                                        Output:["_col0"]
                                                                         Please refer to the previous Select Operator [SEL_316]

