PREHOOK: query: explain
select case when (select count(*) 
                  from store_sales 
                  where ss_quantity between 1 and 20) > 409437
            then (select avg(ss_ext_list_price) 
                  from store_sales 
                  where ss_quantity between 1 and 20) 
            else (select avg(ss_net_paid_inc_tax)
                  from store_sales
                  where ss_quantity between 1 and 20) end bucket1 ,
       case when (select count(*)
                  from store_sales
                  where ss_quantity between 21 and 40) > 4595804
            then (select avg(ss_ext_list_price)
                  from store_sales
                  where ss_quantity between 21 and 40) 
            else (select avg(ss_net_paid_inc_tax)
                  from store_sales
                  where ss_quantity between 21 and 40) end bucket2,
       case when (select count(*)
                  from store_sales
                  where ss_quantity between 41 and 60) > 7887297
            then (select avg(ss_ext_list_price)
                  from store_sales
                  where ss_quantity between 41 and 60)
            else (select avg(ss_net_paid_inc_tax)
                  from store_sales
                  where ss_quantity between 41 and 60) end bucket3,
       case when (select count(*)
                  from store_sales
                  where ss_quantity between 61 and 80) > 10872978
            then (select avg(ss_ext_list_price)
                  from store_sales
                  where ss_quantity between 61 and 80)
            else (select avg(ss_net_paid_inc_tax)
                  from store_sales
                  where ss_quantity between 61 and 80) end bucket4,
       case when (select count(*)
                  from store_sales
                  where ss_quantity between 81 and 100) > 43571537
            then (select avg(ss_ext_list_price)
                  from store_sales
                  where ss_quantity between 81 and 100)
            else (select avg(ss_net_paid_inc_tax)
                  from store_sales
                  where ss_quantity between 81 and 100) end bucket5
from reason
where r_reason_sk = 1
PREHOOK: type: QUERY
POSTHOOK: query: explain
select case when (select count(*) 
                  from store_sales 
                  where ss_quantity between 1 and 20) > 409437
            then (select avg(ss_ext_list_price) 
                  from store_sales 
                  where ss_quantity between 1 and 20) 
            else (select avg(ss_net_paid_inc_tax)
                  from store_sales
                  where ss_quantity between 1 and 20) end bucket1 ,
       case when (select count(*)
                  from store_sales
                  where ss_quantity between 21 and 40) > 4595804
            then (select avg(ss_ext_list_price)
                  from store_sales
                  where ss_quantity between 21 and 40) 
            else (select avg(ss_net_paid_inc_tax)
                  from store_sales
                  where ss_quantity between 21 and 40) end bucket2,
       case when (select count(*)
                  from store_sales
                  where ss_quantity between 41 and 60) > 7887297
            then (select avg(ss_ext_list_price)
                  from store_sales
                  where ss_quantity between 41 and 60)
            else (select avg(ss_net_paid_inc_tax)
                  from store_sales
                  where ss_quantity between 41 and 60) end bucket3,
       case when (select count(*)
                  from store_sales
                  where ss_quantity between 61 and 80) > 10872978
            then (select avg(ss_ext_list_price)
                  from store_sales
                  where ss_quantity between 61 and 80)
            else (select avg(ss_net_paid_inc_tax)
                  from store_sales
                  where ss_quantity between 61 and 80) end bucket4,
       case when (select count(*)
                  from store_sales
                  where ss_quantity between 81 and 100) > 43571537
            then (select avg(ss_ext_list_price)
                  from store_sales
                  where ss_quantity between 81 and 100)
            else (select avg(ss_net_paid_inc_tax)
                  from store_sales
                  where ss_quantity between 81 and 100) end bucket5
from reason
where r_reason_sk = 1
POSTHOOK: type: QUERY
Plan optimized by CBO.

Vertex dependency in root stage
Reducer 10 <- Map 29 (CUSTOM_SIMPLE_EDGE), Reducer 9 (CUSTOM_SIMPLE_EDGE)
Reducer 11 <- Map 17 (CUSTOM_SIMPLE_EDGE), Reducer 10 (CUSTOM_SIMPLE_EDGE)
Reducer 12 <- Map 23 (CUSTOM_SIMPLE_EDGE), Reducer 11 (CUSTOM_SIMPLE_EDGE)
Reducer 13 <- Map 29 (CUSTOM_SIMPLE_EDGE), Reducer 12 (CUSTOM_SIMPLE_EDGE)
Reducer 14 <- Map 17 (CUSTOM_SIMPLE_EDGE), Reducer 13 (CUSTOM_SIMPLE_EDGE)
Reducer 15 <- Map 23 (CUSTOM_SIMPLE_EDGE), Reducer 14 (CUSTOM_SIMPLE_EDGE)
Reducer 16 <- Map 29 (CUSTOM_SIMPLE_EDGE), Reducer 15 (CUSTOM_SIMPLE_EDGE)
Reducer 2 <- Map 1 (CUSTOM_SIMPLE_EDGE), Map 17 (CUSTOM_SIMPLE_EDGE)
Reducer 3 <- Map 23 (CUSTOM_SIMPLE_EDGE), Reducer 2 (CUSTOM_SIMPLE_EDGE)
Reducer 4 <- Map 29 (CUSTOM_SIMPLE_EDGE), Reducer 3 (CUSTOM_SIMPLE_EDGE)
Reducer 5 <- Map 17 (CUSTOM_SIMPLE_EDGE), Reducer 4 (CUSTOM_SIMPLE_EDGE)
Reducer 6 <- Map 23 (CUSTOM_SIMPLE_EDGE), Reducer 5 (CUSTOM_SIMPLE_EDGE)
Reducer 7 <- Map 29 (CUSTOM_SIMPLE_EDGE), Reducer 6 (CUSTOM_SIMPLE_EDGE)
Reducer 8 <- Map 17 (CUSTOM_SIMPLE_EDGE), Reducer 7 (CUSTOM_SIMPLE_EDGE)
Reducer 9 <- Map 23 (CUSTOM_SIMPLE_EDGE), Reducer 8 (CUSTOM_SIMPLE_EDGE)

Stage-0
  Fetch Operator
    limit:-1
    Stage-1
      Reducer 16
      File Output Operator [FS_154]
        Select Operator [SEL_153] (rows=36 width=3135)
          Output:["_col0","_col1","_col2","_col3","_col4"]
          Merge Join Operator [MERGEJOIN_213] (rows=36 width=3135)
            Conds:(Left Outer),Output:["_col1","_col2","_col3","_col4","_col5","_col6","_col7","_col8","_col9","_col10","_col11","_col12","_col13","_col14","_col15"]
          <-Select Operator [SEL_214]
              Output:["_col1","_col2","_col3","_col4","_col5","_col6","_col7","_col8","_col9","_col10","_col11","_col12","_col13","_col14"]
            <-Map 29 [CUSTOM_SIMPLE_EDGE]
              PARTITION_ONLY_SHUFFLE [RS_105]
                Group By Operator [GBY_104] (rows=1 width=288)
                  Output:["_col0"],aggregations:["avg(ss_net_paid_inc_tax)"]
                  Select Operator [SEL_103] (rows=63999515 width=88)
                    Output:["ss_net_paid_inc_tax"]
                    Filter Operator [FIL_170] (rows=63999515 width=88)
                      predicate:ss_quantity BETWEEN 81 AND 100
                      TableScan [TS_17] (rows=575995635 width=88)
                        default@store_sales,store_sales,Tbl:COMPLETE,Col:NONE,Output:["ss_quantity","ss_net_paid_inc_tax"]
            <-Reducer 15 [CUSTOM_SIMPLE_EDGE]
              PARTITION_ONLY_SHUFFLE [RS_150]
                Merge Join Operator [MERGEJOIN_210] (rows=36 width=2846)
                  Conds:(Left Outer),Output:["_col1","_col2","_col3","_col4","_col5","_col6","_col7","_col8","_col9","_col10","_col11","_col12","_col13","_col14"]
                <-Select Operator [SEL_211]
                    Output:["_col1","_col2","_col3","_col4","_col5","_col6","_col7","_col8","_col9","_col10","_col11","_col12","_col13"]
                  <-Map 23 [CUSTOM_SIMPLE_EDGE]
                    PARTITION_ONLY_SHUFFLE [RS_98]
                      Group By Operator [GBY_97] (rows=1 width=288)
                        Output:["_col0"],aggregations:["avg(ss_ext_list_price)"]
                        Select Operator [SEL_96] (rows=63999515 width=88)
                          Output:["ss_ext_list_price"]
                          Filter Operator [FIL_169] (rows=63999515 width=88)
                            predicate:ss_quantity BETWEEN 81 AND 100
                            TableScan [TS_10] (rows=575995635 width=88)
                              default@store_sales,store_sales,Tbl:COMPLETE,Col:NONE,Output:["ss_quantity","ss_ext_list_price"]
                  <-Reducer 14 [CUSTOM_SIMPLE_EDGE]
                    PARTITION_ONLY_SHUFFLE [RS_147]
                      Merge Join Operator [MERGEJOIN_207] (rows=36 width=2557)
                        Conds:(Left Outer),Output:["_col1","_col2","_col3","_col4","_col5","_col6","_col7","_col8","_col9","_col10","_col11","_col12","_col13"]
                      <-Select Operator [SEL_208]
                          Output:["_col1","_col2","_col3","_col4","_col5","_col6","_col7","_col8","_col9","_col10","_col11","_col12"]
                        <-Map 17 [CUSTOM_SIMPLE_EDGE]
                          PARTITION_ONLY_SHUFFLE [RS_91]
                            Group By Operator [GBY_90] (rows=1 width=8)
                              Output:["_col0"],aggregations:["count()"]
                              Select Operator [SEL_89] (rows=63999515 width=88)
                                Filter Operator [FIL_168] (rows=63999515 width=88)
                                  predicate:ss_quantity BETWEEN 81 AND 100
                                  TableScan [TS_3] (rows=575995635 width=88)
                                    default@store_sales,store_sales,Tbl:COMPLETE,Col:NONE,Output:["ss_quantity"]
                        <-Reducer 13 [CUSTOM_SIMPLE_EDGE]
                          PARTITION_ONLY_SHUFFLE [RS_144]
                            Merge Join Operator [MERGEJOIN_204] (rows=36 width=2548)
                              Conds:(Left Outer),Output:["_col1","_col2","_col3","_col4","_col5","_col6","_col7","_col8","_col9","_col10","_col11","_col12"]
                            <-Select Operator [SEL_205]
                                Output:["_col1","_col2","_col3","_col4","_col5","_col6","_col7","_col8","_col9","_col10","_col11"]
                              <-Map 29 [CUSTOM_SIMPLE_EDGE]
                                PARTITION_ONLY_SHUFFLE [RS_84]
                                  Group By Operator [GBY_83] (rows=1 width=288)
                                    Output:["_col0"],aggregations:["avg(ss_net_paid_inc_tax)"]
                                    Select Operator [SEL_82] (rows=63999515 width=88)
                                      Output:["ss_net_paid_inc_tax"]
                                      Filter Operator [FIL_167] (rows=63999515 width=88)
                                        predicate:ss_quantity BETWEEN 61 AND 80
                                         Please refer to the previous TableScan [TS_17]
                              <-Reducer 12 [CUSTOM_SIMPLE_EDGE]
                                PARTITION_ONLY_SHUFFLE [RS_141]
                                  Merge Join Operator [MERGEJOIN_201] (rows=36 width=2259)
                                    Conds:(Left Outer),Output:["_col1","_col2","_col3","_col4","_col5","_col6","_col7","_col8","_col9","_col10","_col11"]
                                  <-Select Operator [SEL_202]
                                      Output:["_col1","_col2","_col3","_col4","_col5","_col6","_col7","_col8","_col9","_col10"]
                                    <-Map 23 [CUSTOM_SIMPLE_EDGE]
                                      PARTITION_ONLY_SHUFFLE [RS_77]
                                        Group By Operator [GBY_76] (rows=1 width=288)
                                          Output:["_col0"],aggregations:["avg(ss_ext_list_price)"]
                                          Select Operator [SEL_75] (rows=63999515 width=88)
                                            Output:["ss_ext_list_price"]
                                            Filter Operator [FIL_166] (rows=63999515 width=88)
                                              predicate:ss_quantity BETWEEN 61 AND 80
                                               Please refer to the previous TableScan [TS_10]
                                    <-Reducer 11 [CUSTOM_SIMPLE_EDGE]
                                      PARTITION_ONLY_SHUFFLE [RS_138]
                                        Merge Join Operator [MERGEJOIN_198] (rows=36 width=1970)
                                          Conds:(Left Outer),Output:["_col1","_col2","_col3","_col4","_col5","_col6","_col7","_col8","_col9","_col10"]
                                        <-Select Operator [SEL_199]
                                            Output:["_col1","_col2","_col3","_col4","_col5","_col6","_col7","_col8","_col9"]
                                          <-Map 17 [CUSTOM_SIMPLE_EDGE]
                                            PARTITION_ONLY_SHUFFLE [RS_70]
                                              Group By Operator [GBY_69] (rows=1 width=8)
                                                Output:["_col0"],aggregations:["count()"]
                                                Select Operator [SEL_68] (rows=63999515 width=88)
                                                  Filter Operator [FIL_165] (rows=63999515 width=88)
                                                    predicate:ss_quantity BETWEEN 61 AND 80
                                                     Please refer to the previous TableScan [TS_3]
                                          <-Reducer 10 [CUSTOM_SIMPLE_EDGE]
                                            PARTITION_ONLY_SHUFFLE [RS_135]
                                              Merge Join Operator [MERGEJOIN_195] (rows=36 width=1961)
                                                Conds:(Left Outer),Output:["_col1","_col2","_col3","_col4","_col5","_col6","_col7","_col8","_col9"]
                                              <-Select Operator [SEL_196]
                                                  Output:["_col1","_col2","_col3","_col4","_col5","_col6","_col7","_col8"]
                                                <-Map 29 [CUSTOM_SIMPLE_EDGE]
                                                  PARTITION_ONLY_SHUFFLE [RS_63]
                                                    Group By Operator [GBY_62] (rows=1 width=288)
                                                      Output:["_col0"],aggregations:["avg(ss_net_paid_inc_tax)"]
                                                      Select Operator [SEL_61] (rows=63999515 width=88)
                                                        Output:["ss_net_paid_inc_tax"]
                                                        Filter Operator [FIL_164] (rows=63999515 width=88)
                                                          predicate:ss_quantity BETWEEN 41 AND 60
                                                           Please refer to the previous TableScan [TS_17]
                                                <-Reducer 9 [CUSTOM_SIMPLE_EDGE]
                                                  PARTITION_ONLY_SHUFFLE [RS_132]
                                                    Merge Join Operator [MERGEJOIN_192] (rows=36 width=1672)
                                                      Conds:(Left Outer),Output:["_col1","_col2","_col3","_col4","_col5","_col6","_col7","_col8"]
                                                    <-Select Operator [SEL_193]
                                                        Output:["_col1","_col2","_col3","_col4","_col5","_col6","_col7"]
                                                      <-Map 23 [CUSTOM_SIMPLE_EDGE]
                                                        PARTITION_ONLY_SHUFFLE [RS_56]
                                                          Group By Operator [GBY_55] (rows=1 width=288)
                                                            Output:["_col0"],aggregations:["avg(ss_ext_list_price)"]
                                                            Select Operator [SEL_54] (rows=63999515 width=88)
                                                              Output:["ss_ext_list_price"]
                                                              Filter Operator [FIL_163] (rows=63999515 width=88)
                                                                predicate:ss_quantity BETWEEN 41 AND 60
                                                                 Please refer to the previous TableScan [TS_10]
                                                      <-Reducer 8 [CUSTOM_SIMPLE_EDGE]
                                                        PARTITION_ONLY_SHUFFLE [RS_129]
                                                          Merge Join Operator [MERGEJOIN_189] (rows=36 width=1383)
                                                            Conds:(Left Outer),Output:["_col1","_col2","_col3","_col4","_col5","_col6","_col7"]
                                                          <-Select Operator [SEL_190]
                                                              Output:["_col1","_col2","_col3","_col4","_col5","_col6"]
                                                            <-Map 17 [CUSTOM_SIMPLE_EDGE]
                                                              PARTITION_ONLY_SHUFFLE [RS_49]
                                                                Group By Operator [GBY_48] (rows=1 width=8)
                                                                  Output:["_col0"],aggregations:["count()"]
                                                                  Select Operator [SEL_47] (rows=63999515 width=88)
                                                                    Filter Operator [FIL_162] (rows=63999515 width=88)
                                                                      predicate:ss_quantity BETWEEN 41 AND 60
                                                                       Please refer to the previous TableScan [TS_3]
                                                            <-Reducer 7 [CUSTOM_SIMPLE_EDGE]
                                                              PARTITION_ONLY_SHUFFLE [RS_126]
                                                                Merge Join Operator [MERGEJOIN_186] (rows=36 width=1374)
                                                                  Conds:(Left Outer),Output:["_col1","_col2","_col3","_col4","_col5","_col6"]
                                                                <-Select Operator [SEL_187]
                                                                    Output:["_col1","_col2","_col3","_col4","_col5"]
                                                                  <-Map 29 [CUSTOM_SIMPLE_EDGE]
                                                                    PARTITION_ONLY_SHUFFLE [RS_42]
                                                                      Group By Operator [GBY_41] (rows=1 width=288)
                                                                        Output:["_col0"],aggregations:["avg(ss_net_paid_inc_tax)"]
                                                                        Select Operator [SEL_40] (rows=63999515 width=88)
                                                                          Output:["ss_net_paid_inc_tax"]
                                                                          Filter Operator [FIL_161] (rows=63999515 width=88)
                                                                            predicate:ss_quantity BETWEEN 21 AND 40
                                                                             Please refer to the previous TableScan [TS_17]
                                                                  <-Reducer 6 [CUSTOM_SIMPLE_EDGE]
                                                                    PARTITION_ONLY_SHUFFLE [RS_123]
                                                                      Merge Join Operator [MERGEJOIN_183] (rows=36 width=1085)
                                                                        Conds:(Left Outer),Output:["_col1","_col2","_col3","_col4","_col5"]
                                                                      <-Select Operator [SEL_184]
                                                                          Output:["_col1","_col2","_col3","_col4"]
                                                                        <-Map 23 [CUSTOM_SIMPLE_EDGE]
                                                                          PARTITION_ONLY_SHUFFLE [RS_35]
                                                                            Group By Operator [GBY_34] (rows=1 width=288)
                                                                              Output:["_col0"],aggregations:["avg(ss_ext_list_price)"]
                                                                              Select Operator [SEL_33] (rows=63999515 width=88)
                                                                                Output:["ss_ext_list_price"]
                                                                                Filter Operator [FIL_160] (rows=63999515 width=88)
                                                                                  predicate:ss_quantity BETWEEN 21 AND 40
                                                                                   Please refer to the previous TableScan [TS_10]
                                                                        <-Reducer 5 [CUSTOM_SIMPLE_EDGE]
                                                                          PARTITION_ONLY_SHUFFLE [RS_120]
                                                                            Merge Join Operator [MERGEJOIN_180] (rows=36 width=796)
                                                                              Conds:(Left Outer),Output:["_col1","_col2","_col3","_col4"]
                                                                            <-Select Operator [SEL_181]
                                                                                Output:["_col1","_col2","_col3"]
                                                                              <-Map 17 [CUSTOM_SIMPLE_EDGE]
                                                                                PARTITION_ONLY_SHUFFLE [RS_28]
                                                                                  Group By Operator [GBY_27] (rows=1 width=8)
                                                                                    Output:["_col0"],aggregations:["count()"]
                                                                                    Select Operator [SEL_26] (rows=63999515 width=88)
                                                                                      Filter Operator [FIL_159] (rows=63999515 width=88)
                                                                                        predicate:ss_quantity BETWEEN 21 AND 40
                                                                                         Please refer to the previous TableScan [TS_3]
                                                                              <-Reducer 4 [CUSTOM_SIMPLE_EDGE]
                                                                                PARTITION_ONLY_SHUFFLE [RS_117]
                                                                                  Merge Join Operator [MERGEJOIN_177] (rows=36 width=787)
                                                                                    Conds:(Left Outer),Output:["_col1","_col2","_col3"]
                                                                                  <-Select Operator [SEL_178]
                                                                                      Output:["_col1","_col2"]
                                                                                    <-Map 29 [CUSTOM_SIMPLE_EDGE]
                                                                                      PARTITION_ONLY_SHUFFLE [RS_21]
                                                                                        Group By Operator [GBY_20] (rows=1 width=288)
                                                                                          Output:["_col0"],aggregations:["avg(ss_net_paid_inc_tax)"]
                                                                                          Select Operator [SEL_19] (rows=63999515 width=88)
                                                                                            Output:["ss_net_paid_inc_tax"]
                                                                                            Filter Operator [FIL_158] (rows=63999515 width=88)
                                                                                              predicate:ss_quantity BETWEEN 1 AND 20
                                                                                               Please refer to the previous TableScan [TS_17]
                                                                                    <-Reducer 3 [CUSTOM_SIMPLE_EDGE]
                                                                                      PARTITION_ONLY_SHUFFLE [RS_114]
                                                                                        Merge Join Operator [MERGEJOIN_174] (rows=36 width=498)
                                                                                          Conds:(Left Outer),Output:["_col1","_col2"]
                                                                                        <-Select Operator [SEL_175]
                                                                                            Output:["_col1"]
                                                                                          <-Map 23 [CUSTOM_SIMPLE_EDGE]
                                                                                            PARTITION_ONLY_SHUFFLE [RS_14]
                                                                                              Group By Operator [GBY_13] (rows=1 width=288)
                                                                                                Output:["_col0"],aggregations:["avg(ss_ext_list_price)"]
                                                                                                Select Operator [SEL_12] (rows=63999515 width=88)
                                                                                                  Output:["ss_ext_list_price"]
                                                                                                  Filter Operator [FIL_157] (rows=63999515 width=88)
                                                                                                    predicate:ss_quantity BETWEEN 1 AND 20
                                                                                                     Please refer to the previous TableScan [TS_10]
                                                                                          <-Reducer 2 [CUSTOM_SIMPLE_EDGE]
                                                                                            PARTITION_ONLY_SHUFFLE [RS_111]
                                                                                              Merge Join Operator [MERGEJOIN_171] (rows=36 width=209)
                                                                                                Conds:(Left Outer),Output:["_col1"]
                                                                                              <-Select Operator [SEL_172]
                                                                                                <-Map 17 [CUSTOM_SIMPLE_EDGE]
                                                                                                  PARTITION_ONLY_SHUFFLE [RS_7]
                                                                                                    Group By Operator [GBY_6] (rows=1 width=8)
                                                                                                      Output:["_col0"],aggregations:["count()"]
                                                                                                      Select Operator [SEL_5] (rows=63999515 width=88)
                                                                                                        Filter Operator [FIL_156] (rows=63999515 width=88)
                                                                                                          predicate:ss_quantity BETWEEN 1 AND 20
                                                                                                           Please refer to the previous TableScan [TS_3]
                                                                                                <-Map 1 [CUSTOM_SIMPLE_EDGE]
                                                                                                  PARTITION_ONLY_SHUFFLE [RS_108]
                                                                                                    Select Operator [SEL_2] (rows=36 width=200)
                                                                                                      Filter Operator [FIL_155] (rows=36 width=200)
                                                                                                        predicate:(r_reason_sk = 1)
                                                                                                        TableScan [TS_0] (rows=72 width=200)
                                                                                                          default@reason,reason,Tbl:COMPLETE,Col:NONE,Output:["r_reason_sk"]

